<html>
<body>
<pre>
<h1>µVision Build Log</h1>
<h2>Tool Versions:</h2>
IDE-Version: µVision V5.13.0.0
Copyright (C) 2014 ARM Ltd and ARM Germany GmbH. All rights reserved.
License Information: sridhar srirangam, student, LIC=----
 
Tool Versions:
Toolchain:       MDK-Lite  Version: 5.13.0.0
Toolchain Path:  C:\Keil_v5\ARM\ARMCC\Bin
C Compiler:      Armcc.exe V5.05 update 1 (build 106)
Assembler:       Armasm.exe V5.05 update 1 (build 106)
Linker/Locator:  ArmLink.exe V5.05 update 1 (build 106)
Library Manager: ArmAr.exe V5.05 update 1 (build 106)
Hex Converter:   FromElf.exe V5.05 update 1 (build 106)
CPU DLL:         SARMCM3.DLL V5.13.0.0
Dialog DLL:      DARMCM1.DLL V1.12.0.0
Target DLL:      CMSIS_AGDI.dll V1.20.8.0
Dialog DLL:      TARMCM1.DLL V1.9.0.0
 
<h2>Project:</h2>
C:\Freescale\Freescale_TSS_3_1\examples\FRDMKLXX_DEMO\build\uv4\FRDMKL25Z_DEMO\FRDMKL25Z_DEMO.uvprojx
Project File Date:  01/21/2015

<h2>Output:</h2>
Build target 'FRDMKL25Z_DEMO'
compiling main.c...
..\..\..\src\MKL25Z4s.h(56): warning:  #47-D: incompatible redefinition of macro "MCU_MEM_MAP_VERSION_MINOR" (declared at line 60 of "..\..\..\src\frdmkl25z48m\MKL25Z4.h")
  #define MCU_MEM_MAP_VERSION_MINOR 0x0004u
..\..\..\src\MKL25Z4s.h(461): warning:  #47-D: incompatible redefinition of macro "CMP_MUXCR_PSTM_MASK" (declared at line 698 of "..\..\..\src\frdmkl25z48m\MKL25Z4.h")
  #define CMP_MUXCR_PSTM_MASK                      0x80u
..\..\..\src\MKL25Z4s.h(462): warning:  #47-D: incompatible redefinition of macro "CMP_MUXCR_PSTM_SHIFT" (declared at line 699 of "..\..\..\src\frdmkl25z48m\MKL25Z4.h")
  #define CMP_MUXCR_PSTM_SHIFT                     7
..\..\..\src\MKL25Z4s.h(1875): warning:  #47-D: incompatible redefinition of macro "MTB_BASE" (declared at line 2910 of "..\..\..\src\frdmkl25z48m\MKL25Z4.h")
  #define MTB_BASE                                 (0xF0000000u)
..\..\..\src\MKL25Z4s.h(4146): warning:  #47-D: incompatible redefinition of macro "DMA_REQC_ARR_DMAC_MASK" (declared at line 1032 of "..\..\..\src\frdmkl25z48m\MKL25Z4.h")
  #define DMA_REQC_ARR_DMAC_MASK                   This_symbol_has_been_deprecated
..\..\..\src\MKL25Z4s.h(4147): warning:  #47-D: incompatible redefinition of macro "DMA_REQC_ARR_DMAC_SHIFT" (declared at line 1033 of "..\..\..\src\frdmkl25z48m\MKL25Z4.h")
  #define DMA_REQC_ARR_DMAC_SHIFT                  This_symbol_has_been_deprecated
..\..\..\src\MKL25Z4s.h(4148): warning:  #47-D: incompatible redefinition of macro "DMA_REQC_ARR_DMAC" (declared at line 1034 of "..\..\..\src\frdmkl25z48m\MKL25Z4.h")
  #define DMA_REQC_ARR_DMAC(x)                     This_symbol_has_been_deprecated
..\..\..\src\MKL25Z4s.h(4149): warning:  #47-D: incompatible redefinition of macro "DMA_REQC_ARR_CFSM_MASK" (declared at line 1035 of "..\..\..\src\frdmkl25z48m\MKL25Z4.h")
  #define DMA_REQC_ARR_CFSM_MASK                   This_symbol_has_been_deprecated
..\..\..\src\MKL25Z4s.h(4150): warning:  #47-D: incompatible redefinition of macro "DMA_REQC_ARR_CFSM_SHIFT" (declared at line 1036 of "..\..\..\src\frdmkl25z48m\MKL25Z4.h")
  #define DMA_REQC_ARR_CFSM_SHIFT                  This_symbol_has_been_deprecated
..\..\..\src\MKL25Z4s.h(4151): warning:  #47-D: incompatible redefinition of macro "DMA_REQC0" (declared at line 1125 of "..\..\..\src\frdmkl25z48m\MKL25Z4.h")
  #define DMA_REQC0                                This_symbol_has_been_deprecated
..\..\..\src\MKL25Z4s.h(4152): warning:  #47-D: incompatible redefinition of macro "DMA_REQC1" (declared at line 1126 of "..\..\..\src\frdmkl25z48m\MKL25Z4.h")
  #define DMA_REQC1                                This_symbol_has_been_deprecated
..\..\..\src\MKL25Z4s.h(4153): warning:  #47-D: incompatible redefinition of macro "DMA_REQC2" (declared at line 1127 of "..\..\..\src\frdmkl25z48m\MKL25Z4.h")
  #define DMA_REQC2                                This_symbol_has_been_deprecated
..\..\..\src\MKL25Z4s.h(4154): warning:  #47-D: incompatible redefinition of macro "DMA_REQC3" (declared at line 1128 of "..\..\..\src\frdmkl25z48m\MKL25Z4.h")
  #define DMA_REQC3                                This_symbol_has_been_deprecated
..\..\..\src\MKL25Z4s.h(4157): warning:  #47-D: incompatible redefinition of macro "SIM_FCFG2_MAXADDR_MASK" (declared at line 5090 of "..\..\..\src\frdmkl25z48m\MKL25Z4.h")
  #define SIM_FCFG2_MAXADDR_MASK                   SIM_FCFG2_MAXADDR0_MASK
..\..\..\src\MKL25Z4s.h(4158): warning:  #47-D: incompatible redefinition of macro "SIM_FCFG2_MAXADDR_SHIFT" (declared at line 5091 of "..\..\..\src\frdmkl25z48m\MKL25Z4.h")
  #define SIM_FCFG2_MAXADDR_SHIFT                  SIM_FCFG2_MAXADDR0_SHIFT
..\..\..\src\MKL25Z4s.h(4159): warning:  #47-D: incompatible redefinition of macro "SIM_FCFG2_MAXADDR" (declared at line 5092 of "..\..\..\src\frdmkl25z48m\MKL25Z4.h")
  #define SIM_FCFG2_MAXADDR                        SIM_FCFG2_MAXADDR0
..\..\..\src\MKL25Z4s.h(4160): warning:  #47-D: incompatible redefinition of macro "SPI_C2_SPLPIE_MASK" (declared at line 5369 of "..\..\..\src\frdmkl25z48m\MKL25Z4.h")
  #define SPI_C2_SPLPIE_MASK                       This_symbol_has_been_deprecated
..\..\..\src\MKL25Z4s.h(4161): warning:  #47-D: incompatible redefinition of macro "SPI_C2_SPLPIE_SHIFT" (declared at line 5370 of "..\..\..\src\frdmkl25z48m\MKL25Z4.h")
  #define SPI_C2_SPLPIE_SHIFT                      This_symbol_has_been_deprecated
..\..\..\src\MKL25Z4s.h(4162): warning:  #47-D: incompatible redefinition of macro "UART_C4_LBKDDMAS_MASK" (declared at line 6083 of "..\..\..\src\frdmkl25z48m\MKL25Z4.h")
  #define UART_C4_LBKDDMAS_MASK                    This_symbol_has_been_deprecated
..\..\..\src\MKL25Z4s.h(4163): warning:  #47-D: incompatible redefinition of macro "UART_C4_LBKDDMAS_SHIFT" (declared at line 6084 of "..\..\..\src\frdmkl25z48m\MKL25Z4.h")
  #define UART_C4_LBKDDMAS_SHIFT                   This_symbol_has_been_deprecated
..\..\..\src\MKL25Z4s.h(4164): warning:  #47-D: incompatible redefinition of macro "UART_C4_ILDMAS_MASK" (declared at line 6085 of "..\..\..\src\frdmkl25z48m\MKL25Z4.h")
  #define UART_C4_ILDMAS_MASK                      This_symbol_has_been_deprecated
..\..\..\src\MKL25Z4s.h(4165): warning:  #47-D: incompatible redefinition of macro "UART_C4_ILDMAS_SHIFT" (declared at line 6086 of "..\..\..\src\frdmkl25z48m\MKL25Z4.h")
  #define UART_C4_ILDMAS_SHIFT                     This_symbol_has_been_deprecated
..\..\..\src\MKL25Z4s.h(4166): warning:  #47-D: incompatible redefinition of macro "UART_C4_TCDMAS_MASK" (declared at line 6089 of "..\..\..\src\frdmkl25z48m\MKL25Z4.h")
  #define UART_C4_TCDMAS_MASK                      This_symbol_has_been_deprecated
..\..\..\src\MKL25Z4s.h(4167): warning:  #47-D: incompatible redefinition of macro "UART_C4_TCDMAS_SHIFT" (declared at line 6090 of "..\..\..\src\frdmkl25z48m\MKL25Z4.h")
  #define UART_C4_TCDMAS_SHIFT                     This_symbol_has_been_deprecated
..\..\..\src\MKL25Z4s.h(4313): warning:  #47-D: incompatible redefinition of macro "NV_FOPT_EZPORT_DIS_MASK" (declared at line 3259 of "..\..\..\src\frdmkl25z48m\MKL25Z4.h")
  #define NV_FOPT_EZPORT_DIS_MASK                  This_symbol_has_been_deprecated
..\..\..\src\MKL25Z4s.h(4314): warning:  #47-D: incompatible redefinition of macro "NV_FOPT_EZPORT_DIS_SHIFT" (declared at line 3260 of "..\..\..\src\frdmkl25z48m\MKL25Z4.h")
  #define NV_FOPT_EZPORT_DIS_SHIFT                 This_symbol_has_been_deprecated
..\..\..\src\main.c(147): warning:  #223-D: function "fade_off" declared implicitly
                                fade_off();
..\..\..\src\main.c(151): warning:  #223-D: function "fade_in" declared implicitly
                                fade_in();
..\..\..\src\main.c: 28 warnings, 0 errors
linking...
Program Size: Code=23642 RO-data=674 RW-data=184 ZI-data=1232  
".\FRDMKL25Z48M_DEMO\TWRKL25Z48M_DEMO.axf" - 0 Error(s), 28 Warning(s).

<h2>Collection of Component include folders:</h2>
  C:\Freescale\Freescale_TSS_3_1\examples\FRDMKLXX_DEMO\build\uv4\FRDMKL25Z_DEMO\RTE
  C:\Keil_v5\ARM\PACK\Keil\Kinetis_KLxx_DFP\1.4.0\Device\Include

<h2>Collection of Component Files used:</h2>
</pre>
</body>
</html>
