Component: ARM Compiler 5.05 update 1 (build 106) Tool: armlink [4d0efa]

==============================================================================

Section Cross References

    app_init.o(.text) refers to wdog_kl25.o(.text) for wdog_disable
    app_init.o(.text) refers to board.o(.text) for LPTMRStop
    app_init.o(.text) refers to tss_main.o(i.TSS_Init) for TSS_Init
    app_init.o(.text) refers to tss_main.o(i.TSS_SetSystemConfig) for TSS_SetSystemConfig
    app_init.o(.text) refers to tss_asliderdecoder.o(i.TSS_SetASliderConfig) for TSS_SetASliderConfig
    app_init.o(.text) refers to tss_systemsetupdata.o(.data) for cASlider1
    events.o(.text) refers to app_init.o(.text) for DelayMS
    events.o(.text) refers to tss_main.o(i.TSS_SetSystemConfig) for TSS_SetSystemConfig
    events.o(.text) refers to board.o(.text) for InitDevices
    events.o(.text) refers to tss_systemsetupdata.o(.data) for cASlider1
    events.o(.text) refers to tss_systemsetupdata.o(.bss) for tss_CSSys
    events.o(.text) refers to tss_sensor.o(.data) for tss_u8SampleIntFlag
    events.o(.text) refers to main.o(.data) for u16LPcounter
    freemaster_protocol.o(.text) refers to freemaster_tsa.o(.text) for FMSTR_InitTsa
    freemaster_protocol.o(.text) refers to freemaster_scope.o(.text) for FMSTR_InitScope
    freemaster_protocol.o(.text) refers to freemaster_serial.o(.text) for FMSTR_InitSerial
    freemaster_protocol.o(.text) refers to freemaster_kxx.o(.text) for FMSTR_AddressFromBuffer
    freemaster_scope.o(.text) refers to freemaster_kxx.o(.text) for FMSTR_AddressFromBuffer
    freemaster_scope.o(.text) refers to freemaster_scope.o(.data) for .data
    freemaster_scope.o(.text) refers to freemaster_scope.o(.bss) for .bss
    freemaster_serial.o(.text) refers to freemaster_protocol.o(.text) for FMSTR_ProtocolDecoder
    freemaster_serial.o(.text) refers to freemaster_serial.o(.data) for .data
    freemaster_serial.o(.text) refers to freemaster_serial.o(.bss) for .bss
    freemaster_tsa.o(.text) refers to freemaster_kxx.o(.text) for FMSTR_ValueFromBuffer16
    freemaster_tsa.o(.text) refers to main.o(.text) for FMSTR_TsaGetTable
    freemaster_tsa.o(.text) refers to freemaster_protocol.o(.text) for FMSTR_StrLen
    freemaster_kxx.o(.text) refers to freemaster_serial.o(.text) for FMSTR_ProcessSCI
    freemaster_kxx.o(.text) refers to events.o(.text) for TSS_FmstrIsrCallbackCustom
    freemaster_kxx.o(.text) refers to freemaster_kxx.o(.data) for .data
    sysinit_kl25.o(.text) refers to mcg_kl25.o(.text) for pll_init
    sysinit_kl25.o(.text) refers to sysinit_kl25.o(.data) for .data
    mcg_kl25.o(.text) refers to idiv.o(.text) for __aeabi_idivmod
    mcg_kl25.o(.text) refers to uidiv.o(.text) for __aeabi_uidivmod
    mcg_kl25.o(.text) refers to fflti.o(.text) for __aeabi_i2f
    mcg_kl25.o(.text) refers to fdiv.o(.text) for __aeabi_fdiv
    mcg_kl25.o(.text) refers to fmul.o(.text) for __aeabi_fmul
    mcg_kl25.o(.text) refers to fscalb.o(.text) for __ARM_scalbnf
    mcg_kl25.o(.text) refers to ffixui.o(.text) for __aeabi_f2uiz
    uart_kl25.o(.text) refers to idiv.o(.text) for __aeabi_idivmod
    tss_sensor.o(.text) refers to tss_main.o(i.TSS_BrowseModules) for TSS_BrowseModules
    tss_sensor.o(.text) refers to tss_sensor.o(.constdata) for .constdata
    tss_sensor.o(.constdata) refers to tss_sensortsil.o(.text) for TSIL_SampleElectrode
    tss_sensor.o(.constdata) refers to tss_sensor.o(.text) for TSS_SampleElectrodeLowE0
    tss_sensor.o(.constdata) refers to tss_sensortsil.o(.constdata) for TSS_E0_ROMDATA_CONTEXT
    tss_sensor.o(.constdata) refers to tss_sensortsil.o(.constdata) for TSS_E1_ROMDATA_CONTEXT
    tss_sensor.o(.data) refers to tss_sensortsil.o(.data) for TSS_E0_RAMDATA_CONTEXT
    tss_sensor.o(.data) refers to tss_sensortsil.o(.data) for TSS_E1_RAMDATA_CONTEXT
    tss_sensortsil.o(.text) refers to tss_main.o(i.TSS_GetSystemConfig) for TSS_GetSystemConfig
    tss_sensortsil.o(.text) refers to tss_systemsetupdata.o(.bss) for tss_CSSys
    tss_sensortsil.o(.text) refers to tss_sensor.o(.constdata) for tss_acp8ElectrodeROMData
    tss_sensortsil.o(.text) refers to tss_systemsetupdata.o(.data) for tss_au8ElectrodeEnablers
    tss_sensortsil.o(.text) refers to tss_sensortsil.o(.constdata) for .constdata
    tss_sensortsil.o(.text) refers to tss_keydetector.o(.data) for tss_u16CapSample
    tss_sensortsil.o(.text) refers to tss_systemsetupdata.o(.constdata) for tss_cau8SignalDivider
    tss_sensortsil.o(.text) refers to tss_sensortsil.o(i.__ARM_common_switch8) for __ARM_common_switch8
    tss_sensortsil.o(.text) refers to tss_main.o(i.TSS_SetSystemConfig) for TSS_SetSystemConfig
    tss_sensortsil.o(.text) refers to tss_sensortsil.o(.bss) for .bss
    tss_sensortsil.o(.text) refers to tss_sensor.o(.data) for tss_u8SampleIntFlag
    tss_sensortsil.o(.constdata) refers to tss_sensortsil.o(.text) for TSIL_MethodControl
[...]

==============================================================================

Image Symbol Table

    Local Symbols

    Symbol Name                              Value     Ov Type        Size  Object(Section)

    RESET                                    0x00000000   Section      192  startup_mkl25z4.o(RESET)
    ../clib/microlib/division.c              0x00000000   Number         0  idiv.o ABSOLUTE
    ../clib/microlib/division.c              0x00000000   Number         0  uidiv.o ABSOLUTE
    ../clib/microlib/init/entry.s            0x00000000   Number         0  entry11b.o ABSOLUTE
    ../clib/microlib/init/entry.s            0x00000000   Number         0  entry7a.o ABSOLUTE
    ../clib/microlib/init/entry.s            0x00000000   Number         0  entry11a.o ABSOLUTE
    ../clib/microlib/init/entry.s            0x00000000   Number         0  entry5.o ABSOLUTE
    ../clib/microlib/init/entry.s            0x00000000   Number         0  entry2.o ABSOLUTE
    ../clib/microlib/init/entry.s            0x00000000   Number         0  entry.o ABSOLUTE
    ../clib/microlib/init/entry.s            0x00000000   Number         0  entry7b.o ABSOLUTE
    ../clib/microlib/init/entry.s            0x00000000   Number         0  entry8a.o ABSOLUTE
    ../clib/microlib/init/entry.s            0x00000000   Number         0  entry8b.o ABSOLUTE
    ../clib/microlib/init/entry.s            0x00000000   Number         0  entry9a.o ABSOLUTE
    ../clib/microlib/init/entry.s            0x00000000   Number         0  entry9b.o ABSOLUTE
    ../clib/microlib/init/entry.s            0x00000000   Number         0  entry10a.o ABSOLUTE
    ../clib/microlib/init/entry.s            0x00000000   Number         0  entry10b.o ABSOLUTE
    ../clib/microlib/stubs.s                 0x00000000   Number         0  iusefp.o ABSOLUTE
    ../fplib/microlib/fpdiv.c                0x00000000   Number         0  fdiv.o ABSOLUTE
    ../fplib/microlib/fpepilogue.c           0x00000000   Number         0  fepilogue.o ABSOLUTE
    ../fplib/microlib/fpfix.c                0x00000000   Number         0  ffixui.o ABSOLUTE
    ../fplib/microlib/fpflt.c                0x00000000   Number         0  fflti.o ABSOLUTE
    ../fplib/microlib/fpmul.c                0x00000000   Number         0  fmul.o ABSOLUTE
    ../fplib/microlib/fpscalb.c              0x00000000   Number         0  fscalb.o ABSOLUTE
    ..\..\..\..\..\GUI\source\src_common\freemaster_appcmd.c 0x00000000   Number         0  freemaster_appcmd.o ABSOLUTE
    ..\..\..\..\..\GUI\source\src_common\freemaster_bdm.c 0x00000000   Number         0  freemaster_bdm.o ABSOLUTE
    ..\..\..\..\..\GUI\source\src_common\freemaster_can.c 0x00000000   Number         0  freemaster_can.o ABSOLUTE
    ..\..\..\..\..\GUI\source\src_common\freemaster_protocol.c 0x00000000   Number         0  freemaster_protocol.o ABSOLUTE
    ..\..\..\..\..\GUI\source\src_common\freemaster_rec.c 0x00000000   Number         0  freemaster_rec.o ABSOLUTE
    ..\..\..\..\..\GUI\source\src_common\freemaster_scope.c 0x00000000   Number         0  freemaster_scope.o ABSOLUTE
    ..\..\..\..\..\GUI\source\src_common\freemaster_serial.c 0x00000000   Number         0  freemaster_serial.o ABSOLUTE
    ..\..\..\..\..\GUI\source\src_common\freemaster_tsa.c 0x00000000   Number         0  freemaster_tsa.o ABSOLUTE
    ..\..\..\..\..\GUI\source\src_platforms\Kxx\freemaster_Kxx.c 0x00000000   Number         0  freemaster_kxx.o ABSOLUTE
    ..\..\..\..\..\LIB\shared\TSS_Freemaster.c 0x00000000   Number         0  tss_freemaster.o ABSOLUTE
    ..\..\..\..\..\LIB\shared\TSS_Sensor.c   0x00000000   Number         0  tss_sensor.o ABSOLUTE
    ..\..\..\..\..\LIB\shared\TSS_SensorGPIO.c 0x00000000   Number         0  tss_sensorgpio.o ABSOLUTE
    ..\..\..\..\..\LIB\shared\TSS_SensorTSI.c 0x00000000   Number         0  tss_sensortsi.o ABSOLUTE
    ..\..\..\..\..\LIB\shared\TSS_SensorTSIL.c 0x00000000   Number         0  tss_sensortsil.o ABSOLUTE
    ..\..\..\..\..\LIB\shared\TSS_SystemSetupData.c 0x00000000   Number         0  tss_systemsetupdata.o ABSOLUTE
    ..\..\..\COMMON\TSS_Filters.c            0x00000000   Number         0  tss_filters.o ABSOLUTE
    ..\..\..\COMMON\TSS_KeyDetector.c        0x00000000   Number         0  tss_keydetector.o ABSOLUTE
    ..\..\..\COMMON\TSS_KeyDetectorNormal.c  0x00000000   Number         0  tss_keydetectornormal.o ABSOLUTE
    ..\..\..\COMMON\TSS_Main.c               0x00000000   Number         0  tss_main.o ABSOLUTE
    ..\..\..\DECODERS\TSS_ASliderDecoder.c   0x00000000   Number         0  tss_asliderdecoder.o ABSOLUTE
    ..\..\..\src\app_init.c                  0x00000000   Number         0  app_init.o ABSOLUTE
    ..\..\..\src\events.c                    0x00000000   Number         0  events.o ABSOLUTE
    ..\..\..\src\frdmkl25z48m\board.c        0x00000000   Number         0  board.o ABSOLUTE
    ..\..\..\src\main.c                      0x00000000   Number         0  main.o ABSOLUTE
    ..\..\..\src\mcu_init\cpu\arm_cm0.c      0x00000000   Number         0  arm_cm0.o ABSOLUTE
    ..\..\..\src\mcu_init\cpu\sysinit_kl25.c 0x00000000   Number         0  sysinit_kl25.o ABSOLUTE
    ..\..\..\src\mcu_init\drivers\mcg\mcg_kl25.c 0x00000000   Number         0  mcg_kl25.o ABSOLUTE
    ..\..\..\src\mcu_init\drivers\uart\uart_kl25.c 0x00000000   Number         0  uart_kl25.o ABSOLUTE
    ..\..\..\src\mcu_init\drivers\wdog\wdog_kl25.c 0x00000000   Number         0  wdog_kl25.o ABSOLUTE
    dc.s                                     0x00000000   Number         0  dc.o ABSOLUTE
    handlers.s                               0x00000000   Number         0  handlers.o ABSOLUTE
    init.s                                   0x00000000   Number         0  init.o ABSOLUTE
    startup_MKL25Z4.s                        0x00000000   Number         0  startup_mkl25z4.o ABSOLUTE
    system_MKL25Z4.c                         0x00000000   Number         0  system_mkl25z4.o ABSOLUTE
    .ARM.Collect$$$$00000000                 0x000000c0   Section        0  entry.o(.ARM.Collect$$$$00000000)
    .ARM.Collect$$$$00000001                 0x000000c0   Section        4  entry2.o(.ARM.Collect$$$$00000001)
    .ARM.Collect$$$$00000004                 0x000000c4   Section        4  entry5.o(.ARM.Collect$$$$00000004)
    .ARM.Collect$$$$00000008                 0x000000c8   Section        0  entry7b.o(.ARM.Collect$$$$00000008)
    .ARM.Collect$$$$0000000A                 0x000000c8   Section        0  entry8b.o(.ARM.Collect$$$$0000000A)
    .ARM.Collect$$$$0000000B                 0x000000c8   Section        8  entry9a.o(.ARM.Collect$$$$0000000B)
    .ARM.Collect$$$$0000000D                 0x000000d0   Section        0  entry10a.o(.ARM.Collect$$$$0000000D)
    .ARM.Collect$$$$0000000F                 0x000000d0   Section        0  entry11a.o(.ARM.Collect$$$$0000000F)
    .ARM.Collect$$$$00002712                 0x000000d0   Section        4  entry2.o(.ARM.Collect$$$$00002712)
    __lit__00000000                          0x000000d0   Data           4  entry2.o(.ARM.Collect$$$$00002712)
    .text                                    0x000000d4   Section        0  app_init.o(.text)
    .text                                    0x000001ac   Section        0  events.o(.text)
    .text                                    0x00000250   Section        0  freemaster_scope.o(.text)
    .text                                    0x000002e4   Section        0  freemaster_kxx.o(.text)
    .text                                    0x000003b0   Section        0  wdog_kl25.o(.text)
    .text                                    0x000003bc   Section        0  tss_sensor.o(.text)
    .text                                    0x000003e8   Section        0  tss_systemsetupdata.o(.text)
    .text                                    0x000003f4   Section        0  system_mkl25z4.o(.text)
    .ARM.__at_0x400                          0x00000400   Section       16  startup_mkl25z4.o(.ARM.__at_0x400)
    .text                                    0x00000410   Section        0  freemaster_protocol.o(.text)
    .text                                    0x000005d4   Section        0  freemaster_serial.o(.text)
    FMSTR_Listen                             0x0000070f   Thumb Code    60  freemaster_serial.o(.text)
    FMSTR_SendError                          0x00000835   Thumb Code    10  freemaster_serial.o(.text)
    .text                                    0x0000084c   Section        0  freemaster_tsa.o(.text)
    FMSTR_CheckMemSpace                      0x0000098b   Thumb Code    26  freemaster_tsa.o(.text)
    .text                                    0x000009a4   Section        0  arm_cm0.o(.text)
    .text                                    0x00000a10   Section        0  sysinit_kl25.o(.text)
    .text                                    0x00000ab4   Section        0  mcg_kl25.o(.text)
    .text                                    0x00001e4c   Section        0  uart_kl25.o(.text)
    .text                                    0x00001f3c   Section        0  tss_sensortsil.o(.text)
    .text                                    0x000027e8   Section        0  main.o(.text)
    .text                                    0x00002858   Section       28  startup_mkl25z4.o(.text)
    .text                                    0x00002874   Section        0  board.o(.text)
    .text                                    0x00002a90   Section        0  uidiv.o(.text)
    .text                                    0x00002abc   Section        0  idiv.o(.text)
    .text                                    0x00002ae4   Section        0  fmul.o(.text)
    .text                                    0x00002b5e   Section        0  fdiv.o(.text)
    .text                                    0x00002bda   Section        0  fscalb.o(.text)
    .text                                    0x00002bf2   Section        0  fflti.o(.text)
    .text                                    0x00002c08   Section        0  ffixui.o(.text)
    .text                                    0x00002c30   Section        0  iusefp.o(.text)
    .text                                    0x00002c30   Section        0  fepilogue.o(.text)
    .text                                    0x00002cb4   Section       36  init.o(.text)
    i.TSS_ASliderCalculatePosIIRFilter       0x00002cd8   Section        0  tss_asliderdecoder.o(i.TSS_ASliderCalculatePosIIRFilter)
    i.TSS_ASliderDecoder                     0x00002d44   Section        0  tss_asliderdecoder.o(i.TSS_ASliderDecoder)
    i.TSS_ASliderTrendControl                0x0000319c   Section        0  tss_asliderdecoder.o(i.TSS_ASliderTrendControl)
    i.TSS_ASliderTrendThreshold              0x00003288   Section        0  tss_asliderdecoder.o(i.TSS_ASliderTrendThreshold)
    i.TSS_BrowseModules                      0x000032b0   Section        0  tss_main.o(i.TSS_BrowseModules)
    i.TSS_CutSInt16ToSInt8                   0x00003344   Section        0  tss_filters.o(i.TSS_CutSInt16ToSInt8)
    i.TSS_DataCorruptionCheck                0x0000335c   Section        0  tss_main.o(i.TSS_DataCorruptionCheck)
    i.TSS_DecodersControl                    0x00003418   Section        0  tss_main.o(i.TSS_DecodersControl)
    i.TSS_FaultEvaluation                    0x00003490   Section        0  tss_main.o(i.TSS_FaultEvaluation)
    i.TSS_GetSystemConfig                    0x0000350c   Section        0  tss_main.o(i.TSS_GetSystemConfig)
    i.TSS_Init                               0x0000361c   Section        0  tss_main.o(i.TSS_Init)
    i.TSS_InitInternalArrays                 0x00003688   Section        0  tss_main.o(i.TSS_InitInternalArrays)
    i.TSS_InitRegisterArrays                 0x000036dc   Section        0  tss_main.o(i.TSS_InitRegisterArrays)
    i.TSS_KeyBasicDeltaNoiseAnalysisIIRControl 0x00003734   Section        0  tss_keydetectornormal.o(i.TSS_KeyBasicDeltaNoiseAnalysisIIRControl)
    i.TSS_KeyBasicDetect                     0x000037a8   Section        0  tss_keydetectornormal.o(i.TSS_KeyBasicDetect)
    i.TSS_KeyBasicElectrodeEval              0x00003940   Section        0  tss_keydetectornormal.o(i.TSS_KeyBasicElectrodeEval)
    i.TSS_KeyBasicEvaluateNoiseData          0x00003bd0   Section        0  tss_keydetectornormal.o(i.TSS_KeyBasicEvaluateNoiseData)
    TSS_KeyBasicEvaluateNoiseData            0x00003bd1   Thumb Code    96  tss_keydetectornormal.o(i.TSS_KeyBasicEvaluateNoiseData)
    i.TSS_KeyBasicNegativeBaselineDrop       0x00003c44   Section        0  tss_keydetectornormal.o(i.TSS_KeyBasicNegativeBaselineDrop)
    i.TSS_KeyBasicSensAutoCalibration        0x00003cd4   Section        0  tss_keydetectornormal.o(i.TSS_KeyBasicSensAutoCalibration)
    i.TSS_KeyBasicStuckKeyControl            0x00003f14   Section        0  tss_keydetectornormal.o(i.TSS_KeyBasicStuckKeyControl)
    i.TSS_KeyDetectorCalculateDelta          0x00003f60   Section        0  tss_keydetector.o(i.TSS_KeyDetectorCalculateDelta)
    i.TSS_KeyDetectorCalculateIIRFilter      0x00003f80   Section        0  tss_filters.o(i.TSS_KeyDetectorCalculateIIRFilter)
    i.TSS_KeyDetectorCalibrate               0x00003f9c   Section        0  tss_keydetector.o(i.TSS_KeyDetectorCalibrate)
    i.TSS_KeyDetectorDCTrackerEvalExecution  0x00003fbc   Section        0  tss_keydetector.o(i.TSS_KeyDetectorDCTrackerEvalExecution)
    TSS_KeyDetectorDCTrackerEvalExecution    0x00003fbd   Thumb Code    50  tss_keydetector.o(i.TSS_KeyDetectorDCTrackerEvalExecution)
    i.TSS_KeyDetectorElectrodeStatusUpdate   0x00003ff8   Section        0  tss_keydetector.o(i.TSS_KeyDetectorElectrodeStatusUpdate)
    i.TSS_KeyDetectorFaultDecoder            0x00004028   Section        0  tss_keydetector.o(i.TSS_KeyDetectorFaultDecoder)
    TSS_KeyDetectorFaultDecoder              0x00004029   Thumb Code    38  tss_keydetector.o(i.TSS_KeyDetectorFaultDecoder)
    i.TSS_KeyDetectorFillDeltaLogBuffer      0x00004050   Section        0  tss_keydetector.o(i.TSS_KeyDetectorFillDeltaLogBuffer)
    i.TSS_KeyDetectorFillSignalLogBuffer     0x00004060   Section        0  tss_keydetector.o(i.TSS_KeyDetectorFillSignalLogBuffer)
    i.TSS_KeyDetectorGetDCTrackerCounter     0x00004074   Section        0  tss_keydetector.o(i.TSS_KeyDetectorGetDCTrackerCounter)
    i.TSS_KeyDetectorGetElectrodeEnablerStatus 0x00004080   Section        0  tss_keydetector.o(i.TSS_KeyDetectorGetElectrodeEnablerStatus)
    i.TSS_KeyDetectorGetElectrodeGroupStatus 0x000040c0   Section        0  tss_keydetector.o(i.TSS_KeyDetectorGetElectrodeGroupStatus)
    i.TSS_KeyDetectorGetShieldElectrodeReleaseStatus 0x00004100   Section        0  tss_keydetector.o(i.TSS_KeyDetectorGetShieldElectrodeReleaseStatus)
    i.TSS_KeyDetectorGetSlowDCTrackerCounter 0x00004140   Section        0  tss_keydetector.o(i.TSS_KeyDetectorGetSlowDCTrackerCounter)
    i.TSS_KeyDetectorInit                    0x0000414c   Section        0  tss_keydetector.o(i.TSS_KeyDetectorInit)
    i.TSS_KeyDetectorInitPrevCapSample       0x0000418c   Section        0  tss_filters.o(i.TSS_KeyDetectorInitPrevCapSample)
    i.TSS_KeyDetectorMain                    0x000041a0   Section        0  tss_keydetector.o(i.TSS_KeyDetectorMain)
    i.TSS_KeyDetectorRecalibrateElectrode    0x00004338   Section        0  tss_keydetector.o(i.TSS_KeyDetectorRecalibrateElectrode)
    TSS_KeyDetectorRecalibrateElectrode      0x00004339   Thumb Code   124  tss_keydetector.o(i.TSS_KeyDetectorRecalibrateElectrode)
    i.TSS_KeyDetectorRecalibrateModules      0x000043c0   Section        0  tss_keydetector.o(i.TSS_KeyDetectorRecalibrateModules)
    i.TSS_KeyDetectorRecalibrationRequest    0x000043d4   Section        0  tss_keydetector.o(i.TSS_KeyDetectorRecalibrationRequest)
    i.TSS_KeyDetectorReleaseElectrode        0x000043e4   Section        0  tss_keydetector.o(i.TSS_KeyDetectorReleaseElectrode)
    i.TSS_KeyDetectorResetElectrode          0x00004408   Section        0  tss_keydetector.o(i.TSS_KeyDetectorResetElectrode)
    i.TSS_KeyDetectorResetElectrodeDebouncing 0x0000441c   Section        0  tss_keydetector.o(i.TSS_KeyDetectorResetElectrodeDebouncing)
    i.TSS_KeyDetectorResetElectrodeMeasured  0x00004438   Section        0  tss_keydetector.o(i.TSS_KeyDetectorResetElectrodeMeasured)
    i.TSS_KeyDetectorResetStuckKeyCounter    0x0000445c   Section        0  tss_keydetector.o(i.TSS_KeyDetectorResetStuckKeyCounter)
    i.TSS_KeyDetectorRestartElectrode        0x00004468   Section        0  tss_keydetector.o(i.TSS_KeyDetectorRestartElectrode)
    i.TSS_KeyDetectorSignalDivider           0x000044ac   Section        0  tss_filters.o(i.TSS_KeyDetectorSignalDivider)
    i.TSS_LowPowerConfig                     0x000044c8   Section        0  tss_main.o(i.TSS_LowPowerConfig)
    i.TSS_SetASliderConfig                   0x00004568   Section        0  tss_asliderdecoder.o(i.TSS_SetASliderConfig)
    i.TSS_SetControlElectrodesEnablers       0x00004664   Section        0  tss_main.o(i.TSS_SetControlElectrodesEnablers)
    i.TSS_SetSystemConfig                    0x00004704   Section        0  tss_main.o(i.TSS_SetSystemConfig)
    i.TSS_SubUInt16WithUInt16ToSInt16        0x00004a2c   Section        0  tss_filters.o(i.TSS_SubUInt16WithUInt16ToSInt16)
    i.TSS_Task                               0x00004a58   Section        0  tss_main.o(i.TSS_Task)
    i.TSS_TriggerConfig                      0x00004b28   Section        0  tss_main.o(i.TSS_TriggerConfig)
    i.TSS_TriggerControl                     0x00004b94   Section        0  tss_main.o(i.TSS_TriggerControl)
    i.__ARM_common_switch8                   0x00004bd8   Section        0  tss_sensortsil.o(i.__ARM_common_switch8)
    i.__scatterload_copy                     0x00004bf2   Section       14  handlers.o(i.__scatterload_copy)
    i.__scatterload_null                     0x00004c00   Section        2  handlers.o(i.__scatterload_null)
    i.__scatterload_zeroinit                 0x00004c02   Section       14  handlers.o(i.__scatterload_zeroinit)
    .constdata                               0x00004c10   Section        8  tss_sensor.o(.constdata)
    .constdata                               0x00004c18   Section        8  tss_sensor.o(.constdata)
    .constdata                               0x00004c20   Section       16  tss_sensortsil.o(.constdata)
    .constdata                               0x00004c30   Section       12  tss_sensortsil.o(.constdata)
    .constdata                               0x00004c3c   Section       12  tss_sensortsil.o(.constdata)
    .constdata                               0x00004c48   Section        4  tss_sensortsil.o(.constdata)
    .constdata                               0x00004c4c   Section        2  tss_systemsetupdata.o(.constdata)
    .constdata                               0x00004c50   Section       28  tss_systemsetupdata.o(.constdata)
    .constdata                               0x00004c6c   Section        4  tss_systemsetupdata.o(.constdata)
    .constdata                               0x00004c70   Section        4  tss_systemsetupdata.o(.constdata)
    .constdata                               0x00004c74   Section        4  tss_systemsetupdata.o(.constdata)
    .constdata                               0x00004c78   Section        4  tss_systemsetupdata.o(.constdata)
    .constdata                               0x00004c7c   Section        4  tss_systemsetupdata.o(.constdata)
    .constdata                               0x00004c80   Section        1  tss_systemsetupdata.o(.constdata)
    .constdata                               0x00004c81   Section        2  tss_systemsetupdata.o(.constdata)
    .constdata                               0x00004c84   Section        4  tss_systemsetupdata.o(.constdata)
    .constdata                               0x00004c88   Section        1  tss_systemsetupdata.o(.constdata)
    .constdata                               0x00004c89   Section        1  tss_systemsetupdata.o(.constdata)
    .constdata                               0x00004c8a   Section        1  tss_systemsetupdata.o(.constdata)
    .constdata                               0x00004c8c   Section        4  tss_systemsetupdata.o(.constdata)
    .constdata                               0x00004c90   Section        4  tss_systemsetupdata.o(.constdata)
    .constdata                               0x00004c94   Section        4  tss_systemsetupdata.o(.constdata)
    .constdata                               0x00004c98   Section        4  tss_systemsetupdata.o(.constdata)
    .constdata                               0x00004c9c   Section        4  tss_systemsetupdata.o(.constdata)
    .constdata                               0x00004ca0   Section        4  tss_systemsetupdata.o(.constdata)
    .constdata                               0x00004ca4   Section        4  tss_systemsetupdata.o(.constdata)
    .constdata                               0x00004ca8   Section        4  tss_systemsetupdata.o(.constdata)
    .constdata                               0x00004cac   Section        4  tss_systemsetupdata.o(.constdata)
    .constdata                               0x00004cb0   Section        4  tss_systemsetupdata.o(.constdata)
    .constdata                               0x00004cb4   Section        4  tss_systemsetupdata.o(.constdata)
    .constdata                               0x00004cb8   Section        4  tss_systemsetupdata.o(.constdata)
    .constdata                               0x00004cbc   Section        1  tss_systemsetupdata.o(.constdata)
    .constdata                               0x00004cc0   Section        4  tss_systemsetupdata.o(.constdata)
    .constdata                               0x00004cc4   Section        4  tss_systemsetupdata.o(.constdata)
    .constdata                               0x00004cc8   Section        1  tss_systemsetupdata.o(.constdata)
    .constdata                               0x00004cc9   Section        1  tss_systemsetupdata.o(.constdata)
    .constdata                               0x00004ccc   Section        4  tss_systemsetupdata.o(.constdata)
    .constdata                               0x00004cd0   Section        4  tss_systemsetupdata.o(.constdata)
    .constdata                               0x00004cd4   Section        4  tss_systemsetupdata.o(.constdata)
    .constdata                               0x00004cd8   Section        4  tss_systemsetupdata.o(.constdata)
    .constdata                               0x00004cdc   Section        4  tss_systemsetupdata.o(.constdata)
    .constdata                               0x00004ce0   Section        4  tss_systemsetupdata.o(.constdata)
    .constdata                               0x00004ce4   Section        4  tss_systemsetupdata.o(.constdata)
    .constdata                               0x00004ce8   Section        4  tss_systemsetupdata.o(.constdata)
    .constdata                               0x00004cec   Section        4  tss_systemsetupdata.o(.constdata)
    .constdata                               0x00004cf0   Section        4  tss_systemsetupdata.o(.constdata)
    .constdata                               0x00004cf4   Section        4  tss_systemsetupdata.o(.constdata)
    .constdata                               0x00004cf8   Section        4  tss_systemsetupdata.o(.constdata)
    .constdata                               0x00004cfc   Section        4  tss_systemsetupdata.o(.constdata)
    .constdata                               0x00004d00   Section        1  tss_systemsetupdata.o(.constdata)
    .constdata                               0x00004d01   Section        1  tss_systemsetupdata.o(.constdata)
    .constdata                               0x00004d02   Section        2  tss_systemsetupdata.o(.constdata)
    .constdata                               0x00004d04   Section        6  tss_systemsetupdata.o(.constdata)
    .constdata                               0x00004d0c   Section        4  tss_systemsetupdata.o(.constdata)
    .constdata                               0x00004d10   Section        4  tss_systemsetupdata.o(.constdata)
    .constdata                               0x00004d14   Section        4  tss_systemsetupdata.o(.constdata)
    .constdata                               0x00004d18   Section        4  tss_systemsetupdata.o(.constdata)
    .conststring                             0x00004d1c   Section       18  main.o(.conststring)
    .data                                    0x1ffffc00   Section        9  freemaster_scope.o(.data)
    pcm_nScopeVarCount                       0x1ffffc00   Data           1  freemaster_scope.o(.data)
    pcm_pScopeVarSize                        0x1ffffc01   Data           8  freemaster_scope.o(.data)
    .data                                    0x1ffffc0c   Section       24  freemaster_serial.o(.data)
    pcm_nTxTodo                              0x1ffffc0c   Data           1  freemaster_serial.o(.data)
    pcm_nRxTodo                              0x1ffffc0d   Data           1  freemaster_serial.o(.data)
    pcm_nRxCheckSum                          0x1ffffc0e   Data           1  freemaster_serial.o(.data)
    pcm_wFlags                               0x1ffffc10   Data           4  freemaster_serial.o(.data)
    pcm_pTxBuff                              0x1ffffc14   Data           4  freemaster_serial.o(.data)
    pcm_pRxBuff                              0x1ffffc18   Data           4  freemaster_serial.o(.data)
    pcm_pRQueueRP                            0x1ffffc1c   Data           4  freemaster_serial.o(.data)
    pcm_pRQueueWP                            0x1ffffc20   Data           4  freemaster_serial.o(.data)
    .data                                    0x1ffffc24   Section        1  freemaster_kxx.o(.data)
    pcm_bNextAddrIsEx                        0x1ffffc24   Data           1  freemaster_kxx.o(.data)
    .data                                    0x1ffffc28   Section        4  sysinit_kl25.o(.data)
    .data                                    0x1ffffc2c   Section        1  tss_sensor.o(.data)
    .data                                    0x1ffffc2d   Section        8  tss_systemsetupdata.o(.data)
    .data                                    0x1ffffc36   Section        2  tss_systemsetupdata.o(.data)
    .data                                    0x1ffffc38   Section        2  tss_systemsetupdata.o(.data)
    .data                                    0x1ffffc3a   Section        3  tss_systemsetupdata.o(.data)
    .data                                    0x1ffffc3d   Section        2  tss_systemsetupdata.o(.data)
    .data                                    0x1ffffc3f   Section        1  tss_systemsetupdata.o(.data)
    .data                                    0x1ffffc40   Section        1  tss_systemsetupdata.o(.data)
    .data                                    0x1ffffc42   Section        4  tss_systemsetupdata.o(.data)
    .data                                    0x1ffffc46   Section        1  tss_systemsetupdata.o(.data)
    .data                                    0x1ffffc47   Section        1  tss_systemsetupdata.o(.data)
    .data                                    0x1ffffc48   Section        1  tss_systemsetupdata.o(.data)
    .data                                    0x1ffffc49   Section        1  tss_systemsetupdata.o(.data)
    .data                                    0x1ffffc4a   Section        2  tss_systemsetupdata.o(.data)
    .data                                    0x1ffffc4c   Section        2  tss_systemsetupdata.o(.data)
    .data                                    0x1ffffc4e   Section        2  tss_systemsetupdata.o(.data)
    .data                                    0x1ffffc50   Section        2  tss_systemsetupdata.o(.data)
    .data                                    0x1ffffc52   Section        1  tss_systemsetupdata.o(.data)
    .data                                    0x1ffffc54   Section        4  tss_systemsetupdata.o(.data)
    .data                                    0x1ffffc58   Section        2  tss_systemsetupdata.o(.data)
    .data                                    0x1ffffc5a   Section        4  tss_systemsetupdata.o(.data)
    .data                                    0x1ffffc5e   Section        1  tss_systemsetupdata.o(.data)
    .data                                    0x1ffffc5f   Section        2  tss_systemsetupdata.o(.data)
    .data                                    0x1ffffc61   Section        2  tss_systemsetupdata.o(.data)
    .data                                    0x1ffffc63   Section        2  tss_systemsetupdata.o(.data)
    .data                                    0x1ffffc65   Section        6  tss_systemsetupdata.o(.data)
    .data                                    0x1ffffc6b   Section        2  tss_systemsetupdata.o(.data)
    .data                                    0x1ffffc6d   Section        1  tss_systemsetupdata.o(.data)
    .data                                    0x1ffffc70   Section       20  main.o(.data)
    fmstr_tsatable                           0x1ffffc74   Data          16  main.o(.data)
    .data                                    0x1ffffc84   Section        8  tss_keydetector.o(.data)
    g_u8ElectrodeCommand                     0x1ffffc84   Data           1  tss_keydetector.o(.data)
    u8TriggerProcessElectrode                0x1ffffc85   Data           1  tss_keydetector.o(.data)
    u8MeasurementStatus                      0x1ffffc86   Data           1  tss_keydetector.o(.data)
    g_u8DCTrackCounter                       0x1ffffc87   Data           1  tss_keydetector.o(.data)
    g_u8SlowDCTrackCounter                   0x1ffffc88   Data           1  tss_keydetector.o(.data)
    g_u8KeyDetectorElecIndex                 0x1ffffc89   Data           1  tss_keydetector.o(.data)
    .data                                    0x1ffffc8c   Section        8  tss_main.o(.data)
    u8TriggerCounter                         0x1ffffc8c   Data           1  tss_main.o(.data)
    g_u8APIFunctionRunFlag                   0x1ffffc8d   Data           1  tss_main.o(.data)
    g_u16Size                                0x1ffffc8e   Data           2  tss_main.o(.data)
    g_pu8DataAddr                            0x1ffffc90   Data           4  tss_main.o(.data)
    .bss                                     0x1ffffc94   Section       32  freemaster_scope.o(.bss)
    pcm_pScopeVarAddr                        0x1ffffc94   Data          32  freemaster_scope.o(.bss)
    .bss                                     0x1ffffcb4   Section       76  freemaster_serial.o(.bss)
    pcm_pCommBuffer                          0x1ffffcb4   Data          44  freemaster_serial.o(.bss)
    pcm_pRQueueBuffer                        0x1ffffce0   Data          32  freemaster_serial.o(.bss)
    .bss                                     0x1ffffd00   Section       42  tss_sensortsil.o(.bss)
    .bss                                     0x1ffffd2a   Section       32  tss_systemsetupdata.o(.bss)
    .bss                                     0x1ffffd4a   Section       12  tss_systemsetupdata.o(.bss)
    .bss                                     0x1ffffd56   Section       12  tss_systemsetupdata.o(.bss)
    STACK                                    0x1ffffd68   Section     1024  startup_mkl25z4.o(STACK)

    Global Symbols

    Symbol Name                              Value     Ov Type        Size  Object(Section)

    BuildAttributes$$THM_ISAv3M$S$PE$A:L22$X:L11$S22$IEEE1$IW$USESV6$~STKCKD$USESV7$~SHL$OTIME$ROPI$EBA8$MICROLIB$REQ8$PRES8$EABIv2 0x00000000   Number         0  anon$$obj.o ABSOLUTE
    __ARM_use_no_argv                        0x00000000   Number         0  main.o ABSOLUTE
    __Vectors                                0x00000000   Data           4  startup_mkl25z4.o(RESET)
    __cpp_initialize__aeabi_                  - Undefined Weak Reference
    __cxa_finalize                            - Undefined Weak Reference
    __decompress                              - Undefined Weak Reference
    _clock_init                               - Undefined Weak Reference
    _microlib_exit                            - Undefined Weak Reference
    __Vectors_End                            0x000000c0   Data           0  startup_mkl25z4.o(RESET)
    __Vectors_Size                           0x000000c0   Number         0  startup_mkl25z4.o ABSOLUTE
    __main                                   0x000000c1   Thumb Code     0  entry.o(.ARM.Collect$$$$00000000)
    _main_stk                                0x000000c1   Thumb Code     0  entry2.o(.ARM.Collect$$$$00000001)
    _main_scatterload                        0x000000c5   Thumb Code     0  entry5.o(.ARM.Collect$$$$00000004)
    __main_after_scatterload                 0x000000c9   Thumb Code     0  entry5.o(.ARM.Collect$$$$00000004)
    _main_clock                              0x000000c9   Thumb Code     0  entry7b.o(.ARM.Collect$$$$00000008)
    _main_cpp_init                           0x000000c9   Thumb Code     0  entry8b.o(.ARM.Collect$$$$0000000A)
    _main_init                               0x000000c9   Thumb Code     0  entry9a.o(.ARM.Collect$$$$0000000B)
    __rt_final_cpp                           0x000000d1   Thumb Code     0  entry10a.o(.ARM.Collect$$$$0000000D)
    __rt_final_exit                          0x000000d1   Thumb Code     0  entry11a.o(.ARM.Collect$$$$0000000F)
    InitPorts                                0x000000d5   Thumb Code     8  app_init.o(.text)
    DelayMS                                  0x000000dd   Thumb Code    94  app_init.o(.text)
    TSS_Init_ASlider                         0x0000013b   Thumb Code    98  app_init.o(.text)
    TSS1_fCallBack1                          0x000001ad   Thumb Code    58  events.o(.text)
    TSS_fOnFault                             0x000001e7   Thumb Code    58  events.o(.text)
    TSS_fOnInit                              0x00000221   Thumb Code     8  events.o(.text)
    TSS_FmstrIsrCallbackCustom               0x00000229   Thumb Code    14  events.o(.text)
    FMSTR_InitScope                          0x00000251   Thumb Code     2  freemaster_scope.o(.text)
    FMSTR_SetUpScope                         0x00000253   Thumb Code    84  freemaster_scope.o(.text)
    FMSTR_ReadScope                          0x000002a7   Thumb Code    54  freemaster_scope.o(.text)
    FMSTR_Isr                                0x000002e5   Thumb Code    12  freemaster_kxx.o(.text)
    FMSTR_CopyMemory                         0x000002f1   Thumb Code    22  freemaster_kxx.o(.text)
    FMSTR_CopyToBuffer                       0x00000307   Thumb Code    22  freemaster_kxx.o(.text)
    FMSTR_CopyFromBuffer                     0x0000031d   Thumb Code    26  freemaster_kxx.o(.text)
    FMSTR_ValueFromBuffer16                  0x00000337   Thumb Code     4  freemaster_kxx.o(.text)
    FMSTR_ValueFromBuffer32                  0x0000033b   Thumb Code     4  freemaster_kxx.o(.text)
    FMSTR_ValueToBuffer16                    0x0000033f   Thumb Code    12  freemaster_kxx.o(.text)
    FMSTR_ValueToBuffer32                    0x0000034b   Thumb Code    12  freemaster_kxx.o(.text)
    FMSTR_CopyFromBufferWithMask             0x00000357   Thumb Code    38  freemaster_kxx.o(.text)
    FMSTR_SetExAddr                          0x0000037d   Thumb Code     6  freemaster_kxx.o(.text)
    FMSTR_AddressToBuffer                    0x00000383   Thumb Code    24  freemaster_kxx.o(.text)
    FMSTR_AddressFromBuffer                  0x0000039b   Thumb Code    16  freemaster_kxx.o(.text)
    wdog_disable                             0x000003b1   Thumb Code     8  wdog_kl25.o(.text)
    TSS_SampleElectrodeLowE0                 0x000003bd   Thumb Code     4  tss_sensor.o(.text)
    TSS_SampleElectrodeLowE1                 0x000003c1   Thumb Code     4  tss_sensor.o(.text)
    TSS_SensorInitCallback                   0x000003c5   Thumb Code    12  tss_sensor.o(.text)
    TSS_SensorInit                           0x000003d1   Thumb Code    14  tss_sensor.o(.text)
    TSS_IIRFilterEquation                    0x000003e9   Thumb Code    12  tss_systemsetupdata.o(.text)
    SystemInit                               0x000003f5   Thumb Code    12  system_mkl25z4.o(.text)
    FMSTR_Init                               0x00000411   Thumb Code    22  freemaster_protocol.o(.text)
    FMSTR_GetBoardInfo                       0x00000427   Thumb Code    28  freemaster_protocol.o(.text)
    FMSTR_WriteMemMask                       0x00000443   Thumb Code    34  freemaster_protocol.o(.text)
    FMSTR_WriteMem                           0x00000465   Thumb Code    34  freemaster_protocol.o(.text)
    FMSTR_ReadMem                            0x00000487   Thumb Code    44  freemaster_protocol.o(.text)
    FMSTR_ProtocolDecoder                    0x000004b3   Thumb Code   176  freemaster_protocol.o(.text)
    FMSTR_ReadVar                            0x00000563   Thumb Code    30  freemaster_protocol.o(.text)
    FMSTR_WriteVar                           0x00000581   Thumb Code    32  freemaster_protocol.o(.text)
    FMSTR_WriteVarMask                       0x000005a1   Thumb Code    32  freemaster_protocol.o(.text)
    FMSTR_StrLen                             0x000005c1   Thumb Code    20  freemaster_protocol.o(.text)
    FMSTR_SendResponse                       0x000005d5   Thumb Code   112  freemaster_serial.o(.text)
    FMSTR_Rx                                 0x00000645   Thumb Code   202  freemaster_serial.o(.text)
    FMSTR_Tx                                 0x0000074b   Thumb Code    70  freemaster_serial.o(.text)
    FMSTR_ProcessSCI                         0x00000791   Thumb Code    86  freemaster_serial.o(.text)
    FMSTR_InitSerial                         0x000007e7   Thumb Code    30  freemaster_serial.o(.text)
    FMSTR_Poll                               0x00000805   Thumb Code    48  freemaster_serial.o(.text)
    FMSTR_InitTsa                            0x0000084d   Thumb Code     2  freemaster_tsa.o(.text)
    FMSTR_GetTsaInfo                         0x0000084f   Thumb Code    68  freemaster_tsa.o(.text)
    FMSTR_GetStringLen                       0x00000893   Thumb Code    32  freemaster_tsa.o(.text)
    FMSTR_CheckTsaSpace                      0x000008b3   Thumb Code   216  freemaster_tsa.o(.text)
    stop                                     0x000009a5   Thumb Code    14  arm_cm0.o(.text)
    wait                                     0x000009b3   Thumb Code    14  arm_cm0.o(.text)
    write_vtor                               0x000009c1   Thumb Code     6  arm_cm0.o(.text)
    enable_irq                               0x000009c7   Thumb Code    34  arm_cm0.o(.text)
    disable_irq                              0x000009e9   Thumb Code    24  arm_cm0.o(.text)
    set_irq_priority                         0x00000a01   Thumb Code     2  arm_cm0.o(.text)
    clk_out_init                             0x00000a11   Thumb Code    20  sysinit_kl25.o(.text)
    sysinit                                  0x00000a25   Thumb Code   110  sysinit_kl25.o(.text)
    pll_init                                 0x00000ab5   Thumb Code   498  mcg_kl25.o(.text)
    pee_pbe                                  0x00000ca7   Thumb Code    76  mcg_kl25.o(.text)
    pbe_pee                                  0x00000cf3   Thumb Code   132  mcg_kl25.o(.text)
    pbe_fbe                                  0x00000d77   Thumb Code    74  mcg_kl25.o(.text)
    fbe_pbe                                  0x00000dc1   Thumb Code   186  mcg_kl25.o(.text)
    pbe_blpe                                 0x00000e7b   Thumb Code   104  mcg_kl25.o(.text)
    blpe_pbe                                 0x00000ee3   Thumb Code   172  mcg_kl25.o(.text)
    blpe_fbe                                 0x00000f8f   Thumb Code    76  mcg_kl25.o(.text)
    fbe_blpe                                 0x00000fdb   Thumb Code    44  mcg_kl25.o(.text)
    fll_freq                                 0x00001007   Thumb Code   210  mcg_kl25.o(.text)
    fbe_fei                                  0x000010d9   Thumb Code   138  mcg_kl25.o(.text)
    fei_fbe                                  0x00001163   Thumb Code   298  mcg_kl25.o(.text)
    fbe_fee                                  0x0000128d   Thumb Code   222  mcg_kl25.o(.text)
    fee_fbe                                  0x0000136b   Thumb Code    74  mcg_kl25.o(.text)
    fbe_fbi                                  0x000013b5   Thumb Code   246  mcg_kl25.o(.text)
    fbi_fbe                                  0x000014ab   Thumb Code   306  mcg_kl25.o(.text)
    fbi_blpi                                 0x000015dd   Thumb Code    66  mcg_kl25.o(.text)
    blpi_fbi                                 0x0000161f   Thumb Code    66  mcg_kl25.o(.text)
    fbi_fee                                  0x00001661   Thumb Code   400  mcg_kl25.o(.text)
    fee_fbi                                  0x000017f1   Thumb Code   234  mcg_kl25.o(.text)
    fbi_fei                                  0x000018db   Thumb Code   130  mcg_kl25.o(.text)
    fei_fbi                                  0x0000195d   Thumb Code   204  mcg_kl25.o(.text)
    fei_fee                                  0x00001a29   Thumb Code   290  mcg_kl25.o(.text)
    fee_fei                                  0x00001b4b   Thumb Code    96  mcg_kl25.o(.text)
    what_mcg_mode                            0x00001bab   Thumb Code   300  mcg_kl25.o(.text)
    atc                                      0x00001cd7   Thumb Code   312  mcg_kl25.o(.text)
    clk_monitor_0                            0x00001e0f   Thumb Code    22  mcg_kl25.o(.text)
    uart_init                                0x00001e4d   Thumb Code    94  uart_kl25.o(.text)
    uart_getchar                             0x00001eab   Thumb Code    10  uart_kl25.o(.text)
    uart_putchar                             0x00001eb5   Thumb Code    10  uart_kl25.o(.text)
    uart_getchar_present                     0x00001ebf   Thumb Code     8  uart_kl25.o(.text)
    uart0_init                               0x00001ec7   Thumb Code    74  uart_kl25.o(.text)
    uart0_getchar                            0x00001f11   Thumb Code    10  uart_kl25.o(.text)
    uart0_putchar                            0x00001f1b   Thumb Code    10  uart_kl25.o(.text)
    uart0_getchar_present                    0x00001f25   Thumb Code     8  uart_kl25.o(.text)
    TSIL_InitModule                          0x00001f3d   Thumb Code    20  tss_sensortsil.o(.text)
    TSIL_SetNSamples                         0x00001f51   Thumb Code    44  tss_sensortsil.o(.text)
    TSIL_InitLowPower                        0x00001f7d   Thumb Code    52  tss_sensortsil.o(.text)
    TSIL_InitPEN                             0x00001fb1   Thumb Code   198  tss_sensortsil.o(.text)
    TSIL_Recalibrate                         0x00002077   Thumb Code   628  tss_sensortsil.o(.text)
    TSIL_InitThresholds                      0x000022eb   Thumb Code   184  tss_sensortsil.o(.text)
    TSIL_InitTrigger                         0x000023a3   Thumb Code   198  tss_sensortsil.o(.text)
    TSIL_MethodControl                       0x00002469   Thumb Code   196  tss_sensortsil.o(.text)
    TSIL_ReadCounter                         0x0000252d   Thumb Code    76  tss_sensortsil.o(.text)
    TSIL_HandleMeasurement                   0x00002579   Thumb Code   112  tss_sensortsil.o(.text)
    TSIL_SampleElectrode                     0x000025e9   Thumb Code   260  tss_sensortsil.o(.text)
    TSS_TSI0Isr                              0x000026ed   Thumb Code   246  tss_sensortsil.o(.text)
    FMSTR_TsaGetTable_UserAppTable           0x000027e9   Thumb Code    12  main.o(.text)
    FMSTR_TsaGetTable                        0x000027f5   Thumb Code    12  main.o(.text)
    main                                     0x00002801   Thumb Code    74  main.o(.text)
    Reset_Handler                            0x00002859   Thumb Code     8  startup_mkl25z4.o(.text)
    NMI_Handler                              0x00002861   Thumb Code     2  startup_mkl25z4.o(.text)
    HardFault_Handler                        0x00002863   Thumb Code     2  startup_mkl25z4.o(.text)
    SVC_Handler                              0x00002865   Thumb Code     2  startup_mkl25z4.o(.text)
    PendSV_Handler                           0x00002867   Thumb Code     2  startup_mkl25z4.o(.text)
    SysTick_Handler                          0x00002869   Thumb Code     2  startup_mkl25z4.o(.text)
    ADC0_IRQHandler                          0x0000286b   Thumb Code     0  startup_mkl25z4.o(.text)
    CMP0_IRQHandler                          0x0000286b   Thumb Code     0  startup_mkl25z4.o(.text)
    DAC0_IRQHandler                          0x0000286b   Thumb Code     0  startup_mkl25z4.o(.text)
    DMA0_IRQHandler                          0x0000286b   Thumb Code     0  startup_mkl25z4.o(.text)
    DMA1_IRQHandler                          0x0000286b   Thumb Code     0  startup_mkl25z4.o(.text)
    DMA2_IRQHandler                          0x0000286b   Thumb Code     0  startup_mkl25z4.o(.text)
    DMA3_IRQHandler                          0x0000286b   Thumb Code     0  startup_mkl25z4.o(.text)
    DefaultISR                               0x0000286b   Thumb Code     0  startup_mkl25z4.o(.text)
    FTFA_IRQHandler                          0x0000286b   Thumb Code     0  startup_mkl25z4.o(.text)
    I2C0_IRQHandler                          0x0000286b   Thumb Code     0  startup_mkl25z4.o(.text)
    I2C1_IRQHandler                          0x0000286b   Thumb Code     0  startup_mkl25z4.o(.text)
    LLW_IRQHandler                           0x0000286b   Thumb Code     0  startup_mkl25z4.o(.text)
    LPTimer_IRQHandler                       0x0000286b   Thumb Code     0  startup_mkl25z4.o(.text)
    LVD_LVW_IRQHandler                       0x0000286b   Thumb Code     0  startup_mkl25z4.o(.text)
    MCG_IRQHandler                           0x0000286b   Thumb Code     0  startup_mkl25z4.o(.text)
    PIT_IRQHandler                           0x0000286b   Thumb Code     0  startup_mkl25z4.o(.text)
    PORTA_IRQHandler                         0x0000286b   Thumb Code     0  startup_mkl25z4.o(.text)
    PORTD_IRQHandler                         0x0000286b   Thumb Code     0  startup_mkl25z4.o(.text)
    RTC_IRQHandler                           0x0000286b   Thumb Code     0  startup_mkl25z4.o(.text)
    RTC_Seconds_IRQHandler                   0x0000286b   Thumb Code     0  startup_mkl25z4.o(.text)
    Reserved20_IRQHandler                    0x0000286b   Thumb Code     0  startup_mkl25z4.o(.text)
    Reserved39_IRQHandler                    0x0000286b   Thumb Code     0  startup_mkl25z4.o(.text)
    Reserved45_IRQHandler                    0x0000286b   Thumb Code     0  startup_mkl25z4.o(.text)
    SPI0_IRQHandler                          0x0000286b   Thumb Code     0  startup_mkl25z4.o(.text)
    SPI1_IRQHandler                          0x0000286b   Thumb Code     0  startup_mkl25z4.o(.text)
    TPM0_IRQHandler                          0x0000286b   Thumb Code     0  startup_mkl25z4.o(.text)
    TPM1_IRQHandler                          0x0000286b   Thumb Code     0  startup_mkl25z4.o(.text)
    TPM2_IRQHandler                          0x0000286b   Thumb Code     0  startup_mkl25z4.o(.text)
    TSI0_IRQHandler                          0x0000286b   Thumb Code     0  startup_mkl25z4.o(.text)
    UART0_IRQHandler                         0x0000286b   Thumb Code     0  startup_mkl25z4.o(.text)
    UART1_IRQHandler                         0x0000286b   Thumb Code     0  startup_mkl25z4.o(.text)
    UART2_IRQHandler                         0x0000286b   Thumb Code     0  startup_mkl25z4.o(.text)
    USB0_IRQHandler                          0x0000286b   Thumb Code     0  startup_mkl25z4.o(.text)
    FreeMASTER_Init                          0x00002875   Thumb Code    48  board.o(.text)
    PWM_init                                 0x000028a5   Thumb Code    84  board.o(.text)
    LPTMRInit                                0x000028f9   Thumb Code    52  board.o(.text)
    LPTMRStop                                0x0000292d   Thumb Code    30  board.o(.text)
    LPTMRIsr                                 0x0000294b   Thumb Code    94  board.o(.text)
    GotoLowPower                             0x000029a9   Thumb Code   116  board.o(.text)
    LowPowerControl                          0x00002a1d   Thumb Code    18  board.o(.text)
    InitDevices                              0x00002a2f   Thumb Code    20  board.o(.text)
    __aeabi_uidiv                            0x00002a91   Thumb Code     0  uidiv.o(.text)
    __aeabi_uidivmod                         0x00002a91   Thumb Code    44  uidiv.o(.text)
    __aeabi_idiv                             0x00002abd   Thumb Code     0  idiv.o(.text)
    __aeabi_idivmod                          0x00002abd   Thumb Code    40  idiv.o(.text)
    __aeabi_fmul                             0x00002ae5   Thumb Code   122  fmul.o(.text)
    __aeabi_fdiv                             0x00002b5f   Thumb Code   124  fdiv.o(.text)
    __ARM_scalbnf                            0x00002bdb   Thumb Code    24  fscalb.o(.text)
    scalbnf                                  0x00002bdb   Thumb Code     0  fscalb.o(.text)
    __aeabi_i2f                              0x00002bf3   Thumb Code    22  fflti.o(.text)
    __aeabi_f2uiz                            0x00002c09   Thumb Code    40  ffixui.o(.text)
    __I$use$fp                               0x00002c31   Thumb Code     0  iusefp.o(.text)
    _float_round                             0x00002c31   Thumb Code    16  fepilogue.o(.text)
    _float_epilogue                          0x00002c41   Thumb Code   114  fepilogue.o(.text)
    __scatterload                            0x00002cb5   Thumb Code    28  init.o(.text)
    __scatterload_rt2                        0x00002cb5   Thumb Code     0  init.o(.text)
    TSS_ASliderCalculatePosIIRFilter         0x00002cd9   Thumb Code    94  tss_asliderdecoder.o(i.TSS_ASliderCalculatePosIIRFilter)
    TSS_ASliderDecoder                       0x00002d45   Thumb Code  1108  tss_asliderdecoder.o(i.TSS_ASliderDecoder)
    TSS_ASliderTrendControl                  0x0000319d   Thumb Code   214  tss_asliderdecoder.o(i.TSS_ASliderTrendControl)
    TSS_ASliderTrendThreshold                0x00003289   Thumb Code    30  tss_asliderdecoder.o(i.TSS_ASliderTrendThreshold)
    TSS_BrowseModules                        0x000032b1   Thumb Code   134  tss_main.o(i.TSS_BrowseModules)
    TSS_CutSInt16ToSInt8                     0x00003345   Thumb Code    22  tss_filters.o(i.TSS_CutSInt16ToSInt8)
    TSS_DataCorruptionCheck                  0x0000335d   Thumb Code   156  tss_main.o(i.TSS_DataCorruptionCheck)
    TSS_DecodersControl                      0x00003419   Thumb Code   102  tss_main.o(i.TSS_DecodersControl)
    TSS_FaultEvaluation                      0x00003491   Thumb Code   106  tss_main.o(i.TSS_FaultEvaluation)
    TSS_GetSystemConfig                      0x0000350d   Thumb Code   230  tss_main.o(i.TSS_GetSystemConfig)
    TSS_Init                                 0x0000361d   Thumb Code    92  tss_main.o(i.TSS_Init)
    TSS_InitInternalArrays                   0x00003689   Thumb Code    66  tss_main.o(i.TSS_InitInternalArrays)
    TSS_InitRegisterArrays                   0x000036dd   Thumb Code    60  tss_main.o(i.TSS_InitRegisterArrays)
    TSS_KeyBasicDeltaNoiseAnalysisIIRControl 0x00003735   Thumb Code   108  tss_keydetectornormal.o(i.TSS_KeyBasicDeltaNoiseAnalysisIIRControl)
    TSS_KeyBasicDetect                       0x000037a9   Thumb Code   378  tss_keydetectornormal.o(i.TSS_KeyBasicDetect)
    TSS_KeyBasicElectrodeEval                0x00003941   Thumb Code   578  tss_keydetectornormal.o(i.TSS_KeyBasicElectrodeEval)
    TSS_KeyBasicNegativeBaselineDrop         0x00003c45   Thumb Code   114  tss_keydetectornormal.o(i.TSS_KeyBasicNegativeBaselineDrop)
    TSS_KeyBasicSensAutoCalibration          0x00003cd5   Thumb Code   536  tss_keydetectornormal.o(i.TSS_KeyBasicSensAutoCalibration)
    TSS_KeyBasicStuckKeyControl              0x00003f15   Thumb Code    58  tss_keydetectornormal.o(i.TSS_KeyBasicStuckKeyControl)
    TSS_KeyDetectorCalculateDelta            0x00003f61   Thumb Code    22  tss_keydetector.o(i.TSS_KeyDetectorCalculateDelta)
    TSS_KeyDetectorCalculateIIRFilter        0x00003f81   Thumb Code    20  tss_filters.o(i.TSS_KeyDetectorCalculateIIRFilter)
    TSS_KeyDetectorCalibrate                 0x00003f9d   Thumb Code    26  tss_keydetector.o(i.TSS_KeyDetectorCalibrate)
    TSS_KeyDetectorElectrodeStatusUpdate     0x00003ff9   Thumb Code    44  tss_keydetector.o(i.TSS_KeyDetectorElectrodeStatusUpdate)
    TSS_KeyDetectorFillDeltaLogBuffer        0x00004051   Thumb Code    12  tss_keydetector.o(i.TSS_KeyDetectorFillDeltaLogBuffer)
    TSS_KeyDetectorFillSignalLogBuffer       0x00004061   Thumb Code    12  tss_keydetector.o(i.TSS_KeyDetectorFillSignalLogBuffer)
    TSS_KeyDetectorGetDCTrackerCounter       0x00004075   Thumb Code     6  tss_keydetector.o(i.TSS_KeyDetectorGetDCTrackerCounter)
    TSS_KeyDetectorGetElectrodeEnablerStatus 0x00004081   Thumb Code    50  tss_keydetector.o(i.TSS_KeyDetectorGetElectrodeEnablerStatus)
    TSS_KeyDetectorGetElectrodeGroupStatus   0x000040c1   Thumb Code    60  tss_keydetector.o(i.TSS_KeyDetectorGetElectrodeGroupStatus)
    TSS_KeyDetectorGetShieldElectrodeReleaseStatus 0x00004101   Thumb Code    52  tss_keydetector.o(i.TSS_KeyDetectorGetShieldElectrodeReleaseStatus)
    TSS_KeyDetectorGetSlowDCTrackerCounter   0x00004141   Thumb Code     6  tss_keydetector.o(i.TSS_KeyDetectorGetSlowDCTrackerCounter)
    TSS_KeyDetectorInit                      0x0000414d   Thumb Code    50  tss_keydetector.o(i.TSS_KeyDetectorInit)
    TSS_KeyDetectorInitPrevCapSample         0x0000418d   Thumb Code    12  tss_filters.o(i.TSS_KeyDetectorInitPrevCapSample)
    TSS_KeyDetectorMain                      0x000041a1   Thumb Code   364  tss_keydetector.o(i.TSS_KeyDetectorMain)
    TSS_KeyDetectorRecalibrateModules        0x000043c1   Thumb Code    14  tss_keydetector.o(i.TSS_KeyDetectorRecalibrateModules)
    TSS_KeyDetectorRecalibrationRequest      0x000043d5   Thumb Code    16  tss_keydetector.o(i.TSS_KeyDetectorRecalibrationRequest)
    TSS_KeyDetectorReleaseElectrode          0x000043e5   Thumb Code    30  tss_keydetector.o(i.TSS_KeyDetectorReleaseElectrode)
    TSS_KeyDetectorResetElectrode            0x00004409   Thumb Code    16  tss_keydetector.o(i.TSS_KeyDetectorResetElectrode)
    TSS_KeyDetectorResetElectrodeDebouncing  0x0000441d   Thumb Code    16  tss_keydetector.o(i.TSS_KeyDetectorResetElectrodeDebouncing)
    TSS_KeyDetectorResetElectrodeMeasured    0x00004439   Thumb Code    24  tss_keydetector.o(i.TSS_KeyDetectorResetElectrodeMeasured)
    TSS_KeyDetectorResetStuckKeyCounter      0x0000445d   Thumb Code     8  tss_keydetector.o(i.TSS_KeyDetectorResetStuckKeyCounter)
    TSS_KeyDetectorRestartElectrode          0x00004469   Thumb Code    44  tss_keydetector.o(i.TSS_KeyDetectorRestartElectrode)
    TSS_KeyDetectorSignalDivider             0x000044ad   Thumb Code    18  tss_filters.o(i.TSS_KeyDetectorSignalDivider)
    TSS_LowPowerConfig                       0x000044c9   Thumb Code   150  tss_main.o(i.TSS_LowPowerConfig)
    TSS_SetASliderConfig                     0x00004569   Thumb Code   240  tss_asliderdecoder.o(i.TSS_SetASliderConfig)
    TSS_SetControlElectrodesEnablers         0x00004665   Thumb Code   130  tss_main.o(i.TSS_SetControlElectrodesEnablers)
    TSS_SetSystemConfig                      0x00004705   Thumb Code   742  tss_main.o(i.TSS_SetSystemConfig)
    TSS_SubUInt16WithUInt16ToSInt16          0x00004a2d   Thumb Code    40  tss_filters.o(i.TSS_SubUInt16WithUInt16ToSInt16)
    TSS_Task                                 0x00004a59   Thumb Code   182  tss_main.o(i.TSS_Task)
    TSS_TriggerConfig                        0x00004b29   Thumb Code    98  tss_main.o(i.TSS_TriggerConfig)
    TSS_TriggerControl                       0x00004b95   Thumb Code    60  tss_main.o(i.TSS_TriggerControl)
    __ARM_common_switch8                     0x00004bd9   Thumb Code    26  tss_sensortsil.o(i.__ARM_common_switch8)
    __scatterload_copy                       0x00004bf3   Thumb Code    14  handlers.o(i.__scatterload_copy)
    __scatterload_null                       0x00004c01   Thumb Code     2  handlers.o(i.__scatterload_null)
    __scatterload_zeroinit                   0x00004c03   Thumb Code    14  handlers.o(i.__scatterload_zeroinit)
    tss_faSampleElectrode                    0x00004c10   Data           8  tss_sensor.o(.constdata)
    tss_acp8ElectrodeROMData                 0x00004c18   Data           8  tss_sensor.o(.constdata)
    TSS_TSIL0_METHOD_ROMDATA_CONTEXT         0x00004c20   Data          16  tss_sensortsil.o(.constdata)
    TSS_E0_ROMDATA_CONTEXT                   0x00004c30   Data          12  tss_sensortsil.o(.constdata)
    TSS_E1_ROMDATA_CONTEXT                   0x00004c3c   Data          12  tss_sensortsil.o(.constdata)
    TSS_C0_INPUTS_GROUP                      0x00004c4c   Data           2  tss_systemsetupdata.o(.constdata)
    TSS_C0_STRUCTURE_ROM_CONTEXT             0x00004c50   Data          28  tss_systemsetupdata.o(.constdata)
    tss_faCallback                           0x00004c6c   Data           4  tss_systemsetupdata.o(.constdata)
    tss_acpsDecRAMContext                    0x00004c70   Data           4  tss_systemsetupdata.o(.constdata)
    tss_acpsDecROMContext                    0x00004c74   Data           4  tss_systemsetupdata.o(.constdata)
    tss_acpsCSStructs                        0x00004c78   Data           4  tss_systemsetupdata.o(.constdata)
    tss_faDecoders                           0x00004c7c   Data           4  tss_systemsetupdata.o(.constdata)
    tss_cau8ShieldPairs                      0x00004c80   Data           1  tss_systemsetupdata.o(.constdata)
    tss_cau8SignalDivider                    0x00004c81   Data           2  tss_systemsetupdata.o(.constdata)
    tss_fDecodersControl                     0x00004c84   Data           4  tss_systemsetupdata.o(.constdata)
    tss_cu8NumElecs                          0x00004c88   Data           1  tss_systemsetupdata.o(.constdata)
    tss_cu8NumCtrls                          0x00004c89   Data           1  tss_systemsetupdata.o(.constdata)
    tss_cu8ElecBitFldLn                      0x00004c8a   Data           1  tss_systemsetupdata.o(.constdata)
    tss_fCalculateIIRFilter                  0x00004c8c   Data           4  tss_systemsetupdata.o(.constdata)
    tss_fCalculateShielding                  0x00004c90   Data           4  tss_systemsetupdata.o(.constdata)
    tss_fInitPrevCapSample                   0x00004c94   Data           4  tss_systemsetupdata.o(.constdata)
    tss_fFillDeltaLogBuffer                  0x00004c98   Data           4  tss_systemsetupdata.o(.constdata)
    tss_fFillSignalLogBuffer                 0x00004c9c   Data           4  tss_systemsetupdata.o(.constdata)
    tss_fDataCorruptionCheck                 0x00004ca0   Data           4  tss_systemsetupdata.o(.constdata)
    tss_fFmstrCall                           0x00004ca4   Data           4  tss_systemsetupdata.o(.constdata)
    tss_fTriggerConfig                       0x00004ca8   Data           4  tss_systemsetupdata.o(.constdata)
    tss_fTriggerControl                      0x00004cac   Data           4  tss_systemsetupdata.o(.constdata)
    tss_fLowPowerConfig                      0x00004cb0   Data           4  tss_systemsetupdata.o(.constdata)
    tss_fOnFault                             0x00004cb4   Data           4  tss_systemsetupdata.o(.constdata)
    tss_fOnInit                              0x00004cb8   Data           4  tss_systemsetupdata.o(.constdata)
    tss_cu8APosFilterWeight                  0x00004cbc   Data           1  tss_systemsetupdata.o(.constdata)
    tss_fASliderCalculatePosIIRFilter        0x00004cc0   Data           4  tss_systemsetupdata.o(.constdata)
    tss_fASliderDelayControl                 0x00004cc4   Data           4  tss_systemsetupdata.o(.constdata)
    tss_cu8ASliderTrendBufferLength          0x00004cc8   Data           1  tss_systemsetupdata.o(.constdata)
    tss_i8ASliderTrendThreshold              0x00004cc9   Data           1  tss_systemsetupdata.o(.constdata)
    tss_fASliderTrendThreshold               0x00004ccc   Data           4  tss_systemsetupdata.o(.constdata)
    tss_fASliderTrendControl                 0x00004cd0   Data           4  tss_systemsetupdata.o(.constdata)
    tss_fOnProximity                         0x00004cd4   Data           4  tss_systemsetupdata.o(.constdata)
    tss_fProximityConfig                     0x00004cd8   Data           4  tss_systemsetupdata.o(.constdata)
    tss_fStuckKeyControl                     0x00004cdc   Data           4  tss_systemsetupdata.o(.constdata)
    tss_fResetStuckKeyCounter                0x00004ce0   Data           4  tss_systemsetupdata.o(.constdata)
    tss_fNegativeBaselineDrop                0x00004ce4   Data           4  tss_systemsetupdata.o(.constdata)
    tss_fKeyDetectorRecalibrationRequest     0x00004ce8   Data           4  tss_systemsetupdata.o(.constdata)
    tss_fSignalDivider                       0x00004cec   Data           4  tss_systemsetupdata.o(.constdata)
    tss_fSignalMultiplier                    0x00004cf0   Data           4  tss_systemsetupdata.o(.constdata)
    tss_fAutoCalibration                     0x00004cf4   Data           4  tss_systemsetupdata.o(.constdata)
    tss_fSensitivityLowLimitControl          0x00004cf8   Data           4  tss_systemsetupdata.o(.constdata)
    tss_fDeltaNoiseAnalysisIIRControl        0x00004cfc   Data           4  tss_systemsetupdata.o(.constdata)
    tss_cu8BaselineInitLength                0x00004d00   Data           1  tss_systemsetupdata.o(.constdata)
    tss_cu8AutoCalibInitLength               0x00004d01   Data           1  tss_systemsetupdata.o(.constdata)
    tss_ci8DeltaNoiseAnalysisIIRWeights      0x00004d02   Data           2  tss_systemsetupdata.o(.constdata)
    tss_csKeyBasicASCContext                 0x00004d04   Data           6  tss_systemsetupdata.o(.constdata)
    tss_fKeyDetectorElectrodeEval            0x00004d0c   Data           4  tss_systemsetupdata.o(.constdata)
    tss_fKeyDetectorIntegrationResetEval     0x00004d10   Data           4  tss_systemsetupdata.o(.constdata)
    tss_fKeyNoiseSchedulerInit               0x00004d14   Data           4  tss_systemsetupdata.o(.constdata)
    tss_fKeyNoiseSchedulerRun                0x00004d18   Data           4  tss_systemsetupdata.o(.constdata)
    Region$$Table$$Base                      0x00004d30   Number         0  anon$$obj.o(Region$$Table)
    Region$$Table$$Limit                     0x00004d50   Number         0  anon$$obj.o(Region$$Table)
    mcg_clk_hz                               0x1ffffc28   Data           4  sysinit_kl25.o(.data)
    tss_u8SampleIntFlag                      0x1ffffc2c   Data           1  tss_sensor.o(.data)
    cASlider1                                0x1ffffc2d   Data           8  tss_systemsetupdata.o(.data)
    TSS_C0_STRUCTURE_RAM_CONTEXT             0x1ffffc36   Data           2  tss_systemsetupdata.o(.data)
    TSS_C0_POSFILTER_CONTEXT                 0x1ffffc38   Data           2  tss_systemsetupdata.o(.data)
    TSS_C0_TREND_CONTEXT                     0x1ffffc3a   Data           3  tss_systemsetupdata.o(.data)
    tss_au8Sensitivity                       0x1ffffc3d   Data           2  tss_systemsetupdata.o(.data)
    tss_au8ElectrodeEnablers                 0x1ffffc3f   Data           1  tss_systemsetupdata.o(.data)
    tss_au8ElectrodeStatus                   0x1ffffc40   Data           1  tss_systemsetupdata.o(.data)
    tss_au16ElecBaseline                     0x1ffffc42   Data           4  tss_systemsetupdata.o(.data)
    tss_au8ElectrodeMeasured                 0x1ffffc46   Data           1  tss_systemsetupdata.o(.data)
    tss_au8ElectrodeMarker                   0x1ffffc47   Data           1  tss_systemsetupdata.o(.data)
    tss_au8ElectrodeLowThresholdEnablers     0x1ffffc48   Data           1  tss_systemsetupdata.o(.data)
    tss_au8ElectrodeDCTrackerEnablers        0x1ffffc49   Data           1  tss_systemsetupdata.o(.data)
    tss_au8DebounceCount                     0x1ffffc4a   Data           2  tss_systemsetupdata.o(.data)
    tss_au8TouchCount                        0x1ffffc4c   Data           2  tss_systemsetupdata.o(.data)
    tss_au8ReleaseCount                      0x1ffffc4e   Data           2  tss_systemsetupdata.o(.data)
    tss_au8ElecState                         0x1ffffc50   Data           2  tss_systemsetupdata.o(.data)
    tss_au8ControlScheduleCount              0x1ffffc52   Data           1  tss_systemsetupdata.o(.data)
    tss_au16PrevCapSample                    0x1ffffc54   Data           4  tss_systemsetupdata.o(.data)
    tss_ai8InstantDelta                      0x1ffffc58   Data           2  tss_systemsetupdata.o(.data)
    tss_au16InstantSignal                    0x1ffffc5a   Data           4  tss_systemsetupdata.o(.data)
    tss_u8ConfCheckSum                       0x1ffffc5e   Data           1  tss_systemsetupdata.o(.data)
    tss_au8StuckCount                        0x1ffffc5f   Data           2  tss_systemsetupdata.o(.data)
    tss_ai8MaxDeltaAmplitude                 0x1ffffc61   Data           2  tss_systemsetupdata.o(.data)
    tss_ai8DeltaAmplitude                    0x1ffffc63   Data           2  tss_systemsetupdata.o(.data)
    tss_asAutoCalibrationData                0x1ffffc65   Data           6  tss_systemsetupdata.o(.data)
    tss_ai8NoiseAmplitude                    0x1ffffc6b   Data           2  tss_systemsetupdata.o(.data)
    tss_ai8SensitivityLowLimit               0x1ffffc6d   Data           1  tss_systemsetupdata.o(.data)
    u16LPcounter                             0x1ffffc70   Data           2  main.o(.data)
    tss_u16CapSample                         0x1ffffc8a   Data           2  tss_keydetector.o(.data)
    TSS_TSIL0_METHOD_RAMDATA_CONTEXT         0x1ffffd00   Data          10  tss_sensortsil.o(.bss)
    TSS_TSIL0_CHANNEL_COUNTER_BUFFER         0x1ffffd0a   Data          32  tss_sensortsil.o(.bss)
    TSS_C0_TREND_BUFFER                      0x1ffffd2a   Data          32  tss_systemsetupdata.o(.bss)
    tss_CSSys                                0x1ffffd4a   Data          12  tss_systemsetupdata.o(.bss)
    tss_asDeltaNoiseAnalysisIIRData          0x1ffffd56   Data          12  tss_systemsetupdata.o(.bss)
    __initial_sp                             0x20000168   Data           0  startup_mkl25z4.o(STACK)



==============================================================================

Memory Map of the image

  Image Entry point : 0x000000c1

  Load Region LR_IROM1 (Base: 0x00000000, Size: 0x00004de4, Max: 0x00008000, ABSOLUTE)

    Execution Region ER_IROM1 (Base: 0x00000000, Size: 0x00004d50, Max: 0x00008000, ABSOLUTE)

    Base Addr    Size         Type   Attr      Idx    E Section Name        Object

    0x00000000   0x000000c0   Data   RO          562    RESET               startup_mkl25z4.o
    0x000000c0   0x00000000   Code   RO          771  * .ARM.Collect$$$$00000000  mc_p.l(entry.o)
    0x000000c0   0x00000004   Code   RO          788    .ARM.Collect$$$$00000001  mc_p.l(entry2.o)
    0x000000c4   0x00000004   Code   RO          791    .ARM.Collect$$$$00000004  mc_p.l(entry5.o)
    0x000000c8   0x00000000   Code   RO          793    .ARM.Collect$$$$00000008  mc_p.l(entry7b.o)
    0x000000c8   0x00000000   Code   RO          795    .ARM.Collect$$$$0000000A  mc_p.l(entry8b.o)
    0x000000c8   0x00000008   Code   RO          796    .ARM.Collect$$$$0000000B  mc_p.l(entry9a.o)
    0x000000d0   0x00000000   Code   RO          798    .ARM.Collect$$$$0000000D  mc_p.l(entry10a.o)
    0x000000d0   0x00000000   Code   RO          800    .ARM.Collect$$$$0000000F  mc_p.l(entry11a.o)
    0x000000d0   0x00000004   Code   RO          789    .ARM.Collect$$$$00002712  mc_p.l(entry2.o)
    0x000000d4   0x000000d8   Code   RO            1    .text               app_init.o
    0x000001ac   0x000000a4   Code   RO           59    .text               events.o
    0x00000250   0x00000094   Code   RO          160    .text               freemaster_scope.o
    0x000002e4   0x000000cc   Code   RO          202    .text               freemaster_kxx.o
    0x000003b0   0x0000000c   Code   RO          282    .text               wdog_kl25.o
    0x000003bc   0x0000002c   Code   RO          321    .text               tss_sensor.o
    0x000003e8   0x0000000c   Code   RO          428    .text               tss_systemsetupdata.o
    0x000003f4   0x0000000c   Code   RO          571    .text               system_mkl25z4.o
    0x00000400   0x00000010   Code   RO          563    .ARM.__at_0x400     startup_mkl25z4.o
    0x00000410   0x000001c4   Code   RO          135    .text               freemaster_protocol.o
    0x000005d4   0x00000278   Code   RO          175    .text               freemaster_serial.o
    0x0000084c   0x00000158   Code   RO          190    .text               freemaster_tsa.o
    0x000009a4   0x0000006c   Code   RO          217    .text               arm_cm0.o
    0x00000a10   0x000000a4   Code   RO          229    .text               sysinit_kl25.o
    0x00000ab4   0x00001398   Code   RO          263    .text               mcg_kl25.o
    0x00001e4c   0x000000f0   Code   RO          294    .text               uart_kl25.o
    0x00001f3c   0x000008ac   Code   RO          398    .text               tss_sensortsil.o
    0x000027e8   0x00000070   Code   RO          543    .text               main.o
    0x00002858   0x0000001c   Code   RO          564    .text               startup_mkl25z4.o
    0x00002874   0x0000021c   Code   RO          583    .text               board.o
    0x00002a90   0x0000002c   Code   RO          774    .text               mc_p.l(uidiv.o)
    0x00002abc   0x00000028   Code   RO          776    .text               mc_p.l(idiv.o)
    0x00002ae4   0x0000007a   Code   RO          778    .text               mf_p.l(fmul.o)
    0x00002b5e   0x0000007c   Code   RO          780    .text               mf_p.l(fdiv.o)
    0x00002bda   0x00000018   Code   RO          782    .text               mf_p.l(fscalb.o)
    0x00002bf2   0x00000016   Code   RO          784    .text               mf_p.l(fflti.o)
    0x00002c08   0x00000028   Code   RO          786    .text               mf_p.l(ffixui.o)
    0x00002c30   0x00000000   Code   RO          802    .text               mc_p.l(iusefp.o)
    0x00002c30   0x00000082   Code   RO          803    .text               mf_p.l(fepilogue.o)
    0x00002cb2   0x00000002   PAD
    0x00002cb4   0x00000024   Code   RO          805    .text               mc_p.l(init.o)
    0x00002cd8   0x0000006c   Code   RO          599    i.TSS_ASliderCalculatePosIIRFilter  TSS_KXX_M0.lib(tss_asliderdecoder.o)
    0x00002d44   0x00000458   Code   RO          600    i.TSS_ASliderDecoder  TSS_KXX_M0.lib(tss_asliderdecoder.o)
    0x0000319c   0x000000ec   Code   RO          602    i.TSS_ASliderTrendControl  TSS_KXX_M0.lib(tss_asliderdecoder.o)
    0x00003288   0x00000028   Code   RO          603    i.TSS_ASliderTrendThreshold  TSS_KXX_M0.lib(tss_asliderdecoder.o)
    0x000032b0   0x00000094   Code   RO          702    i.TSS_BrowseModules  TSS_KXX_M0.lib(tss_main.o)
    0x00003344   0x00000016   Code   RO          613    i.TSS_CutSInt16ToSInt8  TSS_KXX_M0.lib(tss_filters.o)
    0x0000335a   0x00000002   PAD
    0x0000335c   0x000000bc   Code   RO          703    i.TSS_DataCorruptionCheck  TSS_KXX_M0.lib(tss_main.o)
    0x00003418   0x00000078   Code   RO          704    i.TSS_DecodersControl  TSS_KXX_M0.lib(tss_main.o)
    0x00003490   0x0000007c   Code   RO          705    i.TSS_FaultEvaluation  TSS_KXX_M0.lib(tss_main.o)
    0x0000350c   0x00000110   Code   RO          714    i.TSS_GetSystemConfig  TSS_KXX_M0.lib(tss_main.o)
    0x0000361c   0x0000006c   Code   RO          715    i.TSS_Init          TSS_KXX_M0.lib(tss_main.o)
    0x00003688   0x00000054   Code   RO          716    i.TSS_InitInternalArrays  TSS_KXX_M0.lib(tss_main.o)
    0x000036dc   0x00000058   Code   RO          717    i.TSS_InitRegisterArrays  TSS_KXX_M0.lib(tss_main.o)
    0x00003734   0x00000074   Code   RO          686    i.TSS_KeyBasicDeltaNoiseAnalysisIIRControl  TSS_KXX_M0.lib(tss_keydetectornormal.o)
    0x000037a8   0x00000198   Code   RO          687    i.TSS_KeyBasicDetect  TSS_KXX_M0.lib(tss_keydetectornormal.o)
    0x00003940   0x00000290   Code   RO          688    i.TSS_KeyBasicElectrodeEval  TSS_KXX_M0.lib(tss_keydetectornormal.o)
    0x00003bd0   0x00000074   Code   RO          689    i.TSS_KeyBasicEvaluateNoiseData  TSS_KXX_M0.lib(tss_keydetectornormal.o)
    0x00003c44   0x00000090   Code   RO          691    i.TSS_KeyBasicNegativeBaselineDrop  TSS_KXX_M0.lib(tss_keydetectornormal.o)
    0x00003cd4   0x00000240   Code   RO          692    i.TSS_KeyBasicSensAutoCalibration  TSS_KXX_M0.lib(tss_keydetectornormal.o)
    0x00003f14   0x0000004c   Code   RO          693    i.TSS_KeyBasicStuckKeyControl  TSS_KXX_M0.lib(tss_keydetectornormal.o)
    0x00003f60   0x00000020   Code   RO          637    i.TSS_KeyDetectorCalculateDelta  TSS_KXX_M0.lib(tss_keydetector.o)
    0x00003f80   0x0000001c   Code   RO          614    i.TSS_KeyDetectorCalculateIIRFilter  TSS_KXX_M0.lib(tss_filters.o)
    0x00003f9c   0x00000020   Code   RO          638    i.TSS_KeyDetectorCalibrate  TSS_KXX_M0.lib(tss_keydetector.o)
    0x00003fbc   0x0000003c   Code   RO          639    i.TSS_KeyDetectorDCTrackerEvalExecution  TSS_KXX_M0.lib(tss_keydetector.o)
    0x00003ff8   0x00000030   Code   RO          640    i.TSS_KeyDetectorElectrodeStatusUpdate  TSS_KXX_M0.lib(tss_keydetector.o)
    0x00004028   0x00000026   Code   RO          641    i.TSS_KeyDetectorFaultDecoder  TSS_KXX_M0.lib(tss_keydetector.o)
    0x0000404e   0x00000002   PAD
    0x00004050   0x00000010   Code   RO          642    i.TSS_KeyDetectorFillDeltaLogBuffer  TSS_KXX_M0.lib(tss_keydetector.o)
    0x00004060   0x00000014   Code   RO          643    i.TSS_KeyDetectorFillSignalLogBuffer  TSS_KXX_M0.lib(tss_keydetector.o)
    0x00004074   0x0000000c   Code   RO          644    i.TSS_KeyDetectorGetDCTrackerCounter  TSS_KXX_M0.lib(tss_keydetector.o)
    0x00004080   0x00000040   Code   RO          645    i.TSS_KeyDetectorGetElectrodeEnablerStatus  TSS_KXX_M0.lib(tss_keydetector.o)
    0x000040c0   0x00000040   Code   RO          646    i.TSS_KeyDetectorGetElectrodeGroupStatus  TSS_KXX_M0.lib(tss_keydetector.o)
    0x00004100   0x00000040   Code   RO          647    i.TSS_KeyDetectorGetShieldElectrodeReleaseStatus  TSS_KXX_M0.lib(tss_keydetector.o)
    0x00004140   0x0000000c   Code   RO          648    i.TSS_KeyDetectorGetSlowDCTrackerCounter  TSS_KXX_M0.lib(tss_keydetector.o)
    0x0000414c   0x00000040   Code   RO          649    i.TSS_KeyDetectorInit  TSS_KXX_M0.lib(tss_keydetector.o)
    0x0000418c   0x00000014   Code   RO          616    i.TSS_KeyDetectorInitPrevCapSample  TSS_KXX_M0.lib(tss_filters.o)
    0x000041a0   0x00000198   Code   RO          650    i.TSS_KeyDetectorMain  TSS_KXX_M0.lib(tss_keydetector.o)
    0x00004338   0x00000088   Code   RO          652    i.TSS_KeyDetectorRecalibrateElectrode  TSS_KXX_M0.lib(tss_keydetector.o)
    0x000043c0   0x00000014   Code   RO          653    i.TSS_KeyDetectorRecalibrateModules  TSS_KXX_M0.lib(tss_keydetector.o)
    0x000043d4   0x00000010   Code   RO          654    i.TSS_KeyDetectorRecalibrationRequest  TSS_KXX_M0.lib(tss_keydetector.o)
    0x000043e4   0x00000024   Code   RO          655    i.TSS_KeyDetectorReleaseElectrode  TSS_KXX_M0.lib(tss_keydetector.o)
    0x00004408   0x00000014   Code   RO          656    i.TSS_KeyDetectorResetElectrode  TSS_KXX_M0.lib(tss_keydetector.o)
    0x0000441c   0x0000001c   Code   RO          657    i.TSS_KeyDetectorResetElectrodeDebouncing  TSS_KXX_M0.lib(tss_keydetector.o)
    0x00004438   0x00000024   Code   RO          658    i.TSS_KeyDetectorResetElectrodeMeasured  TSS_KXX_M0.lib(tss_keydetector.o)
    0x0000445c   0x0000000c   Code   RO          659    i.TSS_KeyDetectorResetStuckKeyCounter  TSS_KXX_M0.lib(tss_keydetector.o)
    0x00004468   0x00000044   Code   RO          660    i.TSS_KeyDetectorRestartElectrode  TSS_KXX_M0.lib(tss_keydetector.o)
    0x000044ac   0x0000001c   Code   RO          617    i.TSS_KeyDetectorSignalDivider  TSS_KXX_M0.lib(tss_filters.o)
    0x000044c8   0x000000a0   Code   RO          723    i.TSS_LowPowerConfig  TSS_KXX_M0.lib(tss_main.o)
    0x00004568   0x000000fc   Code   RO          605    i.TSS_SetASliderConfig  TSS_KXX_M0.lib(tss_asliderdecoder.o)
    0x00004664   0x000000a0   Code   RO          725    i.TSS_SetControlElectrodesEnablers  TSS_KXX_M0.lib(tss_main.o)
    0x00004704   0x00000328   Code   RO          727    i.TSS_SetSystemConfig  TSS_KXX_M0.lib(tss_main.o)
    0x00004a2c   0x0000002c   Code   RO          622    i.TSS_SubUInt16WithUInt16ToSInt16  TSS_KXX_M0.lib(tss_filters.o)
    0x00004a58   0x000000d0   Code   RO          732    i.TSS_Task          TSS_KXX_M0.lib(tss_main.o)
    0x00004b28   0x0000006c   Code   RO          734    i.TSS_TriggerConfig  TSS_KXX_M0.lib(tss_main.o)
    0x00004b94   0x00000044   Code   RO          735    i.TSS_TriggerControl  TSS_KXX_M0.lib(tss_main.o)
    0x00004bd8   0x0000001a   Code   RO          416    i.__ARM_common_switch8  tss_sensortsil.o
    0x00004bf2   0x0000000e   Code   RO          809    i.__scatterload_copy  mc_p.l(handlers.o)
    0x00004c00   0x00000002   Code   RO          810    i.__scatterload_null  mc_p.l(handlers.o)
    0x00004c02   0x0000000e   Code   RO          811    i.__scatterload_zeroinit  mc_p.l(handlers.o)
    0x00004c10   0x00000008   Data   RO          322    .constdata          tss_sensor.o
    0x00004c18   0x00000008   Data   RO          324    .constdata          tss_sensor.o
    0x00004c20   0x00000010   Data   RO          400    .constdata          tss_sensortsil.o
    0x00004c30   0x0000000c   Data   RO          401    .constdata          tss_sensortsil.o
    0x00004c3c   0x0000000c   Data   RO          402    .constdata          tss_sensortsil.o
    0x00004c48   0x00000004   Data   RO          403    .constdata          tss_sensortsil.o
    0x00004c4c   0x00000002   Data   RO          432    .constdata          tss_systemsetupdata.o
    0x00004c4e   0x00000002   PAD
    0x00004c50   0x0000001c   Data   RO          433    .constdata          tss_systemsetupdata.o
    0x00004c6c   0x00000004   Data   RO          434    .constdata          tss_systemsetupdata.o
    0x00004c70   0x00000004   Data   RO          435    .constdata          tss_systemsetupdata.o
    0x00004c74   0x00000004   Data   RO          436    .constdata          tss_systemsetupdata.o
    0x00004c78   0x00000004   Data   RO          437    .constdata          tss_systemsetupdata.o
    0x00004c7c   0x00000004   Data   RO          438    .constdata          tss_systemsetupdata.o
    0x00004c80   0x00000001   Data   RO          439    .constdata          tss_systemsetupdata.o
    0x00004c81   0x00000002   Data   RO          440    .constdata          tss_systemsetupdata.o
    0x00004c83   0x00000001   PAD
    0x00004c84   0x00000004   Data   RO          443    .constdata          tss_systemsetupdata.o
    0x00004c88   0x00000001   Data   RO          444    .constdata          tss_systemsetupdata.o
    0x00004c89   0x00000001   Data   RO          445    .constdata          tss_systemsetupdata.o
    0x00004c8a   0x00000001   Data   RO          446    .constdata          tss_systemsetupdata.o
    0x00004c8b   0x00000001   PAD
    0x00004c8c   0x00000004   Data   RO          448    .constdata          tss_systemsetupdata.o
    0x00004c90   0x00000004   Data   RO          449    .constdata          tss_systemsetupdata.o
    0x00004c94   0x00000004   Data   RO          450    .constdata          tss_systemsetupdata.o
    0x00004c98   0x00000004   Data   RO          451    .constdata          tss_systemsetupdata.o
    0x00004c9c   0x00000004   Data   RO          453    .constdata          tss_systemsetupdata.o
    0x00004ca0   0x00000004   Data   RO          454    .constdata          tss_systemsetupdata.o
    0x00004ca4   0x00000004   Data   RO          455    .constdata          tss_systemsetupdata.o
    0x00004ca8   0x00000004   Data   RO          456    .constdata          tss_systemsetupdata.o
    0x00004cac   0x00000004   Data   RO          457    .constdata          tss_systemsetupdata.o
    0x00004cb0   0x00000004   Data   RO          458    .constdata          tss_systemsetupdata.o
    0x00004cb4   0x00000004   Data   RO          459    .constdata          tss_systemsetupdata.o
    0x00004cb8   0x00000004   Data   RO          460    .constdata          tss_systemsetupdata.o
    0x00004cbc   0x00000001   Data   RO          461    .constdata          tss_systemsetupdata.o
    0x00004cbd   0x00000003   PAD
    0x00004cc0   0x00000004   Data   RO          462    .constdata          tss_systemsetupdata.o
    0x00004cc4   0x00000004   Data   RO          464    .constdata          tss_systemsetupdata.o
    0x00004cc8   0x00000001   Data   RO          465    .constdata          tss_systemsetupdata.o
    0x00004cc9   0x00000001   Data   RO          466    .constdata          tss_systemsetupdata.o
    0x00004cca   0x00000002   PAD
    0x00004ccc   0x00000004   Data   RO          467    .constdata          tss_systemsetupdata.o
    0x00004cd0   0x00000004   Data   RO          468    .constdata          tss_systemsetupdata.o
    0x00004cd4   0x00000004   Data   RO          471    .constdata          tss_systemsetupdata.o
    0x00004cd8   0x00000004   Data   RO          472    .constdata          tss_systemsetupdata.o
    0x00004cdc   0x00000004   Data   RO          473    .constdata          tss_systemsetupdata.o
    0x00004ce0   0x00000004   Data   RO          474    .constdata          tss_systemsetupdata.o
    0x00004ce4   0x00000004   Data   RO          475    .constdata          tss_systemsetupdata.o
    0x00004ce8   0x00000004   Data   RO          476    .constdata          tss_systemsetupdata.o
    0x00004cec   0x00000004   Data   RO          477    .constdata          tss_systemsetupdata.o
    0x00004cf0   0x00000004   Data   RO          478    .constdata          tss_systemsetupdata.o
    0x00004cf4   0x00000004   Data   RO          479    .constdata          tss_systemsetupdata.o
    0x00004cf8   0x00000004   Data   RO          480    .constdata          tss_systemsetupdata.o
    0x00004cfc   0x00000004   Data   RO          481    .constdata          tss_systemsetupdata.o
    0x00004d00   0x00000001   Data   RO          482    .constdata          tss_systemsetupdata.o
    0x00004d01   0x00000001   Data   RO          483    .constdata          tss_systemsetupdata.o
    0x00004d02   0x00000002   Data   RO          484    .constdata          tss_systemsetupdata.o
    0x00004d04   0x00000006   Data   RO          485    .constdata          tss_systemsetupdata.o
    0x00004d0a   0x00000002   PAD
    0x00004d0c   0x00000004   Data   RO          487    .constdata          tss_systemsetupdata.o
    0x00004d10   0x00000004   Data   RO          488    .constdata          tss_systemsetupdata.o
    0x00004d14   0x00000004   Data   RO          489    .constdata          tss_systemsetupdata.o
    0x00004d18   0x00000004   Data   RO          490    .constdata          tss_systemsetupdata.o
    0x00004d1c   0x00000012   Data   RO          544    .conststring        main.o
    0x00004d2e   0x00000002   PAD
    0x00004d30   0x00000020   Data   RO          807    Region$$Table       anon$$obj.o


    Execution Region RW_IRAM1 (Base: 0x1ffffc00, Size: 0x00000568, Max: 0x00001000, ABSOLUTE)

    Base Addr    Size         Type   Attr      Idx    E Section Name        Object

    0x1ffffc00   0x00000009   Data   RW          162    .data               freemaster_scope.o
    0x1ffffc09   0x00000003   PAD
    0x1ffffc0c   0x00000018   Data   RW          177    .data               freemaster_serial.o
    0x1ffffc24   0x00000001   Data   RW          203    .data               freemaster_kxx.o
    0x1ffffc25   0x00000003   PAD
    0x1ffffc28   0x00000004   Data   RW          230    .data               sysinit_kl25.o
    0x1ffffc2c   0x00000001   Data   RW          327    .data               tss_sensor.o
    0x1ffffc2d   0x00000008   Data   RW          493    .data               tss_systemsetupdata.o
    0x1ffffc35   0x00000001   PAD
    0x1ffffc36   0x00000002   Data   RW          494    .data               tss_systemsetupdata.o
    0x1ffffc38   0x00000002   Data   RW          496    .data               tss_systemsetupdata.o
    0x1ffffc3a   0x00000003   Data   RW          498    .data               tss_systemsetupdata.o
    0x1ffffc3d   0x00000002   Data   RW          500    .data               tss_systemsetupdata.o
    0x1ffffc3f   0x00000001   Data   RW          501    .data               tss_systemsetupdata.o
    0x1ffffc40   0x00000001   Data   RW          502    .data               tss_systemsetupdata.o
    0x1ffffc41   0x00000001   PAD
    0x1ffffc42   0x00000004   Data   RW          503    .data               tss_systemsetupdata.o
    0x1ffffc46   0x00000001   Data   RW          504    .data               tss_systemsetupdata.o
    0x1ffffc47   0x00000001   Data   RW          505    .data               tss_systemsetupdata.o
    0x1ffffc48   0x00000001   Data   RW          506    .data               tss_systemsetupdata.o
    0x1ffffc49   0x00000001   Data   RW          507    .data               tss_systemsetupdata.o
    0x1ffffc4a   0x00000002   Data   RW          508    .data               tss_systemsetupdata.o
    0x1ffffc4c   0x00000002   Data   RW          509    .data               tss_systemsetupdata.o
    0x1ffffc4e   0x00000002   Data   RW          510    .data               tss_systemsetupdata.o
    0x1ffffc50   0x00000002   Data   RW          511    .data               tss_systemsetupdata.o
    0x1ffffc52   0x00000001   Data   RW          512    .data               tss_systemsetupdata.o
    0x1ffffc53   0x00000001   PAD
    0x1ffffc54   0x00000004   Data   RW          513    .data               tss_systemsetupdata.o
    0x1ffffc58   0x00000002   Data   RW          514    .data               tss_systemsetupdata.o
    0x1ffffc5a   0x00000004   Data   RW          516    .data               tss_systemsetupdata.o
    0x1ffffc5e   0x00000001   Data   RW          517    .data               tss_systemsetupdata.o
    0x1ffffc5f   0x00000002   Data   RW          518    .data               tss_systemsetupdata.o
    0x1ffffc61   0x00000002   Data   RW          519    .data               tss_systemsetupdata.o
    0x1ffffc63   0x00000002   Data   RW          520    .data               tss_systemsetupdata.o
    0x1ffffc65   0x00000006   Data   RW          521    .data               tss_systemsetupdata.o
    0x1ffffc6b   0x00000002   Data   RW          522    .data               tss_systemsetupdata.o
    0x1ffffc6d   0x00000001   Data   RW          523    .data               tss_systemsetupdata.o
    0x1ffffc6e   0x00000002   PAD
    0x1ffffc70   0x00000014   Data   RW          545    .data               main.o
    0x1ffffc84   0x00000008   Data   RW          661    .data               TSS_KXX_M0.lib(tss_keydetector.o)
    0x1ffffc8c   0x00000008   Data   RW          736    .data               TSS_KXX_M0.lib(tss_main.o)
    0x1ffffc94   0x00000020   Zero   RW          161    .bss                freemaster_scope.o
    0x1ffffcb4   0x0000004c   Zero   RW          176    .bss                freemaster_serial.o
    0x1ffffd00   0x0000002a   Zero   RW          399    .bss                tss_sensortsil.o
    0x1ffffd2a   0x00000020   Zero   RW          429    .bss                tss_systemsetupdata.o
    0x1ffffd4a   0x0000000c   Zero   RW          430    .bss                tss_systemsetupdata.o
    0x1ffffd56   0x0000000c   Zero   RW          431    .bss                tss_systemsetupdata.o
    0x1ffffd62   0x00000006   PAD
    0x1ffffd68   0x00000400   Zero   RW          560    STACK               startup_mkl25z4.o


==============================================================================

Image component sizes


      Code (inc. data)   RO Data    RW Data    ZI Data      Debug   Object Name

       216         16          0          0          0     155069   app_init.o
       108         14          0          0          0       1051   arm_cm0.o
       540         78          0          0          0       1689   board.o
       164         26          0          0          0       1042   events.o
         0          0          0          0          0     159812   freemaster_appcmd.o
       204          6          0          1          0       3626   freemaster_kxx.o
       452          0          0          0          0       3565   freemaster_protocol.o
       148          8          0          9         32       2007   freemaster_scope.o
       632         14          0         24         76       3708   freemaster_serial.o
       344          0          0          0          0       2496   freemaster_tsa.o
       112         14         18         20          0       1785   main.o
      5016        334          0          0          0      12814   mcg_kl25.o
        44         24        192          0       1024        868   startup_mkl25z4.o
       164         34          0          4          0       1470   sysinit_kl25.o
        12          0          0          0          0        437   system_mkl25z4.o
        44         10         16          1          0     146295   tss_sensor.o
         0          0          0          0          0      30781   tss_sensorgpio.o
      2246        100         44          0         42      45910   tss_sensortsil.o
        12          0        197         62         56      29322   tss_systemsetupdata.o
       240         16          0          0          0       1788   uart_kl25.o
        12          4          0          0          0        483   wdog_kl25.o

    ----------------------------------------------------------------------
     10710        698        512        132       1236     606018   Object Totals
         0          0         32          0          0          0   (incl. Generated)
         0          0         13         11          6          0   (incl. Padding)

    ----------------------------------------------------------------------

      Code (inc. data)   RO Data    RW Data    ZI Data      Debug   Library Member Name

      1748        112          0          0          0        380   tss_asliderdecoder.o
       142         30          0          0          0        316   tss_filters.o
      1306        232          0          8          0       1500   tss_keydetector.o
      2092        232          0          0          0        544   tss_keydetectornormal.o
      2644        336          0          8          0       1020   tss_main.o
         0          0          0          0          0          0   entry.o
         0          0          0          0          0          0   entry10a.o
         0          0          0          0          0          0   entry11a.o
         8          4          0          0          0          0   entry2.o
         4          0          0          0          0          0   entry5.o
         0          0          0          0          0          0   entry7b.o
         0          0          0          0          0          0   entry8b.o
         8          4          0          0          0          0   entry9a.o
        30          0          0          0          0          0   handlers.o
        40          0          0          0          0         72   idiv.o
        36          8          0          0          0         68   init.o
         0          0          0          0          0          0   iusefp.o
        44          0          0          0          0         72   uidiv.o
       124          0          0          0          0         72   fdiv.o
       130          0          0          0          0        144   fepilogue.o
        40          0          0          0          0         60   ffixui.o
        22          0          0          0          0         68   fflti.o
       122          0          0          0          0         72   fmul.o
        24          0          0          0          0         60   fscalb.o

    ----------------------------------------------------------------------
      8570        958          0         16          0       4448   Library Totals
         6          0          0          0          0          0   (incl. Padding)

    ----------------------------------------------------------------------

      Code (inc. data)   RO Data    RW Data    ZI Data      Debug   Library Name

      7932        942          0         16          0       3760   TSS_KXX_M0.lib
       170         16          0          0          0        212   mc_p.l
       462          0          0          0          0        476   mf_p.l

    ----------------------------------------------------------------------
      8570        958          0         16          0       4448   Library Totals

    ----------------------------------------------------------------------

==============================================================================


      Code (inc. data)   RO Data    RW Data    ZI Data      Debug   

     19280       1656        512        148       1236     606350   Grand Totals
     19280       1656        512        148       1236     606350   ELF Image Totals
     19280       1656        512        148          0          0   ROM Totals

==============================================================================

    Total RO  Size (Code + RO Data)                19792 (  19.33kB)
    Total RW  Size (RW Data + ZI Data)              1384 (   1.35kB)
    Total ROM Size (Code + RO Data + RW Data)      19940 (  19.47kB)

==============================================================================

