Component: ARM Compiler 5.05 update 1 (build 106) Tool: armlink [4d0efa]

==============================================================================

Section Cross References

    app_init.o(.text) refers to wdog_kl25.o(.text) for wdog_disable
    app_init.o(.text) refers to board.o(.text) for LPTMRStop
    app_init.o(.text) refers to tss_main.o(i.TSS_Init) for TSS_Init
    app_init.o(.text) refers to tss_main.o(i.TSS_SetSystemConfig) for TSS_SetSystemConfig
    app_init.o(.text) refers to tss_asliderdecoder.o(i.TSS_SetASliderConfig) for TSS_SetASliderConfig
    app_init.o(.text) refers to tss_systemsetupdata.o(.data) for cASlider1
    events.o(.text) refers to timers.o(.text) for Start_PIT
    events.o(.text) refers to tss_main.o(i.TSS_SetSystemConfig) for TSS_SetSystemConfig
    events.o(.text) refers to board.o(.text) for InitDevices
    events.o(.text) refers to tss_systemsetupdata.o(.data) for cASlider1
    events.o(.text) refers to main.o(.data) for LCD_update_delay
    events.o(.text) refers to tss_systemsetupdata.o(.bss) for tss_CSSys
    events.o(.text) refers to tss_sensor.o(.data) for tss_u8SampleIntFlag
    freemaster_protocol.o(.text) refers to freemaster_tsa.o(.text) for FMSTR_InitTsa
    freemaster_protocol.o(.text) refers to freemaster_scope.o(.text) for FMSTR_InitScope
    freemaster_protocol.o(.text) refers to freemaster_serial.o(.text) for FMSTR_InitSerial
    freemaster_protocol.o(.text) refers to freemaster_kxx.o(.text) for FMSTR_AddressFromBuffer
    freemaster_scope.o(.text) refers to freemaster_kxx.o(.text) for FMSTR_AddressFromBuffer
    freemaster_scope.o(.text) refers to freemaster_scope.o(.data) for .data
    freemaster_scope.o(.text) refers to freemaster_scope.o(.bss) for .bss
    freemaster_serial.o(.text) refers to freemaster_protocol.o(.text) for FMSTR_ProtocolDecoder
    freemaster_serial.o(.text) refers to freemaster_serial.o(.data) for .data
    freemaster_serial.o(.text) refers to freemaster_serial.o(.bss) for .bss
    freemaster_tsa.o(.text) refers to freemaster_kxx.o(.text) for FMSTR_ValueFromBuffer16
    freemaster_tsa.o(.text) refers to main.o(.text) for FMSTR_TsaGetTable
    freemaster_tsa.o(.text) refers to freemaster_protocol.o(.text) for FMSTR_StrLen
    freemaster_kxx.o(.text) refers to freemaster_serial.o(.text) for FMSTR_ProcessSCI
    freemaster_kxx.o(.text) refers to events.o(.text) for TSS_FmstrIsrCallbackCustom
    freemaster_kxx.o(.text) refers to freemaster_kxx.o(.data) for .data
    sysinit_kl25.o(.text) refers to mcg_kl25.o(.text) for pll_init
    sysinit_kl25.o(.text) refers to sysinit_kl25.o(.data) for .data
    mcg_kl25.o(.text) refers to idiv.o(.text) for __aeabi_idivmod
    mcg_kl25.o(.text) refers to uidiv.o(.text) for __aeabi_uidivmod
    mcg_kl25.o(.text) refers to fflti.o(.text) for __aeabi_i2f
    mcg_kl25.o(.text) refers to fdiv.o(.text) for __aeabi_fdiv
    mcg_kl25.o(.text) refers to fmul.o(.text) for __aeabi_fmul
    mcg_kl25.o(.text) refers to fscalb.o(.text) for __ARM_scalbnf
    mcg_kl25.o(.text) refers to ffixui.o(.text) for __aeabi_f2uiz
    uart_kl25.o(.text) refers to idiv.o(.text) for __aeabi_idivmod
    tss_sensor.o(.text) refers to tss_main.o(i.TSS_BrowseModules) for TSS_BrowseModules
    tss_sensor.o(.text) refers to tss_sensor.o(.constdata) for .constdata
    tss_sensor.o(.constdata) refers to tss_sensortsil.o(.text) for TSIL_SampleElectrode
    tss_sensor.o(.constdata) refers to tss_sensor.o(.text) for TSS_SampleElectrodeLowE0
    tss_sensor.o(.constdata) refers to tss_sensortsil.o(.constdata) for TSS_E0_ROMDATA_CONTEXT
    tss_sensor.o(.constdata) refers to tss_sensortsil.o(.constdata) for TSS_E1_ROMDATA_CONTEXT
    tss_sensor.o(.data) refers to tss_sensortsil.o(.data) for TSS_E0_RAMDATA_CONTEXT
    tss_sensor.o(.data) refers to tss_sensortsil.o(.data) for TSS_E1_RAMDATA_CONTEXT
    tss_sensortsil.o(.text) refers to tss_main.o(i.TSS_GetSystemConfig) for TSS_GetSystemConfig
    tss_sensortsil.o(.text) refers to tss_systemsetupdata.o(.bss) for tss_CSSys
    tss_sensortsil.o(.text) refers to tss_sensor.o(.constdata) for tss_acp8ElectrodeROMData
    tss_sensortsil.o(.text) refers to tss_systemsetupdata.o(.data) for tss_au8ElectrodeEnablers
    tss_sensortsil.o(.text) refers to tss_sensortsil.o(.constdata) for .constdata
    tss_sensortsil.o(.text) refers to tss_keydetector.o(.data) for tss_u16CapSample
    tss_sensortsil.o(.text) refers to tss_systemsetupdata.o(.constdata) for tss_cau8SignalDivider
    tss_sensortsil.o(.text) refers to tss_sensortsil.o(i.__ARM_common_switch8) for __ARM_common_switch8
    tss_sensortsil.o(.text) refers to tss_main.o(i.TSS_SetSystemConfig) for TSS_SetSystemConfig
    tss_sensortsil.o(.text) refers to tss_sensortsil.o(.bss) for .bss
    tss_sensortsil.o(.text) refers to tss_sensor.o(.data) for tss_u8SampleIntFlag
    tss_sensortsil.o(.constdata) refers to tss_sensortsil.o(.text) for TSIL_MethodControl
[...]
    TSS_KeyBasicEvaluateNoiseData            0x000046e5   Thumb Code    96  tss_keydetectornormal.o(i.TSS_KeyBasicEvaluateNoiseData)
    i.TSS_KeyBasicNegativeBaselineDrop       0x00004758   Section        0  tss_keydetectornormal.o(i.TSS_KeyBasicNegativeBaselineDrop)
    i.TSS_KeyBasicSensAutoCalibration        0x000047e8   Section        0  tss_keydetectornormal.o(i.TSS_KeyBasicSensAutoCalibration)
    i.TSS_KeyBasicStuckKeyControl            0x00004a28   Section        0  tss_keydetectornormal.o(i.TSS_KeyBasicStuckKeyControl)
    i.TSS_KeyDetectorCalculateDelta          0x00004a74   Section        0  tss_keydetector.o(i.TSS_KeyDetectorCalculateDelta)
    i.TSS_KeyDetectorCalculateIIRFilter      0x00004a94   Section        0  tss_filters.o(i.TSS_KeyDetectorCalculateIIRFilter)
    i.TSS_KeyDetectorCalibrate               0x00004ab0   Section        0  tss_keydetector.o(i.TSS_KeyDetectorCalibrate)
    i.TSS_KeyDetectorDCTrackerEvalExecution  0x00004ad0   Section        0  tss_keydetector.o(i.TSS_KeyDetectorDCTrackerEvalExecution)
    TSS_KeyDetectorDCTrackerEvalExecution    0x00004ad1   Thumb Code    50  tss_keydetector.o(i.TSS_KeyDetectorDCTrackerEvalExecution)
    i.TSS_KeyDetectorElectrodeStatusUpdate   0x00004b0c   Section        0  tss_keydetector.o(i.TSS_KeyDetectorElectrodeStatusUpdate)
    i.TSS_KeyDetectorFaultDecoder            0x00004b3c   Section        0  tss_keydetector.o(i.TSS_KeyDetectorFaultDecoder)
    TSS_KeyDetectorFaultDecoder              0x00004b3d   Thumb Code    38  tss_keydetector.o(i.TSS_KeyDetectorFaultDecoder)
    i.TSS_KeyDetectorFillDeltaLogBuffer      0x00004b64   Section        0  tss_keydetector.o(i.TSS_KeyDetectorFillDeltaLogBuffer)
    i.TSS_KeyDetectorFillSignalLogBuffer     0x00004b74   Section        0  tss_keydetector.o(i.TSS_KeyDetectorFillSignalLogBuffer)
    i.TSS_KeyDetectorGetDCTrackerCounter     0x00004b88   Section        0  tss_keydetector.o(i.TSS_KeyDetectorGetDCTrackerCounter)
    i.TSS_KeyDetectorGetElectrodeEnablerStatus 0x00004b94   Section        0  tss_keydetector.o(i.TSS_KeyDetectorGetElectrodeEnablerStatus)
    i.TSS_KeyDetectorGetElectrodeGroupStatus 0x00004bd4   Section        0  tss_keydetector.o(i.TSS_KeyDetectorGetElectrodeGroupStatus)
    i.TSS_KeyDetectorGetShieldElectrodeReleaseStatus 0x00004c14   Section        0  tss_keydetector.o(i.TSS_KeyDetectorGetShieldElectrodeReleaseStatus)
    i.TSS_KeyDetectorGetSlowDCTrackerCounter 0x00004c54   Section        0  tss_keydetector.o(i.TSS_KeyDetectorGetSlowDCTrackerCounter)
    i.TSS_KeyDetectorInit                    0x00004c60   Section        0  tss_keydetector.o(i.TSS_KeyDetectorInit)
    i.TSS_KeyDetectorInitPrevCapSample       0x00004ca0   Section        0  tss_filters.o(i.TSS_KeyDetectorInitPrevCapSample)
    i.TSS_KeyDetectorMain                    0x00004cb4   Section        0  tss_keydetector.o(i.TSS_KeyDetectorMain)
    i.TSS_KeyDetectorRecalibrateElectrode    0x00004e4c   Section        0  tss_keydetector.o(i.TSS_KeyDetectorRecalibrateElectrode)
    TSS_KeyDetectorRecalibrateElectrode      0x00004e4d   Thumb Code   124  tss_keydetector.o(i.TSS_KeyDetectorRecalibrateElectrode)
    i.TSS_KeyDetectorRecalibrateModules      0x00004ed4   Section        0  tss_keydetector.o(i.TSS_KeyDetectorRecalibrateModules)
    i.TSS_KeyDetectorRecalibrationRequest    0x00004ee8   Section        0  tss_keydetector.o(i.TSS_KeyDetectorRecalibrationRequest)
    i.TSS_KeyDetectorReleaseElectrode        0x00004ef8   Section        0  tss_keydetector.o(i.TSS_KeyDetectorReleaseElectrode)
    i.TSS_KeyDetectorResetElectrode          0x00004f1c   Section        0  tss_keydetector.o(i.TSS_KeyDetectorResetElectrode)
    i.TSS_KeyDetectorResetElectrodeDebouncing 0x00004f30   Section        0  tss_keydetector.o(i.TSS_KeyDetectorResetElectrodeDebouncing)
    i.TSS_KeyDetectorResetElectrodeMeasured  0x00004f4c   Section        0  tss_keydetector.o(i.TSS_KeyDetectorResetElectrodeMeasured)
    i.TSS_KeyDetectorResetStuckKeyCounter    0x00004f70   Section        0  tss_keydetector.o(i.TSS_KeyDetectorResetStuckKeyCounter)
    i.TSS_KeyDetectorRestartElectrode        0x00004f7c   Section        0  tss_keydetector.o(i.TSS_KeyDetectorRestartElectrode)
    i.TSS_KeyDetectorSignalDivider           0x00004fc0   Section        0  tss_filters.o(i.TSS_KeyDetectorSignalDivider)
    i.TSS_LowPowerConfig                     0x00004fdc   Section        0  tss_main.o(i.TSS_LowPowerConfig)
    i.TSS_SetASliderConfig                   0x0000507c   Section        0  tss_asliderdecoder.o(i.TSS_SetASliderConfig)
    i.TSS_SetControlElectrodesEnablers       0x00005178   Section        0  tss_main.o(i.TSS_SetControlElectrodesEnablers)
    i.TSS_SetSystemConfig                    0x00005218   Section        0  tss_main.o(i.TSS_SetSystemConfig)
    i.TSS_SubUInt16WithUInt16ToSInt16        0x00005540   Section        0  tss_filters.o(i.TSS_SubUInt16WithUInt16ToSInt16)
    i.TSS_Task                               0x0000556c   Section        0  tss_main.o(i.TSS_Task)
    i.TSS_TriggerConfig                      0x0000563c   Section        0  tss_main.o(i.TSS_TriggerConfig)
    i.TSS_TriggerControl                     0x000056a8   Section        0  tss_main.o(i.TSS_TriggerControl)
    i.__ARM_clz                              0x000056ec   Section        0  depilogue.o(i.__ARM_clz)
    i.__ARM_common_switch8                   0x0000571a   Section        0  tss_sensortsil.o(i.__ARM_common_switch8)
    i.__ARM_fpclassify                       0x00005734   Section        0  fpclassify.o(i.__ARM_fpclassify)
    i.__kernel_poly                          0x00005760   Section        0  poly.o(i.__kernel_poly)
    i.__mathlib_dbl_infnan                   0x0000580c   Section        0  dunder.o(i.__mathlib_dbl_infnan)
    i.__mathlib_dbl_underflow                0x00005818   Section        0  dunder.o(i.__mathlib_dbl_underflow)
    i.__scatterload_copy                     0x0000582c   Section       14  handlers.o(i.__scatterload_copy)
    i.__scatterload_null                     0x0000583a   Section        2  handlers.o(i.__scatterload_null)
    i.__scatterload_zeroinit                 0x0000583c   Section       14  handlers.o(i.__scatterload_zeroinit)
    i.__set_errno                            0x0000584c   Section        0  errno.o(i.__set_errno)
    i.atan                                   0x00005858   Section        0  atan.o(i.atan)
    i.atan2                                  0x00005a74   Section        0  atan2.o(i.atan2)
    i.sqrt                                   0x00005bec   Section        0  sqrt.o(i.sqrt)
    .constdata                               0x00005c34   Section        8  tss_sensor.o(.constdata)
    .constdata                               0x00005c3c   Section        8  tss_sensor.o(.constdata)
    .constdata                               0x00005c44   Section       16  tss_sensortsil.o(.constdata)
    .constdata                               0x00005c54   Section       12  tss_sensortsil.o(.constdata)
    .constdata                               0x00005c60   Section       12  tss_sensortsil.o(.constdata)
    .constdata                               0x00005c6c   Section        4  tss_sensortsil.o(.constdata)
    .constdata                               0x00005c70   Section        2  tss_systemsetupdata.o(.constdata)
    .constdata                               0x00005c74   Section       28  tss_systemsetupdata.o(.constdata)
    .constdata                               0x00005c90   Section        4  tss_systemsetupdata.o(.constdata)
    .constdata                               0x00005c94   Section        4  tss_systemsetupdata.o(.constdata)
    .constdata                               0x00005c98   Section        4  tss_systemsetupdata.o(.constdata)
    .constdata                               0x00005c9c   Section        4  tss_systemsetupdata.o(.constdata)
    .constdata                               0x00005ca0   Section        4  tss_systemsetupdata.o(.constdata)
    .constdata                               0x00005ca4   Section        1  tss_systemsetupdata.o(.constdata)
    .constdata                               0x00005ca5   Section        2  tss_systemsetupdata.o(.constdata)
    .constdata                               0x00005ca8   Section        4  tss_systemsetupdata.o(.constdata)
    .constdata                               0x00005cac   Section        1  tss_systemsetupdata.o(.constdata)
    .constdata                               0x00005cad   Section        1  tss_systemsetupdata.o(.constdata)
    .constdata                               0x00005cae   Section        1  tss_systemsetupdata.o(.constdata)
    .constdata                               0x00005cb0   Section        4  tss_systemsetupdata.o(.constdata)
    .constdata                               0x00005cb4   Section        4  tss_systemsetupdata.o(.constdata)
    .constdata                               0x00005cb8   Section        4  tss_systemsetupdata.o(.constdata)
    .constdata                               0x00005cbc   Section        4  tss_systemsetupdata.o(.constdata)
    .constdata                               0x00005cc0   Section        4  tss_systemsetupdata.o(.constdata)
    .constdata                               0x00005cc4   Section        4  tss_systemsetupdata.o(.constdata)
    .constdata                               0x00005cc8   Section        4  tss_systemsetupdata.o(.constdata)
    .constdata                               0x00005ccc   Section        4  tss_systemsetupdata.o(.constdata)
    .constdata                               0x00005cd0   Section        4  tss_systemsetupdata.o(.constdata)
    .constdata                               0x00005cd4   Section        4  tss_systemsetupdata.o(.constdata)
    .constdata                               0x00005cd8   Section        4  tss_systemsetupdata.o(.constdata)
    .constdata                               0x00005cdc   Section        4  tss_systemsetupdata.o(.constdata)
    .constdata                               0x00005ce0   Section        1  tss_systemsetupdata.o(.constdata)
    .constdata                               0x00005ce4   Section        4  tss_systemsetupdata.o(.constdata)
    .constdata                               0x00005ce8   Section        4  tss_systemsetupdata.o(.constdata)
    .constdata                               0x00005cec   Section        1  tss_systemsetupdata.o(.constdata)
    .constdata                               0x00005ced   Section        1  tss_systemsetupdata.o(.constdata)
    .constdata                               0x00005cf0   Section        4  tss_systemsetupdata.o(.constdata)
    .constdata                               0x00005cf4   Section        4  tss_systemsetupdata.o(.constdata)
    .constdata                               0x00005cf8   Section        4  tss_systemsetupdata.o(.constdata)
    .constdata                               0x00005cfc   Section        4  tss_systemsetupdata.o(.constdata)
    .constdata                               0x00005d00   Section        4  tss_systemsetupdata.o(.constdata)
    .constdata                               0x00005d04   Section        4  tss_systemsetupdata.o(.constdata)
    .constdata                               0x00005d08   Section        4  tss_systemsetupdata.o(.constdata)
    .constdata                               0x00005d0c   Section        4  tss_systemsetupdata.o(.constdata)
    .constdata                               0x00005d10   Section        4  tss_systemsetupdata.o(.constdata)
    .constdata                               0x00005d14   Section        4  tss_systemsetupdata.o(.constdata)
    .constdata                               0x00005d18   Section        4  tss_systemsetupdata.o(.constdata)
    .constdata                               0x00005d1c   Section        4  tss_systemsetupdata.o(.constdata)
    .constdata                               0x00005d20   Section        4  tss_systemsetupdata.o(.constdata)
    .constdata                               0x00005d24   Section        1  tss_systemsetupdata.o(.constdata)
    .constdata                               0x00005d25   Section        1  tss_systemsetupdata.o(.constdata)
    .constdata                               0x00005d26   Section        2  tss_systemsetupdata.o(.constdata)
    .constdata                               0x00005d28   Section        6  tss_systemsetupdata.o(.constdata)
    .constdata                               0x00005d30   Section        4  tss_systemsetupdata.o(.constdata)
    .constdata                               0x00005d34   Section        4  tss_systemsetupdata.o(.constdata)
    .constdata                               0x00005d38   Section        4  tss_systemsetupdata.o(.constdata)
    .constdata                               0x00005d3c   Section        4  tss_systemsetupdata.o(.constdata)
    .constdata                               0x00005d40   Section      152  atan.o(.constdata)
    atanhi                                   0x00005d40   Data          32  atan.o(.constdata)
    atanlo                                   0x00005d60   Data          32  atan.o(.constdata)
    aTodd                                    0x00005d80   Data          40  atan.o(.constdata)
    aTeven                                   0x00005da8   Data          48  atan.o(.constdata)
    .constdata                               0x00005dd8   Section        8  qnan.o(.constdata)
    .conststring                             0x00005de0   Section       18  main.o(.conststring)
    .data                                    0x1ffffc00   Section        9  freemaster_scope.o(.data)
    pcm_nScopeVarCount                       0x1ffffc00   Data           1  freemaster_scope.o(.data)
    pcm_pScopeVarSize                        0x1ffffc01   Data           8  freemaster_scope.o(.data)
    .data                                    0x1ffffc0c   Section       24  freemaster_serial.o(.data)
    pcm_nTxTodo                              0x1ffffc0c   Data           1  freemaster_serial.o(.data)
    pcm_nRxTodo                              0x1ffffc0d   Data           1  freemaster_serial.o(.data)
    pcm_nRxCheckSum                          0x1ffffc0e   Data           1  freemaster_serial.o(.data)
    pcm_wFlags                               0x1ffffc10   Data           4  freemaster_serial.o(.data)
    pcm_pTxBuff                              0x1ffffc14   Data           4  freemaster_serial.o(.data)
    pcm_pRxBuff                              0x1ffffc18   Data           4  freemaster_serial.o(.data)
    pcm_pRQueueRP                            0x1ffffc1c   Data           4  freemaster_serial.o(.data)
    pcm_pRQueueWP                            0x1ffffc20   Data           4  freemaster_serial.o(.data)
    .data                                    0x1ffffc24   Section        1  freemaster_kxx.o(.data)
    pcm_bNextAddrIsEx                        0x1ffffc24   Data           1  freemaster_kxx.o(.data)
    .data                                    0x1ffffc28   Section        4  sysinit_kl25.o(.data)
    .data                                    0x1ffffc2c   Section        1  tss_sensor.o(.data)
    .data                                    0x1ffffc2d   Section        8  tss_systemsetupdata.o(.data)
    .data                                    0x1ffffc36   Section        2  tss_systemsetupdata.o(.data)
    .data                                    0x1ffffc38   Section        2  tss_systemsetupdata.o(.data)
    .data                                    0x1ffffc3a   Section        3  tss_systemsetupdata.o(.data)
    .data                                    0x1ffffc3d   Section        2  tss_systemsetupdata.o(.data)
    .data                                    0x1ffffc3f   Section        1  tss_systemsetupdata.o(.data)
    .data                                    0x1ffffc40   Section        1  tss_systemsetupdata.o(.data)
    .data                                    0x1ffffc42   Section        4  tss_systemsetupdata.o(.data)
    .data                                    0x1ffffc46   Section        1  tss_systemsetupdata.o(.data)
    .data                                    0x1ffffc47   Section        1  tss_systemsetupdata.o(.data)
    .data                                    0x1ffffc48   Section        1  tss_systemsetupdata.o(.data)
    .data                                    0x1ffffc49   Section        1  tss_systemsetupdata.o(.data)
    .data                                    0x1ffffc4a   Section        2  tss_systemsetupdata.o(.data)
    .data                                    0x1ffffc4c   Section        2  tss_systemsetupdata.o(.data)
    .data                                    0x1ffffc4e   Section        2  tss_systemsetupdata.o(.data)
    .data                                    0x1ffffc50   Section        2  tss_systemsetupdata.o(.data)
    .data                                    0x1ffffc52   Section        1  tss_systemsetupdata.o(.data)
    .data                                    0x1ffffc54   Section        4  tss_systemsetupdata.o(.data)
    .data                                    0x1ffffc58   Section        2  tss_systemsetupdata.o(.data)
    .data                                    0x1ffffc5a   Section        4  tss_systemsetupdata.o(.data)
    .data                                    0x1ffffc5e   Section        1  tss_systemsetupdata.o(.data)
    .data                                    0x1ffffc5f   Section        2  tss_systemsetupdata.o(.data)
    .data                                    0x1ffffc61   Section        2  tss_systemsetupdata.o(.data)
    .data                                    0x1ffffc63   Section        2  tss_systemsetupdata.o(.data)
    .data                                    0x1ffffc65   Section        6  tss_systemsetupdata.o(.data)
    .data                                    0x1ffffc6b   Section        2  tss_systemsetupdata.o(.data)
    .data                                    0x1ffffc6d   Section        1  tss_systemsetupdata.o(.data)
    .data                                    0x1ffffc70   Section       28  main.o(.data)
    fmstr_tsatable                           0x1ffffc7c   Data          16  main.o(.data)
    .data                                    0x1ffffc8c   Section       16  mma8451.o(.data)
    .data                                    0x1ffffc9c   Section        4  timers.o(.data)
    .data                                    0x1ffffca0   Section        8  tss_keydetector.o(.data)
    g_u8ElectrodeCommand                     0x1ffffca0   Data           1  tss_keydetector.o(.data)
    u8TriggerProcessElectrode                0x1ffffca1   Data           1  tss_keydetector.o(.data)
    u8MeasurementStatus                      0x1ffffca2   Data           1  tss_keydetector.o(.data)
    g_u8DCTrackCounter                       0x1ffffca3   Data           1  tss_keydetector.o(.data)
    g_u8SlowDCTrackCounter                   0x1ffffca4   Data           1  tss_keydetector.o(.data)
    g_u8KeyDetectorElecIndex                 0x1ffffca5   Data           1  tss_keydetector.o(.data)
    .data                                    0x1ffffca8   Section        8  tss_main.o(.data)
    u8TriggerCounter                         0x1ffffca8   Data           1  tss_main.o(.data)
    g_u8APIFunctionRunFlag                   0x1ffffca9   Data           1  tss_main.o(.data)
    g_u16Size                                0x1ffffcaa   Data           2  tss_main.o(.data)
    g_pu8DataAddr                            0x1ffffcac   Data           4  tss_main.o(.data)
    .data                                    0x1ffffcb0   Section        4  errno.o(.data)
    _errno                                   0x1ffffcb0   Data           4  errno.o(.data)
    .bss                                     0x1ffffcb4   Section       32  freemaster_scope.o(.bss)
    pcm_pScopeVarAddr                        0x1ffffcb4   Data          32  freemaster_scope.o(.bss)
    .bss                                     0x1ffffcd4   Section       76  freemaster_serial.o(.bss)
    pcm_pCommBuffer                          0x1ffffcd4   Data          44  freemaster_serial.o(.bss)
    pcm_pRQueueBuffer                        0x1ffffd00   Data          32  freemaster_serial.o(.bss)
    .bss                                     0x1ffffd20   Section       42  tss_sensortsil.o(.bss)
    .bss                                     0x1ffffd4a   Section       32  tss_systemsetupdata.o(.bss)
    .bss                                     0x1ffffd6a   Section       12  tss_systemsetupdata.o(.bss)
    .bss                                     0x1ffffd76   Section       12  tss_systemsetupdata.o(.bss)
    STACK                                    0x1ffffd88   Section     1024  startup_mkl25z4.o(STACK)

    Global Symbols

    Symbol Name                              Value     Ov Type        Size  Object(Section)

    BuildAttributes$$THM_ISAv3M$S$PE$A:L22$X:L11$S22$IEEE1$IW$USESV6$~STKCKD$USESV7$~SHL$OTIME$ROPI$IEEEX$EBA8$MICROLIB$REQ8$PRES8$EABIv2 0x00000000   Number         0  anon$$obj.o ABSOLUTE
    __ARM_use_no_argv                        0x00000000   Number         0  main.o ABSOLUTE
    __Vectors                                0x00000000   Data           4  startup_mkl25z4.o(RESET)
    __cpp_initialize__aeabi_                  - Undefined Weak Reference
    __cxa_finalize                            - Undefined Weak Reference
    __decompress                              - Undefined Weak Reference
    _clock_init                               - Undefined Weak Reference
    _microlib_exit                            - Undefined Weak Reference
    __Vectors_End                            0x000000c0   Data           0  startup_mkl25z4.o(RESET)
    __Vectors_Size                           0x000000c0   Number         0  startup_mkl25z4.o ABSOLUTE
    __main                                   0x000000c1   Thumb Code     0  entry.o(.ARM.Collect$$$$00000000)
    _main_stk                                0x000000c1   Thumb Code     0  entry2.o(.ARM.Collect$$$$00000001)
    _main_scatterload                        0x000000c5   Thumb Code     0  entry5.o(.ARM.Collect$$$$00000004)
    __main_after_scatterload                 0x000000c9   Thumb Code     0  entry5.o(.ARM.Collect$$$$00000004)
    _main_clock                              0x000000c9   Thumb Code     0  entry7b.o(.ARM.Collect$$$$00000008)
    _main_cpp_init                           0x000000c9   Thumb Code     0  entry8b.o(.ARM.Collect$$$$0000000A)
    _main_init                               0x000000c9   Thumb Code     0  entry9a.o(.ARM.Collect$$$$0000000B)
    __rt_final_cpp                           0x000000d1   Thumb Code     0  entry10a.o(.ARM.Collect$$$$0000000D)
    __rt_final_exit                          0x000000d1   Thumb Code     0  entry11a.o(.ARM.Collect$$$$0000000F)
    InitPorts                                0x000000d5   Thumb Code     8  app_init.o(.text)
    DelayMS                                  0x000000dd   Thumb Code    94  app_init.o(.text)
    TSS_Init_ASlider                         0x0000013b   Thumb Code    98  app_init.o(.text)
    TSS1_fCallBack1                          0x000001ad   Thumb Code    28  events.o(.text)
    TSS_fOnFault                             0x000001c9   Thumb Code    58  events.o(.text)
    TSS_fOnInit                              0x00000203   Thumb Code     8  events.o(.text)
    TSS_FmstrIsrCallbackCustom               0x0000020b   Thumb Code    14  events.o(.text)
    FMSTR_Init                               0x00000235   Thumb Code    22  freemaster_protocol.o(.text)
    FMSTR_GetBoardInfo                       0x0000024b   Thumb Code    28  freemaster_protocol.o(.text)
    FMSTR_WriteMemMask                       0x00000267   Thumb Code    34  freemaster_protocol.o(.text)
    FMSTR_WriteMem                           0x00000289   Thumb Code    34  freemaster_protocol.o(.text)
    FMSTR_ReadMem                            0x000002ab   Thumb Code    44  freemaster_protocol.o(.text)
    FMSTR_ProtocolDecoder                    0x000002d7   Thumb Code   176  freemaster_protocol.o(.text)
    FMSTR_ReadVar                            0x00000387   Thumb Code    30  freemaster_protocol.o(.text)
    FMSTR_WriteVar                           0x000003a5   Thumb Code    32  freemaster_protocol.o(.text)
    FMSTR_WriteVarMask                       0x000003c5   Thumb Code    32  freemaster_protocol.o(.text)
    FMSTR_StrLen                             0x000003e5   Thumb Code    20  freemaster_protocol.o(.text)
    __I$use$fp                               0x000003f9   Thumb Code     0  iusefp.o(.text)
    __mathlib_dbl_infnan2                    0x000003f9   Thumb Code     8  dunder.o(i.__mathlib_dbl_infnan2)
    FMSTR_InitScope                          0x00000411   Thumb Code     2  freemaster_scope.o(.text)
    FMSTR_SetUpScope                         0x00000413   Thumb Code    84  freemaster_scope.o(.text)
    FMSTR_ReadScope                          0x00000467   Thumb Code    54  freemaster_scope.o(.text)
    FMSTR_SendResponse                       0x000004a5   Thumb Code   112  freemaster_serial.o(.text)
    FMSTR_Rx                                 0x00000515   Thumb Code   202  freemaster_serial.o(.text)
    FMSTR_Tx                                 0x0000061b   Thumb Code    70  freemaster_serial.o(.text)
    FMSTR_ProcessSCI                         0x00000661   Thumb Code    86  freemaster_serial.o(.text)
    FMSTR_InitSerial                         0x000006b7   Thumb Code    30  freemaster_serial.o(.text)
    FMSTR_Poll                               0x000006d5   Thumb Code    48  freemaster_serial.o(.text)
    FMSTR_InitTsa                            0x0000071d   Thumb Code     2  freemaster_tsa.o(.text)
    FMSTR_GetTsaInfo                         0x0000071f   Thumb Code    68  freemaster_tsa.o(.text)
    FMSTR_GetStringLen                       0x00000763   Thumb Code    32  freemaster_tsa.o(.text)
    FMSTR_CheckTsaSpace                      0x00000783   Thumb Code   216  freemaster_tsa.o(.text)
    FMSTR_Isr                                0x00000875   Thumb Code    12  freemaster_kxx.o(.text)
    FMSTR_CopyMemory                         0x00000881   Thumb Code    22  freemaster_kxx.o(.text)
    FMSTR_CopyToBuffer                       0x00000897   Thumb Code    22  freemaster_kxx.o(.text)
    FMSTR_CopyFromBuffer                     0x000008ad   Thumb Code    26  freemaster_kxx.o(.text)
    FMSTR_ValueFromBuffer16                  0x000008c7   Thumb Code     4  freemaster_kxx.o(.text)
    FMSTR_ValueFromBuffer32                  0x000008cb   Thumb Code     4  freemaster_kxx.o(.text)
    FMSTR_ValueToBuffer16                    0x000008cf   Thumb Code    12  freemaster_kxx.o(.text)
    FMSTR_ValueToBuffer32                    0x000008db   Thumb Code    12  freemaster_kxx.o(.text)
    FMSTR_CopyFromBufferWithMask             0x000008e7   Thumb Code    38  freemaster_kxx.o(.text)
    FMSTR_SetExAddr                          0x0000090d   Thumb Code     6  freemaster_kxx.o(.text)
    FMSTR_AddressToBuffer                    0x00000913   Thumb Code    24  freemaster_kxx.o(.text)
    FMSTR_AddressFromBuffer                  0x0000092b   Thumb Code    16  freemaster_kxx.o(.text)
    stop                                     0x00000941   Thumb Code    14  arm_cm0.o(.text)
    wait                                     0x0000094f   Thumb Code    14  arm_cm0.o(.text)
    write_vtor                               0x0000095d   Thumb Code     6  arm_cm0.o(.text)
    enable_irq                               0x00000963   Thumb Code    34  arm_cm0.o(.text)
    disable_irq                              0x00000985   Thumb Code    24  arm_cm0.o(.text)
    set_irq_priority                         0x0000099d   Thumb Code     2  arm_cm0.o(.text)
    clk_out_init                             0x000009ad   Thumb Code    20  sysinit_kl25.o(.text)
    sysinit                                  0x000009c1   Thumb Code   110  sysinit_kl25.o(.text)
    pll_init                                 0x00000a51   Thumb Code   498  mcg_kl25.o(.text)
    pee_pbe                                  0x00000c43   Thumb Code    76  mcg_kl25.o(.text)
    pbe_pee                                  0x00000c8f   Thumb Code   132  mcg_kl25.o(.text)
    pbe_fbe                                  0x00000d13   Thumb Code    74  mcg_kl25.o(.text)
    fbe_pbe                                  0x00000d5d   Thumb Code   186  mcg_kl25.o(.text)
    pbe_blpe                                 0x00000e17   Thumb Code   104  mcg_kl25.o(.text)
    blpe_pbe                                 0x00000e7f   Thumb Code   172  mcg_kl25.o(.text)
    blpe_fbe                                 0x00000f2b   Thumb Code    76  mcg_kl25.o(.text)
    fbe_blpe                                 0x00000f77   Thumb Code    44  mcg_kl25.o(.text)
    fll_freq                                 0x00000fa3   Thumb Code   210  mcg_kl25.o(.text)
    fbe_fei                                  0x00001075   Thumb Code   138  mcg_kl25.o(.text)
    fei_fbe                                  0x000010ff   Thumb Code   298  mcg_kl25.o(.text)
    fbe_fee                                  0x00001229   Thumb Code   222  mcg_kl25.o(.text)
    fee_fbe                                  0x00001307   Thumb Code    74  mcg_kl25.o(.text)
    fbe_fbi                                  0x00001351   Thumb Code   246  mcg_kl25.o(.text)
    fbi_fbe                                  0x00001447   Thumb Code   306  mcg_kl25.o(.text)
    fbi_blpi                                 0x00001579   Thumb Code    66  mcg_kl25.o(.text)
    blpi_fbi                                 0x000015bb   Thumb Code    66  mcg_kl25.o(.text)
    fbi_fee                                  0x000015fd   Thumb Code   400  mcg_kl25.o(.text)
    fee_fbi                                  0x0000178d   Thumb Code   234  mcg_kl25.o(.text)
    fbi_fei                                  0x00001877   Thumb Code   130  mcg_kl25.o(.text)
    fei_fbi                                  0x000018f9   Thumb Code   204  mcg_kl25.o(.text)
    fei_fee                                  0x000019c5   Thumb Code   290  mcg_kl25.o(.text)
    fee_fei                                  0x00001ae7   Thumb Code    96  mcg_kl25.o(.text)
    what_mcg_mode                            0x00001b47   Thumb Code   300  mcg_kl25.o(.text)
    atc                                      0x00001c73   Thumb Code   312  mcg_kl25.o(.text)
    clk_monitor_0                            0x00001dab   Thumb Code    22  mcg_kl25.o(.text)
    wdog_disable                             0x00001de9   Thumb Code     8  wdog_kl25.o(.text)
    uart_init                                0x00001df5   Thumb Code    94  uart_kl25.o(.text)
    uart_getchar                             0x00001e53   Thumb Code    10  uart_kl25.o(.text)
    uart_putchar                             0x00001e5d   Thumb Code    10  uart_kl25.o(.text)
    uart_getchar_present                     0x00001e67   Thumb Code     8  uart_kl25.o(.text)
    uart0_init                               0x00001e6f   Thumb Code    74  uart_kl25.o(.text)
    uart0_getchar                            0x00001eb9   Thumb Code    10  uart_kl25.o(.text)
    uart0_putchar                            0x00001ec3   Thumb Code    10  uart_kl25.o(.text)
    uart0_getchar_present                    0x00001ecd   Thumb Code     8  uart_kl25.o(.text)
    TSS_SampleElectrodeLowE0                 0x00001ee5   Thumb Code     4  tss_sensor.o(.text)
    TSS_SampleElectrodeLowE1                 0x00001ee9   Thumb Code     4  tss_sensor.o(.text)
    TSS_SensorInitCallback                   0x00001eed   Thumb Code    12  tss_sensor.o(.text)
    TSS_SensorInit                           0x00001ef9   Thumb Code    14  tss_sensor.o(.text)
    TSIL_InitModule                          0x00001f11   Thumb Code    20  tss_sensortsil.o(.text)
    TSIL_SetNSamples                         0x00001f25   Thumb Code    44  tss_sensortsil.o(.text)
    TSIL_InitLowPower                        0x00001f51   Thumb Code    52  tss_sensortsil.o(.text)
    TSIL_InitPEN                             0x00001f85   Thumb Code   198  tss_sensortsil.o(.text)
    TSIL_Recalibrate                         0x0000204b   Thumb Code   628  tss_sensortsil.o(.text)
    TSIL_InitThresholds                      0x000022bf   Thumb Code   184  tss_sensortsil.o(.text)
    TSIL_InitTrigger                         0x00002377   Thumb Code   198  tss_sensortsil.o(.text)
    TSIL_MethodControl                       0x0000243d   Thumb Code   196  tss_sensortsil.o(.text)
    TSIL_ReadCounter                         0x00002501   Thumb Code    76  tss_sensortsil.o(.text)
    TSIL_HandleMeasurement                   0x0000254d   Thumb Code   112  tss_sensortsil.o(.text)
    TSIL_SampleElectrode                     0x000025bd   Thumb Code   260  tss_sensortsil.o(.text)
    TSS_TSI0Isr                              0x000026c1   Thumb Code   246  tss_sensortsil.o(.text)
    TSS_IIRFilterEquation                    0x000027bd   Thumb Code    12  tss_systemsetupdata.o(.text)
    FMSTR_TsaGetTable_UserAppTable           0x000027c9   Thumb Code    12  main.o(.text)
    FMSTR_TsaGetTable                        0x000027d5   Thumb Code    12  main.o(.text)
    main                                     0x000027e1   Thumb Code   200  main.o(.text)
    Reset_Handler                            0x000028c9   Thumb Code     8  startup_mkl25z4.o(.text)
    NMI_Handler                              0x000028d1   Thumb Code     2  startup_mkl25z4.o(.text)
    HardFault_Handler                        0x000028d3   Thumb Code     2  startup_mkl25z4.o(.text)
    SVC_Handler                              0x000028d5   Thumb Code     2  startup_mkl25z4.o(.text)
    PendSV_Handler                           0x000028d7   Thumb Code     2  startup_mkl25z4.o(.text)
    SysTick_Handler                          0x000028d9   Thumb Code     2  startup_mkl25z4.o(.text)
    ADC0_IRQHandler                          0x000028db   Thumb Code     0  startup_mkl25z4.o(.text)
    CMP0_IRQHandler                          0x000028db   Thumb Code     0  startup_mkl25z4.o(.text)
    DAC0_IRQHandler                          0x000028db   Thumb Code     0  startup_mkl25z4.o(.text)
    DMA0_IRQHandler                          0x000028db   Thumb Code     0  startup_mkl25z4.o(.text)
    DMA1_IRQHandler                          0x000028db   Thumb Code     0  startup_mkl25z4.o(.text)
    DMA2_IRQHandler                          0x000028db   Thumb Code     0  startup_mkl25z4.o(.text)
    DMA3_IRQHandler                          0x000028db   Thumb Code     0  startup_mkl25z4.o(.text)
    DefaultISR                               0x000028db   Thumb Code     0  startup_mkl25z4.o(.text)
    FTFA_IRQHandler                          0x000028db   Thumb Code     0  startup_mkl25z4.o(.text)
    I2C0_IRQHandler                          0x000028db   Thumb Code     0  startup_mkl25z4.o(.text)
    I2C1_IRQHandler                          0x000028db   Thumb Code     0  startup_mkl25z4.o(.text)
    LLW_IRQHandler                           0x000028db   Thumb Code     0  startup_mkl25z4.o(.text)
    LPTimer_IRQHandler                       0x000028db   Thumb Code     0  startup_mkl25z4.o(.text)
    LVD_LVW_IRQHandler                       0x000028db   Thumb Code     0  startup_mkl25z4.o(.text)
    MCG_IRQHandler                           0x000028db   Thumb Code     0  startup_mkl25z4.o(.text)
    PORTA_IRQHandler                         0x000028db   Thumb Code     0  startup_mkl25z4.o(.text)
    PORTD_IRQHandler                         0x000028db   Thumb Code     0  startup_mkl25z4.o(.text)
    RTC_IRQHandler                           0x000028db   Thumb Code     0  startup_mkl25z4.o(.text)
    RTC_Seconds_IRQHandler                   0x000028db   Thumb Code     0  startup_mkl25z4.o(.text)
    Reserved20_IRQHandler                    0x000028db   Thumb Code     0  startup_mkl25z4.o(.text)
    Reserved39_IRQHandler                    0x000028db   Thumb Code     0  startup_mkl25z4.o(.text)
    Reserved45_IRQHandler                    0x000028db   Thumb Code     0  startup_mkl25z4.o(.text)
    SPI0_IRQHandler                          0x000028db   Thumb Code     0  startup_mkl25z4.o(.text)
    SPI1_IRQHandler                          0x000028db   Thumb Code     0  startup_mkl25z4.o(.text)
    TPM0_IRQHandler                          0x000028db   Thumb Code     0  startup_mkl25z4.o(.text)
    TPM1_IRQHandler                          0x000028db   Thumb Code     0  startup_mkl25z4.o(.text)
    TPM2_IRQHandler                          0x000028db   Thumb Code     0  startup_mkl25z4.o(.text)
    TSI0_IRQHandler                          0x000028db   Thumb Code     0  startup_mkl25z4.o(.text)
    UART0_IRQHandler                         0x000028db   Thumb Code     0  startup_mkl25z4.o(.text)
    UART1_IRQHandler                         0x000028db   Thumb Code     0  startup_mkl25z4.o(.text)
    UART2_IRQHandler                         0x000028db   Thumb Code     0  startup_mkl25z4.o(.text)
    USB0_IRQHandler                          0x000028db   Thumb Code     0  startup_mkl25z4.o(.text)
    SystemInit                               0x000028e5   Thumb Code    12  system_mkl25z4.o(.text)
    FreeMASTER_Init                          0x000028f1   Thumb Code    48  board.o(.text)
    PWM_init                                 0x00002921   Thumb Code    84  board.o(.text)
    LPTMRInit                                0x00002975   Thumb Code    52  board.o(.text)
    LPTMRStop                                0x000029a9   Thumb Code    30  board.o(.text)
    LPTMRIsr                                 0x000029c7   Thumb Code    94  board.o(.text)
    GotoLowPower                             0x00002a25   Thumb Code   116  board.o(.text)
    LowPowerControl                          0x00002a99   Thumb Code    18  board.o(.text)
    InitDevices                              0x00002aab   Thumb Code    20  board.o(.text)
    Delay                                    0x00002b0d   Thumb Code    18  delay.o(.text)
    i2c_init                                 0x00002b25   Thumb Code    52  i2c.o(.text)
    i2c_start                                0x00002b59   Thumb Code    20  i2c.o(.text)
    i2c_read_setup                           0x00002b6d   Thumb Code    70  i2c.o(.text)
    i2c_repeated_read                        0x00002bb3   Thumb Code    52  i2c.o(.text)
    i2c_read_byte                            0x00002be7   Thumb Code   118  i2c.o(.text)
    i2c_write_byte                           0x00002c5d   Thumb Code    74  i2c.o(.text)
    init_mma                                 0x00002cb5   Thumb Code    38  mma8451.o(.text)
    read_full_xyz                            0x00002cdb   Thumb Code   106  mma8451.o(.text)
    read_xyz                                 0x00002d45   Thumb Code    54  mma8451.o(.text)
    convert_xyz_to_roll_pitch                0x00002d7b   Thumb Code   188  mma8451.o(.text)
    Init_PIT                                 0x00002e49   Thumb Code    74  timers.o(.text)
    Start_PIT                                0x00002e93   Thumb Code    12  timers.o(.text)
    Stop_PIT                                 0x00002e9f   Thumb Code    12  timers.o(.text)
    PIT_IRQHandler                           0x00002eab   Thumb Code    96  timers.o(.text)
    __aeabi_uidiv                            0x00002f3d   Thumb Code     0  uidiv.o(.text)
    __aeabi_uidivmod                         0x00002f3d   Thumb Code    44  uidiv.o(.text)
    __aeabi_idiv                             0x00002f69   Thumb Code     0  idiv.o(.text)
    __aeabi_idivmod                          0x00002f69   Thumb Code    40  idiv.o(.text)
    __aeabi_fadd                             0x00002f91   Thumb Code   162  fadd.o(.text)
    __aeabi_fsub                             0x00003033   Thumb Code     8  fadd.o(.text)
    __aeabi_frsub                            0x0000303b   Thumb Code     8  fadd.o(.text)
    __aeabi_fmul                             0x00003043   Thumb Code   122  fmul.o(.text)
    __aeabi_fdiv                             0x000030bd   Thumb Code   124  fdiv.o(.text)
    __ARM_scalbnf                            0x00003139   Thumb Code    24  fscalb.o(.text)
    scalbnf                                  0x00003139   Thumb Code     0  fscalb.o(.text)
    __aeabi_dmul                             0x00003151   Thumb Code   202  dmul.o(.text)
    __aeabi_ddiv                             0x00003221   Thumb Code   234  ddiv.o(.text)
    __ARM_scalbn                             0x00003311   Thumb Code    44  dscalb.o(.text)
    scalbn                                   0x00003311   Thumb Code     0  dscalb.o(.text)
    __aeabi_i2f                              0x0000333d   Thumb Code    22  fflti.o(.text)
    __aeabi_i2d                              0x00003355   Thumb Code    34  dflti.o(.text)
    __aeabi_f2uiz                            0x0000337d   Thumb Code    40  ffixui.o(.text)
    __aeabi_f2d                              0x000033a5   Thumb Code    40  f2d.o(.text)
    __aeabi_d2f                              0x000033cd   Thumb Code    56  d2f.o(.text)
    __aeabi_cfrcmple                         0x00003405   Thumb Code    20  cfrcmple.o(.text)
    _float_round                             0x00003419   Thumb Code    16  fepilogue.o(.text)
    _float_epilogue                          0x00003429   Thumb Code   114  fepilogue.o(.text)
    _double_round                            0x0000349b   Thumb Code    26  depilogue.o(.text)
    _double_epilogue                         0x000034b5   Thumb Code   164  depilogue.o(.text)
    __aeabi_dadd                             0x00003559   Thumb Code   328  dadd.o(.text)
    __aeabi_dsub                             0x000036a1   Thumb Code    12  dadd.o(.text)
    __aeabi_drsub                            0x000036ad   Thumb Code    12  dadd.o(.text)
    _dsqrt                                   0x000036bd   Thumb Code   162  dsqrt.o(.text)
    __scatterload                            0x00003761   Thumb Code    28  init.o(.text)
    __scatterload_rt2                        0x00003761   Thumb Code     0  init.o(.text)
    __aeabi_llsl                             0x00003785   Thumb Code    32  llshl.o(.text)
    _ll_shift_l                              0x00003785   Thumb Code     0  llshl.o(.text)
    __aeabi_llsr                             0x000037a5   Thumb Code    34  llushr.o(.text)
    _ll_ushift_r                             0x000037a5   Thumb Code     0  llushr.o(.text)
    __aeabi_lasr                             0x000037c7   Thumb Code    38  llsshr.o(.text)
    _ll_sshift_r                             0x000037c7   Thumb Code     0  llsshr.o(.text)
    TSS_ASliderCalculatePosIIRFilter         0x000037ed   Thumb Code    94  tss_asliderdecoder.o(i.TSS_ASliderCalculatePosIIRFilter)
    TSS_ASliderDecoder                       0x00003859   Thumb Code  1108  tss_asliderdecoder.o(i.TSS_ASliderDecoder)
    TSS_ASliderTrendControl                  0x00003cb1   Thumb Code   214  tss_asliderdecoder.o(i.TSS_ASliderTrendControl)
    TSS_ASliderTrendThreshold                0x00003d9d   Thumb Code    30  tss_asliderdecoder.o(i.TSS_ASliderTrendThreshold)
    TSS_BrowseModules                        0x00003dc5   Thumb Code   134  tss_main.o(i.TSS_BrowseModules)
    TSS_CutSInt16ToSInt8                     0x00003e59   Thumb Code    22  tss_filters.o(i.TSS_CutSInt16ToSInt8)
    TSS_DataCorruptionCheck                  0x00003e71   Thumb Code   156  tss_main.o(i.TSS_DataCorruptionCheck)
    TSS_DecodersControl                      0x00003f2d   Thumb Code   102  tss_main.o(i.TSS_DecodersControl)
    TSS_FaultEvaluation                      0x00003fa5   Thumb Code   106  tss_main.o(i.TSS_FaultEvaluation)
    TSS_GetSystemConfig                      0x00004021   Thumb Code   230  tss_main.o(i.TSS_GetSystemConfig)
    TSS_Init                                 0x00004131   Thumb Code    92  tss_main.o(i.TSS_Init)
    TSS_InitInternalArrays                   0x0000419d   Thumb Code    66  tss_main.o(i.TSS_InitInternalArrays)
    TSS_InitRegisterArrays                   0x000041f1   Thumb Code    60  tss_main.o(i.TSS_InitRegisterArrays)
    TSS_KeyBasicDeltaNoiseAnalysisIIRControl 0x00004249   Thumb Code   108  tss_keydetectornormal.o(i.TSS_KeyBasicDeltaNoiseAnalysisIIRControl)
    TSS_KeyBasicDetect                       0x000042bd   Thumb Code   378  tss_keydetectornormal.o(i.TSS_KeyBasicDetect)
    TSS_KeyBasicElectrodeEval                0x00004455   Thumb Code   578  tss_keydetectornormal.o(i.TSS_KeyBasicElectrodeEval)
    TSS_KeyBasicNegativeBaselineDrop         0x00004759   Thumb Code   114  tss_keydetectornormal.o(i.TSS_KeyBasicNegativeBaselineDrop)
    TSS_KeyBasicSensAutoCalibration          0x000047e9   Thumb Code   536  tss_keydetectornormal.o(i.TSS_KeyBasicSensAutoCalibration)
    TSS_KeyBasicStuckKeyControl              0x00004a29   Thumb Code    58  tss_keydetectornormal.o(i.TSS_KeyBasicStuckKeyControl)
    TSS_KeyDetectorCalculateDelta            0x00004a75   Thumb Code    22  tss_keydetector.o(i.TSS_KeyDetectorCalculateDelta)
    TSS_KeyDetectorCalculateIIRFilter        0x00004a95   Thumb Code    20  tss_filters.o(i.TSS_KeyDetectorCalculateIIRFilter)
    TSS_KeyDetectorCalibrate                 0x00004ab1   Thumb Code    26  tss_keydetector.o(i.TSS_KeyDetectorCalibrate)
    TSS_KeyDetectorElectrodeStatusUpdate     0x00004b0d   Thumb Code    44  tss_keydetector.o(i.TSS_KeyDetectorElectrodeStatusUpdate)
    TSS_KeyDetectorFillDeltaLogBuffer        0x00004b65   Thumb Code    12  tss_keydetector.o(i.TSS_KeyDetectorFillDeltaLogBuffer)
    TSS_KeyDetectorFillSignalLogBuffer       0x00004b75   Thumb Code    12  tss_keydetector.o(i.TSS_KeyDetectorFillSignalLogBuffer)
    TSS_KeyDetectorGetDCTrackerCounter       0x00004b89   Thumb Code     6  tss_keydetector.o(i.TSS_KeyDetectorGetDCTrackerCounter)
    TSS_KeyDetectorGetElectrodeEnablerStatus 0x00004b95   Thumb Code    50  tss_keydetector.o(i.TSS_KeyDetectorGetElectrodeEnablerStatus)
    TSS_KeyDetectorGetElectrodeGroupStatus   0x00004bd5   Thumb Code    60  tss_keydetector.o(i.TSS_KeyDetectorGetElectrodeGroupStatus)
    TSS_KeyDetectorGetShieldElectrodeReleaseStatus 0x00004c15   Thumb Code    52  tss_keydetector.o(i.TSS_KeyDetectorGetShieldElectrodeReleaseStatus)
    TSS_KeyDetectorGetSlowDCTrackerCounter   0x00004c55   Thumb Code     6  tss_keydetector.o(i.TSS_KeyDetectorGetSlowDCTrackerCounter)
    TSS_KeyDetectorInit                      0x00004c61   Thumb Code    50  tss_keydetector.o(i.TSS_KeyDetectorInit)
    TSS_KeyDetectorInitPrevCapSample         0x00004ca1   Thumb Code    12  tss_filters.o(i.TSS_KeyDetectorInitPrevCapSample)
    TSS_KeyDetectorMain                      0x00004cb5   Thumb Code   364  tss_keydetector.o(i.TSS_KeyDetectorMain)
    TSS_KeyDetectorRecalibrateModules        0x00004ed5   Thumb Code    14  tss_keydetector.o(i.TSS_KeyDetectorRecalibrateModules)
    TSS_KeyDetectorRecalibrationRequest      0x00004ee9   Thumb Code    16  tss_keydetector.o(i.TSS_KeyDetectorRecalibrationRequest)
    TSS_KeyDetectorReleaseElectrode          0x00004ef9   Thumb Code    30  tss_keydetector.o(i.TSS_KeyDetectorReleaseElectrode)
    TSS_KeyDetectorResetElectrode            0x00004f1d   Thumb Code    16  tss_keydetector.o(i.TSS_KeyDetectorResetElectrode)
    TSS_KeyDetectorResetElectrodeDebouncing  0x00004f31   Thumb Code    16  tss_keydetector.o(i.TSS_KeyDetectorResetElectrodeDebouncing)
    TSS_KeyDetectorResetElectrodeMeasured    0x00004f4d   Thumb Code    24  tss_keydetector.o(i.TSS_KeyDetectorResetElectrodeMeasured)
    TSS_KeyDetectorResetStuckKeyCounter      0x00004f71   Thumb Code     8  tss_keydetector.o(i.TSS_KeyDetectorResetStuckKeyCounter)
    TSS_KeyDetectorRestartElectrode          0x00004f7d   Thumb Code    44  tss_keydetector.o(i.TSS_KeyDetectorRestartElectrode)
    TSS_KeyDetectorSignalDivider             0x00004fc1   Thumb Code    18  tss_filters.o(i.TSS_KeyDetectorSignalDivider)
    TSS_LowPowerConfig                       0x00004fdd   Thumb Code   150  tss_main.o(i.TSS_LowPowerConfig)
    TSS_SetASliderConfig                     0x0000507d   Thumb Code   240  tss_asliderdecoder.o(i.TSS_SetASliderConfig)
    TSS_SetControlElectrodesEnablers         0x00005179   Thumb Code   130  tss_main.o(i.TSS_SetControlElectrodesEnablers)
    TSS_SetSystemConfig                      0x00005219   Thumb Code   742  tss_main.o(i.TSS_SetSystemConfig)
    TSS_SubUInt16WithUInt16ToSInt16          0x00005541   Thumb Code    40  tss_filters.o(i.TSS_SubUInt16WithUInt16ToSInt16)
    TSS_Task                                 0x0000556d   Thumb Code   182  tss_main.o(i.TSS_Task)
    TSS_TriggerConfig                        0x0000563d   Thumb Code    98  tss_main.o(i.TSS_TriggerConfig)
    TSS_TriggerControl                       0x000056a9   Thumb Code    60  tss_main.o(i.TSS_TriggerControl)
    __ARM_clz                                0x000056ed   Thumb Code    46  depilogue.o(i.__ARM_clz)
    __ARM_common_switch8                     0x0000571b   Thumb Code    26  tss_sensortsil.o(i.__ARM_common_switch8)
    __ARM_fpclassify                         0x00005735   Thumb Code    40  fpclassify.o(i.__ARM_fpclassify)
    __kernel_poly                            0x00005761   Thumb Code   172  poly.o(i.__kernel_poly)
    __mathlib_dbl_infnan                     0x0000580d   Thumb Code    10  dunder.o(i.__mathlib_dbl_infnan)
    __mathlib_dbl_underflow                  0x00005819   Thumb Code    14  dunder.o(i.__mathlib_dbl_underflow)
    __scatterload_copy                       0x0000582d   Thumb Code    14  handlers.o(i.__scatterload_copy)
    __scatterload_null                       0x0000583b   Thumb Code     2  handlers.o(i.__scatterload_null)
    __scatterload_zeroinit                   0x0000583d   Thumb Code    14  handlers.o(i.__scatterload_zeroinit)
    __set_errno                              0x0000584d   Thumb Code     6  errno.o(i.__set_errno)
    atan                                     0x00005859   Thumb Code   472  atan.o(i.atan)
    atan2                                    0x00005a75   Thumb Code   334  atan2.o(i.atan2)
    sqrt                                     0x00005bed   Thumb Code    66  sqrt.o(i.sqrt)
    tss_faSampleElectrode                    0x00005c34   Data           8  tss_sensor.o(.constdata)
    tss_acp8ElectrodeROMData                 0x00005c3c   Data           8  tss_sensor.o(.constdata)
    TSS_TSIL0_METHOD_ROMDATA_CONTEXT         0x00005c44   Data          16  tss_sensortsil.o(.constdata)
    TSS_E0_ROMDATA_CONTEXT                   0x00005c54   Data          12  tss_sensortsil.o(.constdata)
    TSS_E1_ROMDATA_CONTEXT                   0x00005c60   Data          12  tss_sensortsil.o(.constdata)
    TSS_C0_INPUTS_GROUP                      0x00005c70   Data           2  tss_systemsetupdata.o(.constdata)
    TSS_C0_STRUCTURE_ROM_CONTEXT             0x00005c74   Data          28  tss_systemsetupdata.o(.constdata)
    tss_faCallback                           0x00005c90   Data           4  tss_systemsetupdata.o(.constdata)
    tss_acpsDecRAMContext                    0x00005c94   Data           4  tss_systemsetupdata.o(.constdata)
    tss_acpsDecROMContext                    0x00005c98   Data           4  tss_systemsetupdata.o(.constdata)
    tss_acpsCSStructs                        0x00005c9c   Data           4  tss_systemsetupdata.o(.constdata)
    tss_faDecoders                           0x00005ca0   Data           4  tss_systemsetupdata.o(.constdata)
    tss_cau8ShieldPairs                      0x00005ca4   Data           1  tss_systemsetupdata.o(.constdata)
    tss_cau8SignalDivider                    0x00005ca5   Data           2  tss_systemsetupdata.o(.constdata)
    tss_fDecodersControl                     0x00005ca8   Data           4  tss_systemsetupdata.o(.constdata)
    tss_cu8NumElecs                          0x00005cac   Data           1  tss_systemsetupdata.o(.constdata)
    tss_cu8NumCtrls                          0x00005cad   Data           1  tss_systemsetupdata.o(.constdata)
    tss_cu8ElecBitFldLn                      0x00005cae   Data           1  tss_systemsetupdata.o(.constdata)
    tss_fCalculateIIRFilter                  0x00005cb0   Data           4  tss_systemsetupdata.o(.constdata)
    tss_fCalculateShielding                  0x00005cb4   Data           4  tss_systemsetupdata.o(.constdata)
    tss_fInitPrevCapSample                   0x00005cb8   Data           4  tss_systemsetupdata.o(.constdata)
    tss_fFillDeltaLogBuffer                  0x00005cbc   Data           4  tss_systemsetupdata.o(.constdata)
    tss_fFillSignalLogBuffer                 0x00005cc0   Data           4  tss_systemsetupdata.o(.constdata)
    tss_fDataCorruptionCheck                 0x00005cc4   Data           4  tss_systemsetupdata.o(.constdata)
    tss_fFmstrCall                           0x00005cc8   Data           4  tss_systemsetupdata.o(.constdata)
    tss_fTriggerConfig                       0x00005ccc   Data           4  tss_systemsetupdata.o(.constdata)
    tss_fTriggerControl                      0x00005cd0   Data           4  tss_systemsetupdata.o(.constdata)
    tss_fLowPowerConfig                      0x00005cd4   Data           4  tss_systemsetupdata.o(.constdata)
    tss_fOnFault                             0x00005cd8   Data           4  tss_systemsetupdata.o(.constdata)
    tss_fOnInit                              0x00005cdc   Data           4  tss_systemsetupdata.o(.constdata)
    tss_cu8APosFilterWeight                  0x00005ce0   Data           1  tss_systemsetupdata.o(.constdata)
    tss_fASliderCalculatePosIIRFilter        0x00005ce4   Data           4  tss_systemsetupdata.o(.constdata)
    tss_fASliderDelayControl                 0x00005ce8   Data           4  tss_systemsetupdata.o(.constdata)
    tss_cu8ASliderTrendBufferLength          0x00005cec   Data           1  tss_systemsetupdata.o(.constdata)
    tss_i8ASliderTrendThreshold              0x00005ced   Data           1  tss_systemsetupdata.o(.constdata)
    tss_fASliderTrendThreshold               0x00005cf0   Data           4  tss_systemsetupdata.o(.constdata)
    tss_fASliderTrendControl                 0x00005cf4   Data           4  tss_systemsetupdata.o(.constdata)
    tss_fOnProximity                         0x00005cf8   Data           4  tss_systemsetupdata.o(.constdata)
    tss_fProximityConfig                     0x00005cfc   Data           4  tss_systemsetupdata.o(.constdata)
    tss_fStuckKeyControl                     0x00005d00   Data           4  tss_systemsetupdata.o(.constdata)
    tss_fResetStuckKeyCounter                0x00005d04   Data           4  tss_systemsetupdata.o(.constdata)
    tss_fNegativeBaselineDrop                0x00005d08   Data           4  tss_systemsetupdata.o(.constdata)
    tss_fKeyDetectorRecalibrationRequest     0x00005d0c   Data           4  tss_systemsetupdata.o(.constdata)
    tss_fSignalDivider                       0x00005d10   Data           4  tss_systemsetupdata.o(.constdata)
    tss_fSignalMultiplier                    0x00005d14   Data           4  tss_systemsetupdata.o(.constdata)
    tss_fAutoCalibration                     0x00005d18   Data           4  tss_systemsetupdata.o(.constdata)
    tss_fSensitivityLowLimitControl          0x00005d1c   Data           4  tss_systemsetupdata.o(.constdata)
    tss_fDeltaNoiseAnalysisIIRControl        0x00005d20   Data           4  tss_systemsetupdata.o(.constdata)
    tss_cu8BaselineInitLength                0x00005d24   Data           1  tss_systemsetupdata.o(.constdata)
    tss_cu8AutoCalibInitLength               0x00005d25   Data           1  tss_systemsetupdata.o(.constdata)
    tss_ci8DeltaNoiseAnalysisIIRWeights      0x00005d26   Data           2  tss_systemsetupdata.o(.constdata)
    tss_csKeyBasicASCContext                 0x00005d28   Data           6  tss_systemsetupdata.o(.constdata)
    tss_fKeyDetectorElectrodeEval            0x00005d30   Data           4  tss_systemsetupdata.o(.constdata)
    tss_fKeyDetectorIntegrationResetEval     0x00005d34   Data           4  tss_systemsetupdata.o(.constdata)
    tss_fKeyNoiseSchedulerInit               0x00005d38   Data           4  tss_systemsetupdata.o(.constdata)
    tss_fKeyNoiseSchedulerRun                0x00005d3c   Data           4  tss_systemsetupdata.o(.constdata)
    __mathlib_zero                           0x00005dd8   Data           8  qnan.o(.constdata)
    Region$$Table$$Base                      0x00005df4   Number         0  anon$$obj.o(Region$$Table)
    Region$$Table$$Limit                     0x00005e14   Number         0  anon$$obj.o(Region$$Table)
    mcg_clk_hz                               0x1ffffc28   Data           4  sysinit_kl25.o(.data)
    tss_u8SampleIntFlag                      0x1ffffc2c   Data           1  tss_sensor.o(.data)
    cASlider1                                0x1ffffc2d   Data           8  tss_systemsetupdata.o(.data)
    TSS_C0_STRUCTURE_RAM_CONTEXT             0x1ffffc36   Data           2  tss_systemsetupdata.o(.data)
    TSS_C0_POSFILTER_CONTEXT                 0x1ffffc38   Data           2  tss_systemsetupdata.o(.data)
    TSS_C0_TREND_CONTEXT                     0x1ffffc3a   Data           3  tss_systemsetupdata.o(.data)
    tss_au8Sensitivity                       0x1ffffc3d   Data           2  tss_systemsetupdata.o(.data)
    tss_au8ElectrodeEnablers                 0x1ffffc3f   Data           1  tss_systemsetupdata.o(.data)
    tss_au8ElectrodeStatus                   0x1ffffc40   Data           1  tss_systemsetupdata.o(.data)
    tss_au16ElecBaseline                     0x1ffffc42   Data           4  tss_systemsetupdata.o(.data)
    tss_au8ElectrodeMeasured                 0x1ffffc46   Data           1  tss_systemsetupdata.o(.data)
    tss_au8ElectrodeMarker                   0x1ffffc47   Data           1  tss_systemsetupdata.o(.data)
    tss_au8ElectrodeLowThresholdEnablers     0x1ffffc48   Data           1  tss_systemsetupdata.o(.data)
    tss_au8ElectrodeDCTrackerEnablers        0x1ffffc49   Data           1  tss_systemsetupdata.o(.data)
    tss_au8DebounceCount                     0x1ffffc4a   Data           2  tss_systemsetupdata.o(.data)
    tss_au8TouchCount                        0x1ffffc4c   Data           2  tss_systemsetupdata.o(.data)
    tss_au8ReleaseCount                      0x1ffffc4e   Data           2  tss_systemsetupdata.o(.data)
    tss_au8ElecState                         0x1ffffc50   Data           2  tss_systemsetupdata.o(.data)
    tss_au8ControlScheduleCount              0x1ffffc52   Data           1  tss_systemsetupdata.o(.data)
    tss_au16PrevCapSample                    0x1ffffc54   Data           4  tss_systemsetupdata.o(.data)
    tss_ai8InstantDelta                      0x1ffffc58   Data           2  tss_systemsetupdata.o(.data)
    tss_au16InstantSignal                    0x1ffffc5a   Data           4  tss_systemsetupdata.o(.data)
    tss_u8ConfCheckSum                       0x1ffffc5e   Data           1  tss_systemsetupdata.o(.data)
    tss_au8StuckCount                        0x1ffffc5f   Data           2  tss_systemsetupdata.o(.data)
    tss_ai8MaxDeltaAmplitude                 0x1ffffc61   Data           2  tss_systemsetupdata.o(.data)
    tss_ai8DeltaAmplitude                    0x1ffffc63   Data           2  tss_systemsetupdata.o(.data)
    tss_asAutoCalibrationData                0x1ffffc65   Data           6  tss_systemsetupdata.o(.data)
    tss_ai8NoiseAmplitude                    0x1ffffc6b   Data           2  tss_systemsetupdata.o(.data)
    tss_ai8SensitivityLowLimit               0x1ffffc6d   Data           1  tss_systemsetupdata.o(.data)
    u16LPcounter                             0x1ffffc70   Data           2  main.o(.data)
    LCD_update_delay                         0x1ffffc74   Data           4  main.o(.data)
    i                                        0x1ffffc78   Data           4  main.o(.data)
    acc_X                                    0x1ffffc8c   Data           2  mma8451.o(.data)
    acc_Y                                    0x1ffffc8e   Data           2  mma8451.o(.data)
    acc_Z                                    0x1ffffc90   Data           2  mma8451.o(.data)
    roll                                     0x1ffffc94   Data           4  mma8451.o(.data)
    pitch                                    0x1ffffc98   Data           4  mma8451.o(.data)
    PIT_interrupt_counter                    0x1ffffc9c   Data           4  timers.o(.data)
    tss_u16CapSample                         0x1ffffca6   Data           2  tss_keydetector.o(.data)
    TSS_TSIL0_METHOD_RAMDATA_CONTEXT         0x1ffffd20   Data          10  tss_sensortsil.o(.bss)
    TSS_TSIL0_CHANNEL_COUNTER_BUFFER         0x1ffffd2a   Data          32  tss_sensortsil.o(.bss)
    TSS_C0_TREND_BUFFER                      0x1ffffd4a   Data          32  tss_systemsetupdata.o(.bss)
    tss_CSSys                                0x1ffffd6a   Data          12  tss_systemsetupdata.o(.bss)
    tss_asDeltaNoiseAnalysisIIRData          0x1ffffd76   Data          12  tss_systemsetupdata.o(.bss)
    __initial_sp                             0x20000188   Data           0  startup_mkl25z4.o(STACK)



==============================================================================

Memory Map of the image

  Image Entry point : 0x000000c1

  Load Region LR_IROM1 (Base: 0x00000000, Size: 0x00005ec8, Max: 0x00008000, ABSOLUTE)

    Execution Region ER_IROM1 (Base: 0x00000000, Size: 0x00005e14, Max: 0x00008000, ABSOLUTE)

    Base Addr    Size         Type   Attr      Idx    E Section Name        Object

    0x00000000   0x000000c0   Data   RO          622    RESET               startup_mkl25z4.o
    0x000000c0   0x00000000   Code   RO          971  * .ARM.Collect$$$$00000000  mc_p.l(entry.o)
    0x000000c0   0x00000004   Code   RO         1029    .ARM.Collect$$$$00000001  mc_p.l(entry2.o)
    0x000000c4   0x00000004   Code   RO         1032    .ARM.Collect$$$$00000004  mc_p.l(entry5.o)
    0x000000c8   0x00000000   Code   RO         1034    .ARM.Collect$$$$00000008  mc_p.l(entry7b.o)
    0x000000c8   0x00000000   Code   RO         1036    .ARM.Collect$$$$0000000A  mc_p.l(entry8b.o)
    0x000000c8   0x00000008   Code   RO         1037    .ARM.Collect$$$$0000000B  mc_p.l(entry9a.o)
    0x000000d0   0x00000000   Code   RO         1039    .ARM.Collect$$$$0000000D  mc_p.l(entry10a.o)
    0x000000d0   0x00000000   Code   RO         1041    .ARM.Collect$$$$0000000F  mc_p.l(entry11a.o)
    0x000000d0   0x00000004   Code   RO         1030    .ARM.Collect$$$$00002712  mc_p.l(entry2.o)
    0x000000d4   0x000000d8   Code   RO            1    .text               app_init.o
    0x000001ac   0x00000088   Code   RO           61    .text               events.o
    0x00000234   0x000001c4   Code   RO          163    .text               freemaster_protocol.o
    0x000003f8   0x00000000   Code   RO         1050    .text               mc_p.l(iusefp.o)
    0x000003f8   0x00000008   Code   RO         1016    i.__mathlib_dbl_infnan2  m_ps.l(dunder.o)
    0x00000400   0x00000010   Code   RO          623    .ARM.__at_0x400     startup_mkl25z4.o
    0x00000410   0x00000094   Code   RO          188    .text               freemaster_scope.o
    0x000004a4   0x00000278   Code   RO          203    .text               freemaster_serial.o
    0x0000071c   0x00000158   Code   RO          218    .text               freemaster_tsa.o
    0x00000874   0x000000cc   Code   RO          230    .text               freemaster_kxx.o
    0x00000940   0x0000006c   Code   RO          245    .text               arm_cm0.o
    0x000009ac   0x000000a4   Code   RO          257    .text               sysinit_kl25.o
    0x00000a50   0x00001398   Code   RO          291    .text               mcg_kl25.o
    0x00001de8   0x0000000c   Code   RO          310    .text               wdog_kl25.o
    0x00001df4   0x000000f0   Code   RO          322    .text               uart_kl25.o
    0x00001ee4   0x0000002c   Code   RO          349    .text               tss_sensor.o
    0x00001f10   0x000008ac   Code   RO          426    .text               tss_sensortsil.o
    0x000027bc   0x0000000c   Code   RO          456    .text               tss_systemsetupdata.o
    0x000027c8   0x00000100   Code   RO          573    .text               main.o
    0x000028c8   0x0000001c   Code   RO          624    .text               startup_mkl25z4.o
    0x000028e4   0x0000000c   Code   RO          630    .text               system_mkl25z4.o
    0x000028f0   0x0000021c   Code   RO          642    .text               board.o
    0x00002b0c   0x00000018   Code   RO          660    .text               delay.o
    0x00002b24   0x00000190   Code   RO          686    .text               i2c.o
    0x00002cb4   0x00000194   Code   RO          726    .text               mma8451.o
    0x00002e48   0x000000f4   Code   RO          753    .text               timers.o
    0x00002f3c   0x0000002c   Code   RO          974    .text               mc_p.l(uidiv.o)
    0x00002f68   0x00000028   Code   RO          976    .text               mc_p.l(idiv.o)
    0x00002f90   0x000000b2   Code   RO          978    .text               mf_p.l(fadd.o)
    0x00003042   0x0000007a   Code   RO          980    .text               mf_p.l(fmul.o)
    0x000030bc   0x0000007c   Code   RO          982    .text               mf_p.l(fdiv.o)
    0x00003138   0x00000018   Code   RO          984    .text               mf_p.l(fscalb.o)
    0x00003150   0x000000d0   Code   RO          986    .text               mf_p.l(dmul.o)
    0x00003220   0x000000f0   Code   RO          988    .text               mf_p.l(ddiv.o)
    0x00003310   0x0000002c   Code   RO          990    .text               mf_p.l(dscalb.o)
    0x0000333c   0x00000016   Code   RO          992    .text               mf_p.l(fflti.o)
    0x00003352   0x00000002   PAD
    0x00003354   0x00000028   Code   RO          994    .text               mf_p.l(dflti.o)
    0x0000337c   0x00000028   Code   RO          996    .text               mf_p.l(ffixui.o)
    0x000033a4   0x00000028   Code   RO          998    .text               mf_p.l(f2d.o)
    0x000033cc   0x00000038   Code   RO         1000    .text               mf_p.l(d2f.o)
    0x00003404   0x00000014   Code   RO         1002    .text               mf_p.l(cfrcmple.o)
    0x00003418   0x00000082   Code   RO         1051    .text               mf_p.l(fepilogue.o)
    0x0000349a   0x000000be   Code   RO         1053    .text               mf_p.l(depilogue.o)
    0x00003558   0x00000164   Code   RO         1057    .text               mf_p.l(dadd.o)
    0x000036bc   0x000000a2   Code   RO         1059    .text               mf_p.l(dsqrt.o)
    0x0000375e   0x00000002   PAD
    0x00003760   0x00000024   Code   RO         1067    .text               mc_p.l(init.o)
    0x00003784   0x00000020   Code   RO         1069    .text               mc_p.l(llshl.o)
    0x000037a4   0x00000022   Code   RO         1071    .text               mc_p.l(llushr.o)
    0x000037c6   0x00000026   Code   RO         1073    .text               mc_p.l(llsshr.o)
    0x000037ec   0x0000006c   Code   RO          783    i.TSS_ASliderCalculatePosIIRFilter  TSS_KXX_M0.lib(tss_asliderdecoder.o)
    0x00003858   0x00000458   Code   RO          784    i.TSS_ASliderDecoder  TSS_KXX_M0.lib(tss_asliderdecoder.o)
    0x00003cb0   0x000000ec   Code   RO          786    i.TSS_ASliderTrendControl  TSS_KXX_M0.lib(tss_asliderdecoder.o)
    0x00003d9c   0x00000028   Code   RO          787    i.TSS_ASliderTrendThreshold  TSS_KXX_M0.lib(tss_asliderdecoder.o)
    0x00003dc4   0x00000094   Code   RO          886    i.TSS_BrowseModules  TSS_KXX_M0.lib(tss_main.o)
    0x00003e58   0x00000016   Code   RO          797    i.TSS_CutSInt16ToSInt8  TSS_KXX_M0.lib(tss_filters.o)
    0x00003e6e   0x00000002   PAD
    0x00003e70   0x000000bc   Code   RO          887    i.TSS_DataCorruptionCheck  TSS_KXX_M0.lib(tss_main.o)
    0x00003f2c   0x00000078   Code   RO          888    i.TSS_DecodersControl  TSS_KXX_M0.lib(tss_main.o)
    0x00003fa4   0x0000007c   Code   RO          889    i.TSS_FaultEvaluation  TSS_KXX_M0.lib(tss_main.o)
    0x00004020   0x00000110   Code   RO          898    i.TSS_GetSystemConfig  TSS_KXX_M0.lib(tss_main.o)
    0x00004130   0x0000006c   Code   RO          899    i.TSS_Init          TSS_KXX_M0.lib(tss_main.o)
    0x0000419c   0x00000054   Code   RO          900    i.TSS_InitInternalArrays  TSS_KXX_M0.lib(tss_main.o)
    0x000041f0   0x00000058   Code   RO          901    i.TSS_InitRegisterArrays  TSS_KXX_M0.lib(tss_main.o)
    0x00004248   0x00000074   Code   RO          870    i.TSS_KeyBasicDeltaNoiseAnalysisIIRControl  TSS_KXX_M0.lib(tss_keydetectornormal.o)
    0x000042bc   0x00000198   Code   RO          871    i.TSS_KeyBasicDetect  TSS_KXX_M0.lib(tss_keydetectornormal.o)
    0x00004454   0x00000290   Code   RO          872    i.TSS_KeyBasicElectrodeEval  TSS_KXX_M0.lib(tss_keydetectornormal.o)
    0x000046e4   0x00000074   Code   RO          873    i.TSS_KeyBasicEvaluateNoiseData  TSS_KXX_M0.lib(tss_keydetectornormal.o)
    0x00004758   0x00000090   Code   RO          875    i.TSS_KeyBasicNegativeBaselineDrop  TSS_KXX_M0.lib(tss_keydetectornormal.o)
    0x000047e8   0x00000240   Code   RO          876    i.TSS_KeyBasicSensAutoCalibration  TSS_KXX_M0.lib(tss_keydetectornormal.o)
    0x00004a28   0x0000004c   Code   RO          877    i.TSS_KeyBasicStuckKeyControl  TSS_KXX_M0.lib(tss_keydetectornormal.o)
    0x00004a74   0x00000020   Code   RO          821    i.TSS_KeyDetectorCalculateDelta  TSS_KXX_M0.lib(tss_keydetector.o)
    0x00004a94   0x0000001c   Code   RO          798    i.TSS_KeyDetectorCalculateIIRFilter  TSS_KXX_M0.lib(tss_filters.o)
    0x00004ab0   0x00000020   Code   RO          822    i.TSS_KeyDetectorCalibrate  TSS_KXX_M0.lib(tss_keydetector.o)
    0x00004ad0   0x0000003c   Code   RO          823    i.TSS_KeyDetectorDCTrackerEvalExecution  TSS_KXX_M0.lib(tss_keydetector.o)
    0x00004b0c   0x00000030   Code   RO          824    i.TSS_KeyDetectorElectrodeStatusUpdate  TSS_KXX_M0.lib(tss_keydetector.o)
    0x00004b3c   0x00000026   Code   RO          825    i.TSS_KeyDetectorFaultDecoder  TSS_KXX_M0.lib(tss_keydetector.o)
    0x00004b62   0x00000002   PAD
    0x00004b64   0x00000010   Code   RO          826    i.TSS_KeyDetectorFillDeltaLogBuffer  TSS_KXX_M0.lib(tss_keydetector.o)
    0x00004b74   0x00000014   Code   RO          827    i.TSS_KeyDetectorFillSignalLogBuffer  TSS_KXX_M0.lib(tss_keydetector.o)
    0x00004b88   0x0000000c   Code   RO          828    i.TSS_KeyDetectorGetDCTrackerCounter  TSS_KXX_M0.lib(tss_keydetector.o)
    0x00004b94   0x00000040   Code   RO          829    i.TSS_KeyDetectorGetElectrodeEnablerStatus  TSS_KXX_M0.lib(tss_keydetector.o)
    0x00004bd4   0x00000040   Code   RO          830    i.TSS_KeyDetectorGetElectrodeGroupStatus  TSS_KXX_M0.lib(tss_keydetector.o)
    0x00004c14   0x00000040   Code   RO          831    i.TSS_KeyDetectorGetShieldElectrodeReleaseStatus  TSS_KXX_M0.lib(tss_keydetector.o)
    0x00004c54   0x0000000c   Code   RO          832    i.TSS_KeyDetectorGetSlowDCTrackerCounter  TSS_KXX_M0.lib(tss_keydetector.o)
    0x00004c60   0x00000040   Code   RO          833    i.TSS_KeyDetectorInit  TSS_KXX_M0.lib(tss_keydetector.o)
    0x00004ca0   0x00000014   Code   RO          800    i.TSS_KeyDetectorInitPrevCapSample  TSS_KXX_M0.lib(tss_filters.o)
    0x00004cb4   0x00000198   Code   RO          834    i.TSS_KeyDetectorMain  TSS_KXX_M0.lib(tss_keydetector.o)
    0x00004e4c   0x00000088   Code   RO          836    i.TSS_KeyDetectorRecalibrateElectrode  TSS_KXX_M0.lib(tss_keydetector.o)
    0x00004ed4   0x00000014   Code   RO          837    i.TSS_KeyDetectorRecalibrateModules  TSS_KXX_M0.lib(tss_keydetector.o)
    0x00004ee8   0x00000010   Code   RO          838    i.TSS_KeyDetectorRecalibrationRequest  TSS_KXX_M0.lib(tss_keydetector.o)
    0x00004ef8   0x00000024   Code   RO          839    i.TSS_KeyDetectorReleaseElectrode  TSS_KXX_M0.lib(tss_keydetector.o)
    0x00004f1c   0x00000014   Code   RO          840    i.TSS_KeyDetectorResetElectrode  TSS_KXX_M0.lib(tss_keydetector.o)
    0x00004f30   0x0000001c   Code   RO          841    i.TSS_KeyDetectorResetElectrodeDebouncing  TSS_KXX_M0.lib(tss_keydetector.o)
    0x00004f4c   0x00000024   Code   RO          842    i.TSS_KeyDetectorResetElectrodeMeasured  TSS_KXX_M0.lib(tss_keydetector.o)
    0x00004f70   0x0000000c   Code   RO          843    i.TSS_KeyDetectorResetStuckKeyCounter  TSS_KXX_M0.lib(tss_keydetector.o)
    0x00004f7c   0x00000044   Code   RO          844    i.TSS_KeyDetectorRestartElectrode  TSS_KXX_M0.lib(tss_keydetector.o)
    0x00004fc0   0x0000001c   Code   RO          801    i.TSS_KeyDetectorSignalDivider  TSS_KXX_M0.lib(tss_filters.o)
    0x00004fdc   0x000000a0   Code   RO          907    i.TSS_LowPowerConfig  TSS_KXX_M0.lib(tss_main.o)
    0x0000507c   0x000000fc   Code   RO          789    i.TSS_SetASliderConfig  TSS_KXX_M0.lib(tss_asliderdecoder.o)
    0x00005178   0x000000a0   Code   RO          909    i.TSS_SetControlElectrodesEnablers  TSS_KXX_M0.lib(tss_main.o)
    0x00005218   0x00000328   Code   RO          911    i.TSS_SetSystemConfig  TSS_KXX_M0.lib(tss_main.o)
    0x00005540   0x0000002c   Code   RO          806    i.TSS_SubUInt16WithUInt16ToSInt16  TSS_KXX_M0.lib(tss_filters.o)
    0x0000556c   0x000000d0   Code   RO          916    i.TSS_Task          TSS_KXX_M0.lib(tss_main.o)
    0x0000563c   0x0000006c   Code   RO          918    i.TSS_TriggerConfig  TSS_KXX_M0.lib(tss_main.o)
    0x000056a8   0x00000044   Code   RO          919    i.TSS_TriggerControl  TSS_KXX_M0.lib(tss_main.o)
    0x000056ec   0x0000002e   Code   RO         1055    i.__ARM_clz         mf_p.l(depilogue.o)
    0x0000571a   0x0000001a   Code   RO          444    i.__ARM_common_switch8  tss_sensortsil.o
    0x00005734   0x0000002c   Code   RO         1063    i.__ARM_fpclassify  m_ps.l(fpclassify.o)
    0x00005760   0x000000ac   Code   RO         1065    i.__kernel_poly     m_ps.l(poly.o)
    0x0000580c   0x0000000a   Code   RO         1015    i.__mathlib_dbl_infnan  m_ps.l(dunder.o)
    0x00005816   0x00000002   PAD
    0x00005818   0x00000014   Code   RO         1020    i.__mathlib_dbl_underflow  m_ps.l(dunder.o)
    0x0000582c   0x0000000e   Code   RO         1077    i.__scatterload_copy  mc_p.l(handlers.o)
    0x0000583a   0x00000002   Code   RO         1078    i.__scatterload_null  mc_p.l(handlers.o)
    0x0000583c   0x0000000e   Code   RO         1079    i.__scatterload_zeroinit  mc_p.l(handlers.o)
    0x0000584a   0x00000002   PAD
    0x0000584c   0x0000000c   Code   RO         1045    i.__set_errno       mc_p.l(errno.o)
    0x00005858   0x0000021c   Code   RO         1005    i.atan              m_ps.l(atan.o)
    0x00005a74   0x00000178   Code   RO          956    i.atan2             m_ps.l(atan2.o)
    0x00005bec   0x00000048   Code   RO          964    i.sqrt              m_ps.l(sqrt.o)
    0x00005c34   0x00000008   Data   RO          350    .constdata          tss_sensor.o
    0x00005c3c   0x00000008   Data   RO          352    .constdata          tss_sensor.o
    0x00005c44   0x00000010   Data   RO          428    .constdata          tss_sensortsil.o
    0x00005c54   0x0000000c   Data   RO          429    .constdata          tss_sensortsil.o
    0x00005c60   0x0000000c   Data   RO          430    .constdata          tss_sensortsil.o
    0x00005c6c   0x00000004   Data   RO          431    .constdata          tss_sensortsil.o
    0x00005c70   0x00000002   Data   RO          460    .constdata          tss_systemsetupdata.o
    0x00005c72   0x00000002   PAD
    0x00005c74   0x0000001c   Data   RO          461    .constdata          tss_systemsetupdata.o
    0x00005c90   0x00000004   Data   RO          462    .constdata          tss_systemsetupdata.o
    0x00005c94   0x00000004   Data   RO          463    .constdata          tss_systemsetupdata.o
    0x00005c98   0x00000004   Data   RO          464    .constdata          tss_systemsetupdata.o
    0x00005c9c   0x00000004   Data   RO          465    .constdata          tss_systemsetupdata.o
    0x00005ca0   0x00000004   Data   RO          466    .constdata          tss_systemsetupdata.o
    0x00005ca4   0x00000001   Data   RO          467    .constdata          tss_systemsetupdata.o
    0x00005ca5   0x00000002   Data   RO          468    .constdata          tss_systemsetupdata.o
    0x00005ca7   0x00000001   PAD
    0x00005ca8   0x00000004   Data   RO          471    .constdata          tss_systemsetupdata.o
    0x00005cac   0x00000001   Data   RO          472    .constdata          tss_systemsetupdata.o
    0x00005cad   0x00000001   Data   RO          473    .constdata          tss_systemsetupdata.o
    0x00005cae   0x00000001   Data   RO          474    .constdata          tss_systemsetupdata.o
    0x00005caf   0x00000001   PAD
    0x00005cb0   0x00000004   Data   RO          476    .constdata          tss_systemsetupdata.o
    0x00005cb4   0x00000004   Data   RO          477    .constdata          tss_systemsetupdata.o
    0x00005cb8   0x00000004   Data   RO          478    .constdata          tss_systemsetupdata.o
    0x00005cbc   0x00000004   Data   RO          479    .constdata          tss_systemsetupdata.o
    0x00005cc0   0x00000004   Data   RO          481    .constdata          tss_systemsetupdata.o
    0x00005cc4   0x00000004   Data   RO          482    .constdata          tss_systemsetupdata.o
    0x00005cc8   0x00000004   Data   RO          483    .constdata          tss_systemsetupdata.o
    0x00005ccc   0x00000004   Data   RO          484    .constdata          tss_systemsetupdata.o
    0x00005cd0   0x00000004   Data   RO          485    .constdata          tss_systemsetupdata.o
    0x00005cd4   0x00000004   Data   RO          486    .constdata          tss_systemsetupdata.o
    0x00005cd8   0x00000004   Data   RO          487    .constdata          tss_systemsetupdata.o
    0x00005cdc   0x00000004   Data   RO          488    .constdata          tss_systemsetupdata.o
    0x00005ce0   0x00000001   Data   RO          489    .constdata          tss_systemsetupdata.o
    0x00005ce1   0x00000003   PAD
    0x00005ce4   0x00000004   Data   RO          490    .constdata          tss_systemsetupdata.o
    0x00005ce8   0x00000004   Data   RO          492    .constdata          tss_systemsetupdata.o
    0x00005cec   0x00000001   Data   RO          493    .constdata          tss_systemsetupdata.o
    0x00005ced   0x00000001   Data   RO          494    .constdata          tss_systemsetupdata.o
    0x00005cee   0x00000002   PAD
    0x00005cf0   0x00000004   Data   RO          495    .constdata          tss_systemsetupdata.o
    0x00005cf4   0x00000004   Data   RO          496    .constdata          tss_systemsetupdata.o
    0x00005cf8   0x00000004   Data   RO          499    .constdata          tss_systemsetupdata.o
    0x00005cfc   0x00000004   Data   RO          500    .constdata          tss_systemsetupdata.o
    0x00005d00   0x00000004   Data   RO          501    .constdata          tss_systemsetupdata.o
    0x00005d04   0x00000004   Data   RO          502    .constdata          tss_systemsetupdata.o
    0x00005d08   0x00000004   Data   RO          503    .constdata          tss_systemsetupdata.o
    0x00005d0c   0x00000004   Data   RO          504    .constdata          tss_systemsetupdata.o
    0x00005d10   0x00000004   Data   RO          505    .constdata          tss_systemsetupdata.o
    0x00005d14   0x00000004   Data   RO          506    .constdata          tss_systemsetupdata.o
    0x00005d18   0x00000004   Data   RO          507    .constdata          tss_systemsetupdata.o
    0x00005d1c   0x00000004   Data   RO          508    .constdata          tss_systemsetupdata.o
    0x00005d20   0x00000004   Data   RO          509    .constdata          tss_systemsetupdata.o
    0x00005d24   0x00000001   Data   RO          510    .constdata          tss_systemsetupdata.o
    0x00005d25   0x00000001   Data   RO          511    .constdata          tss_systemsetupdata.o
    0x00005d26   0x00000002   Data   RO          512    .constdata          tss_systemsetupdata.o
    0x00005d28   0x00000006   Data   RO          513    .constdata          tss_systemsetupdata.o
    0x00005d2e   0x00000002   PAD
    0x00005d30   0x00000004   Data   RO          515    .constdata          tss_systemsetupdata.o
    0x00005d34   0x00000004   Data   RO          516    .constdata          tss_systemsetupdata.o
    0x00005d38   0x00000004   Data   RO          517    .constdata          tss_systemsetupdata.o
    0x00005d3c   0x00000004   Data   RO          518    .constdata          tss_systemsetupdata.o
    0x00005d40   0x00000098   Data   RO         1006    .constdata          m_ps.l(atan.o)
    0x00005dd8   0x00000008   Data   RO         1028    .constdata          m_ps.l(qnan.o)
    0x00005de0   0x00000012   Data   RO          574    .conststring        main.o
    0x00005df2   0x00000002   PAD
    0x00005df4   0x00000020   Data   RO         1075    Region$$Table       anon$$obj.o


    Execution Region RW_IRAM1 (Base: 0x1ffffc00, Size: 0x00000588, Max: 0x00001000, ABSOLUTE)

    Base Addr    Size         Type   Attr      Idx    E Section Name        Object

    0x1ffffc00   0x00000009   Data   RW          190    .data               freemaster_scope.o
    0x1ffffc09   0x00000003   PAD
    0x1ffffc0c   0x00000018   Data   RW          205    .data               freemaster_serial.o
    0x1ffffc24   0x00000001   Data   RW          231    .data               freemaster_kxx.o
    0x1ffffc25   0x00000003   PAD
    0x1ffffc28   0x00000004   Data   RW          258    .data               sysinit_kl25.o
    0x1ffffc2c   0x00000001   Data   RW          355    .data               tss_sensor.o
    0x1ffffc2d   0x00000008   Data   RW          521    .data               tss_systemsetupdata.o
    0x1ffffc35   0x00000001   PAD
    0x1ffffc36   0x00000002   Data   RW          522    .data               tss_systemsetupdata.o
    0x1ffffc38   0x00000002   Data   RW          524    .data               tss_systemsetupdata.o
    0x1ffffc3a   0x00000003   Data   RW          526    .data               tss_systemsetupdata.o
    0x1ffffc3d   0x00000002   Data   RW          528    .data               tss_systemsetupdata.o
    0x1ffffc3f   0x00000001   Data   RW          529    .data               tss_systemsetupdata.o
    0x1ffffc40   0x00000001   Data   RW          530    .data               tss_systemsetupdata.o
    0x1ffffc41   0x00000001   PAD
    0x1ffffc42   0x00000004   Data   RW          531    .data               tss_systemsetupdata.o
    0x1ffffc46   0x00000001   Data   RW          532    .data               tss_systemsetupdata.o
    0x1ffffc47   0x00000001   Data   RW          533    .data               tss_systemsetupdata.o
    0x1ffffc48   0x00000001   Data   RW          534    .data               tss_systemsetupdata.o
    0x1ffffc49   0x00000001   Data   RW          535    .data               tss_systemsetupdata.o
    0x1ffffc4a   0x00000002   Data   RW          536    .data               tss_systemsetupdata.o
    0x1ffffc4c   0x00000002   Data   RW          537    .data               tss_systemsetupdata.o
    0x1ffffc4e   0x00000002   Data   RW          538    .data               tss_systemsetupdata.o
    0x1ffffc50   0x00000002   Data   RW          539    .data               tss_systemsetupdata.o
    0x1ffffc52   0x00000001   Data   RW          540    .data               tss_systemsetupdata.o
    0x1ffffc53   0x00000001   PAD
    0x1ffffc54   0x00000004   Data   RW          541    .data               tss_systemsetupdata.o
    0x1ffffc58   0x00000002   Data   RW          542    .data               tss_systemsetupdata.o
    0x1ffffc5a   0x00000004   Data   RW          544    .data               tss_systemsetupdata.o
    0x1ffffc5e   0x00000001   Data   RW          545    .data               tss_systemsetupdata.o
    0x1ffffc5f   0x00000002   Data   RW          546    .data               tss_systemsetupdata.o
    0x1ffffc61   0x00000002   Data   RW          547    .data               tss_systemsetupdata.o
    0x1ffffc63   0x00000002   Data   RW          548    .data               tss_systemsetupdata.o
    0x1ffffc65   0x00000006   Data   RW          549    .data               tss_systemsetupdata.o
    0x1ffffc6b   0x00000002   Data   RW          550    .data               tss_systemsetupdata.o
    0x1ffffc6d   0x00000001   Data   RW          551    .data               tss_systemsetupdata.o
    0x1ffffc6e   0x00000002   PAD
    0x1ffffc70   0x0000001c   Data   RW          575    .data               main.o
    0x1ffffc8c   0x00000010   Data   RW          727    .data               mma8451.o
    0x1ffffc9c   0x00000004   Data   RW          754    .data               timers.o
    0x1ffffca0   0x00000008   Data   RW          845    .data               TSS_KXX_M0.lib(tss_keydetector.o)
    0x1ffffca8   0x00000008   Data   RW          920    .data               TSS_KXX_M0.lib(tss_main.o)
    0x1ffffcb0   0x00000004   Data   RW         1046    .data               mc_p.l(errno.o)
    0x1ffffcb4   0x00000020   Zero   RW          189    .bss                freemaster_scope.o
    0x1ffffcd4   0x0000004c   Zero   RW          204    .bss                freemaster_serial.o
    0x1ffffd20   0x0000002a   Zero   RW          427    .bss                tss_sensortsil.o
    0x1ffffd4a   0x00000020   Zero   RW          457    .bss                tss_systemsetupdata.o
    0x1ffffd6a   0x0000000c   Zero   RW          458    .bss                tss_systemsetupdata.o
    0x1ffffd76   0x0000000c   Zero   RW          459    .bss                tss_systemsetupdata.o
    0x1ffffd82   0x00000006   PAD
    0x1ffffd88   0x00000400   Zero   RW          620    STACK               startup_mkl25z4.o


==============================================================================

Image component sizes


      Code (inc. data)   RO Data    RW Data    ZI Data      Debug   Object Name

       216         16          0          0          0     155069   app_init.o
       108         14          0          0          0       1051   arm_cm0.o
       540         78          0          0          0       1689   board.o
        24          6          0          0          0        768   delay.o
       136         28          0          0          0      94102   events.o
         0          0          0          0          0     159812   freemaster_appcmd.o
       204          6          0          1          0       3626   freemaster_kxx.o
       452          0          0          0          0       3565   freemaster_protocol.o
       148          8          0          9         32       2007   freemaster_scope.o
       632         14          0         24         76       3708   freemaster_serial.o
       344          0          0          0          0       2496   freemaster_tsa.o
       400         14          0          0          0       1407   i2c.o
       256         32         18         28          0       2160   main.o
      5016        334          0          0          0      12814   mcg_kl25.o
       404         18          0         16          0       1459   mma8451.o
        44         24        192          0       1024        836   startup_mkl25z4.o
       164         34          0          4          0       1470   sysinit_kl25.o
        12          0          0          0          0        437   system_mkl25z4.o
       244         50          0          4          0       7314   timers.o
        44         10         16          1          0     146295   tss_sensor.o
         0          0          0          0          0      30781   tss_sensorgpio.o
      2246        100         44          0         42      45910   tss_sensortsil.o
        12          0        197         62         56      29322   tss_systemsetupdata.o
       240         16          0          0          0       1788   uart_kl25.o
        12          4          0          0          0        483   wdog_kl25.o

    ----------------------------------------------------------------------
     11898        806        512        160       1236     710369   Object Totals
         0          0         32          0          0          0   (incl. Generated)
         0          0         13         11          6          0   (incl. Padding)

    ----------------------------------------------------------------------

      Code (inc. data)   RO Data    RW Data    ZI Data      Debug   Library Member Name

      1748        112          0          0          0        380   tss_asliderdecoder.o
       142         30          0          0          0        316   tss_filters.o
      1306        232          0          8          0       1500   tss_keydetector.o
      2092        232          0          0          0        544   tss_keydetectornormal.o
      2644        336          0          8          0       1020   tss_main.o
       540         68        152          0          0        112   atan.o
       376         42          0          0          0        144   atan2.o
        38          6          0          0          0        204   dunder.o
        44          4          0          0          0         60   fpclassify.o
       172          0          0          0          0         76   poly.o
         0          0          8          0          0          0   qnan.o
        72          6          0          0          0         76   sqrt.o
         0          0          0          0          0          0   entry.o
         0          0          0          0          0          0   entry10a.o
         0          0          0          0          0          0   entry11a.o
         8          4          0          0          0          0   entry2.o
         4          0          0          0          0          0   entry5.o
         0          0          0          0          0          0   entry7b.o
         0          0          0          0          0          0   entry8b.o
         8          4          0          0          0          0   entry9a.o
        12          6          0          4          0         60   errno.o
        30          0          0          0          0          0   handlers.o
        40          0          0          0          0         72   idiv.o
        36          8          0          0          0         68   init.o
         0          0          0          0          0          0   iusefp.o
        32          0          0          0          0         68   llshl.o
        38          0          0          0          0         68   llsshr.o
        34          0          0          0          0         68   llushr.o
        44          0          0          0          0         72   uidiv.o
        20          0          0          0          0         68   cfrcmple.o
        56          0          0          0          0         68   d2f.o
       356          4          0          0          0        140   dadd.o
       240          6          0          0          0         84   ddiv.o
       236          0          0          0          0        216   depilogue.o
        40          6          0          0          0         68   dflti.o
       208          6          0          0          0         88   dmul.o
        44          0          0          0          0         72   dscalb.o
       162          0          0          0          0         80   dsqrt.o
        40          0          0          0          0         60   f2d.o
       178          0          0          0          0        108   fadd.o
       124          0          0          0          0         72   fdiv.o
       130          0          0          0          0        144   fepilogue.o
        40          0          0          0          0         60   ffixui.o
        22          0          0          0          0         68   fflti.o
       122          0          0          0          0         72   fmul.o
        24          0          0          0          0         60   fscalb.o

    ----------------------------------------------------------------------
     11514       1112        160         20          0       6436   Library Totals
        12          0          0          0          0          0   (incl. Padding)

    ----------------------------------------------------------------------

      Code (inc. data)   RO Data    RW Data    ZI Data      Debug   Library Name

      7932        942          0         16          0       3760   TSS_KXX_M0.lib
      1242        126        160          0          0        672   m_ps.l
       286         22          0          4          0        476   mc_p.l
      2042         22          0          0          0       1528   mf_p.l

    ----------------------------------------------------------------------
     11514       1112        160         20          0       6436   Library Totals

    ----------------------------------------------------------------------

==============================================================================


      Code (inc. data)   RO Data    RW Data    ZI Data      Debug   

     23412       1918        672        180       1236     711273   Grand Totals
     23412       1918        672        180       1236     711273   ELF Image Totals
     23412       1918        672        180          0          0   ROM Totals

==============================================================================

    Total RO  Size (Code + RO Data)                24084 (  23.52kB)
    Total RW  Size (RW Data + ZI Data)              1416 (   1.38kB)
    Total ROM Size (Code + RO Data + RW Data)      24264 (  23.70kB)

==============================================================================

