<html>
<body>
<pre>
<h1>µVision Build Log</h1>
<h2>Tool Versions:</h2>
IDE-Version: µVision V5.13.0.0
Copyright (C) 2014 ARM Ltd and ARM Germany GmbH. All rights reserved.
License Information: sridhar srirangam, student, LIC=----
 
Tool Versions:
Toolchain:       MDK-Lite  Version: 5.13.0.0
Toolchain Path:  C:\Keil_v5\ARM\ARMCC\Bin
C Compiler:      Armcc.exe V5.05 update 1 (build 106)
Assembler:       Armasm.exe V5.05 update 1 (build 106)
Linker/Locator:  ArmLink.exe V5.05 update 1 (build 106)
Library Manager: ArmAr.exe V5.05 update 1 (build 106)
Hex Converter:   FromElf.exe V5.05 update 1 (build 106)
CPU DLL:         SARMCM3.DLL V5.13.0.0
Dialog DLL:      DARMCM1.DLL V1.12.0.0
Target DLL:      CMSIS_AGDI.dll V1.20.8.0
Dialog DLL:      TARMCM1.DLL V1.9.0.0
 
<h2>Project:</h2>
C:\Freescale\Freescale_TSS_3_1\examples\FRDMKLXX_DEMO\build\uv4\FRDMKL25Z_DEMO\FRDMKL25Z_DEMO.uvprojx
Project File Date:  01/20/2015

<h2>Output:</h2>
Build target 'FRDMKL25Z_DEMO'
compiling timers.c...
..\..\..\src\frdmkl25z48m\MKL25Z4.h(60): warning:  #47-D: incompatible redefinition of macro "MCU_MEM_MAP_VERSION_MINOR" (declared at line 56 of "..\..\..\src\MKL25Z4s.h")
  #define MCU_MEM_MAP_VERSION_MINOR 0x0001u
..\..\..\src\frdmkl25z48m\MKL25Z4.h(698): warning:  #47-D: incompatible redefinition of macro "CMP_MUXCR_PSTM_MASK" (declared at line 461 of "..\..\..\src\MKL25Z4s.h")
  #define CMP_MUXCR_PSTM_MASK                      0x40u
..\..\..\src\frdmkl25z48m\MKL25Z4.h(699): warning:  #47-D: incompatible redefinition of macro "CMP_MUXCR_PSTM_SHIFT" (declared at line 462 of "..\..\..\src\MKL25Z4s.h")
  #define CMP_MUXCR_PSTM_SHIFT                     6
..\..\..\src\frdmkl25z48m\MKL25Z4.h(1032): warning:  #47-D: incompatible redefinition of macro "DMA_REQC_ARR_DMAC_MASK" (declared at line 4146 of "..\..\..\src\MKL25Z4s.h")
  #define DMA_REQC_ARR_DMAC_MASK                   0xFu
..\..\..\src\frdmkl25z48m\MKL25Z4.h(1033): warning:  #47-D: incompatible redefinition of macro "DMA_REQC_ARR_DMAC_SHIFT" (declared at line 4147 of "..\..\..\src\MKL25Z4s.h")
  #define DMA_REQC_ARR_DMAC_SHIFT                  0
..\..\..\src\frdmkl25z48m\MKL25Z4.h(1034): warning:  #47-D: incompatible redefinition of macro "DMA_REQC_ARR_DMAC" (declared at line 4148 of "..\..\..\src\MKL25Z4s.h")
  #define DMA_REQC_ARR_DMAC(x)                     (((uint8_t)(((uint8_t)(x))<<DMA_REQC_ARR_DMAC_SHIFT))&DMA_REQC_ARR_DMAC_MASK)
..\..\..\src\frdmkl25z48m\MKL25Z4.h(1035): warning:  #47-D: incompatible redefinition of macro "DMA_REQC_ARR_CFSM_MASK" (declared at line 4149 of "..\..\..\src\MKL25Z4s.h")
  #define DMA_REQC_ARR_CFSM_MASK                   0x80u
..\..\..\src\frdmkl25z48m\MKL25Z4.h(1036): warning:  #47-D: incompatible redefinition of macro "DMA_REQC_ARR_CFSM_SHIFT" (declared at line 4150 of "..\..\..\src\MKL25Z4s.h")
  #define DMA_REQC_ARR_CFSM_SHIFT                  7
..\..\..\src\frdmkl25z48m\MKL25Z4.h(1125): warning:  #47-D: incompatible redefinition of macro "DMA_REQC0" (declared at line 4151 of "..\..\..\src\MKL25Z4s.h")
  #define DMA_REQC0                                DMA_REQC_ARR_REG(DMA_BASE_PTR,0)
..\..\..\src\frdmkl25z48m\MKL25Z4.h(1126): warning:  #47-D: incompatible redefinition of macro "DMA_REQC1" (declared at line 4152 of "..\..\..\src\MKL25Z4s.h")
  #define DMA_REQC1                                DMA_REQC_ARR_REG(DMA_BASE_PTR,1)
..\..\..\src\frdmkl25z48m\MKL25Z4.h(1127): warning:  #47-D: incompatible redefinition of macro "DMA_REQC2" (declared at line 4153 of "..\..\..\src\MKL25Z4s.h")
  #define DMA_REQC2                                DMA_REQC_ARR_REG(DMA_BASE_PTR,2)
..\..\..\src\frdmkl25z48m\MKL25Z4.h(1128): warning:  #47-D: incompatible redefinition of macro "DMA_REQC3" (declared at line 4154 of "..\..\..\src\MKL25Z4s.h")
  #define DMA_REQC3                                DMA_REQC_ARR_REG(DMA_BASE_PTR,3)
..\..\..\src\frdmkl25z48m\MKL25Z4.h(2910): warning:  #47-D: incompatible redefinition of macro "MTB_BASE" (declared at line 1875 of "..\..\..\src\MKL25Z4s.h")
  #define MTB_BASE                                 MTB_BASE_REG(MTB_BASE_PTR)
..\..\..\src\frdmkl25z48m\MKL25Z4.h(3259): warning:  #47-D: incompatible redefinition of macro "NV_FOPT_EZPORT_DIS_MASK" (declared at line 4313 of "..\..\..\src\MKL25Z4s.h")
  #define NV_FOPT_EZPORT_DIS_MASK                  0x2u
..\..\..\src\frdmkl25z48m\MKL25Z4.h(3260): warning:  #47-D: incompatible redefinition of macro "NV_FOPT_EZPORT_DIS_SHIFT" (declared at line 4314 of "..\..\..\src\MKL25Z4s.h")
  #define NV_FOPT_EZPORT_DIS_SHIFT                 1
..\..\..\src\frdmkl25z48m\MKL25Z4.h(5090): warning:  #47-D: incompatible redefinition of macro "SIM_FCFG2_MAXADDR_MASK" (declared at line 4157 of "..\..\..\src\MKL25Z4s.h")
  #define SIM_FCFG2_MAXADDR_MASK                   0x7F000000u
..\..\..\src\frdmkl25z48m\MKL25Z4.h(5091): warning:  #47-D: incompatible redefinition of macro "SIM_FCFG2_MAXADDR_SHIFT" (declared at line 4158 of "..\..\..\src\MKL25Z4s.h")
  #define SIM_FCFG2_MAXADDR_SHIFT                  24
..\..\..\src\frdmkl25z48m\MKL25Z4.h(5092): warning:  #47-D: incompatible redefinition of macro "SIM_FCFG2_MAXADDR" (declared at line 4159 of "..\..\..\src\MKL25Z4s.h")
  #define SIM_FCFG2_MAXADDR(x)                     (((uint32_t)(((uint32_t)(x))<<SIM_FCFG2_MAXADDR_SHIFT))&SIM_FCFG2_MAXADDR_MASK)
..\..\..\src\frdmkl25z48m\MKL25Z4.h(5369): warning:  #47-D: incompatible redefinition of macro "SPI_C2_SPLPIE_MASK" (declared at line 4160 of "..\..\..\src\MKL25Z4s.h")
  #define SPI_C2_SPLPIE_MASK                       0x40u
..\..\..\src\frdmkl25z48m\MKL25Z4.h(5370): warning:  #47-D: incompatible redefinition of macro "SPI_C2_SPLPIE_SHIFT" (declared at line 4161 of "..\..\..\src\MKL25Z4s.h")
  #define SPI_C2_SPLPIE_SHIFT                      6
..\..\..\src\frdmkl25z48m\MKL25Z4.h(6083): warning:  #47-D: incompatible redefinition of macro "UART_C4_LBKDDMAS_MASK" (declared at line 4162 of "..\..\..\src\MKL25Z4s.h")
  #define UART_C4_LBKDDMAS_MASK                    0x8u
..\..\..\src\frdmkl25z48m\MKL25Z4.h(6084): warning:  #47-D: incompatible redefinition of macro "UART_C4_LBKDDMAS_SHIFT" (declared at line 4163 of "..\..\..\src\MKL25Z4s.h")
  #define UART_C4_LBKDDMAS_SHIFT                   3
..\..\..\src\frdmkl25z48m\MKL25Z4.h(6085): warning:  #47-D: incompatible redefinition of macro "UART_C4_ILDMAS_MASK" (declared at line 4164 of "..\..\..\src\MKL25Z4s.h")
  #define UART_C4_ILDMAS_MASK                      0x10u
..\..\..\src\frdmkl25z48m\MKL25Z4.h(6086): warning:  #47-D: incompatible redefinition of macro "UART_C4_ILDMAS_SHIFT" (declared at line 4165 of "..\..\..\src\MKL25Z4s.h")
  #define UART_C4_ILDMAS_SHIFT                     4
..\..\..\src\frdmkl25z48m\MKL25Z4.h(6089): warning:  #47-D: incompatible redefinition of macro "UART_C4_TCDMAS_MASK" (declared at line 4166 of "..\..\..\src\MKL25Z4s.h")
  #define UART_C4_TCDMAS_MASK                      0x40u
..\..\..\src\frdmkl25z48m\MKL25Z4.h(6090): warning:  #47-D: incompatible redefinition of macro "UART_C4_TCDMAS_SHIFT" (declared at line 4167 of "..\..\..\src\MKL25Z4s.h")
  #define UART_C4_TCDMAS_SHIFT                     6
..\..\..\src\timers.c: 26 warnings, 0 errors
linking...
Program Size: Code=23412 RO-data=672 RW-data=180 ZI-data=1236  
".\FRDMKL25Z48M_DEMO\TWRKL25Z48M_DEMO.axf" - 0 Error(s), 26 Warning(s).

<h2>Collection of Component include folders:</h2>
  C:\Freescale\Freescale_TSS_3_1\examples\FRDMKLXX_DEMO\build\uv4\FRDMKL25Z_DEMO\RTE
  C:\Keil_v5\ARM\PACK\Keil\Kinetis_KLxx_DFP\1.4.0\Device\Include

<h2>Collection of Component Files used:</h2>
</pre>
</body>
</html>
