<html>
<body>
<pre>
<h1>µVision Build Log</h1>
<h2>Tool Versions:</h2>
IDE-Version: µVision V5.13.0.0
Copyright (C) 2014 ARM Ltd and ARM Germany GmbH. All rights reserved.
License Information: sridhar srirangam, student, LIC=----
 
Tool Versions:
Toolchain:       MDK-Lite  Version: 5.13.0.0
Toolchain Path:  C:\Keil_v5\ARM\ARMCC\Bin
C Compiler:      Armcc.exe V5.05 update 1 (build 106)
Assembler:       Armasm.exe V5.05 update 1 (build 106)
Linker/Locator:  ArmLink.exe V5.05 update 1 (build 106)
Library Manager: ArmAr.exe V5.05 update 1 (build 106)
Hex Converter:   FromElf.exe V5.05 update 1 (build 106)
CPU DLL:         SARMCM3.DLL V5.13.0.0
Dialog DLL:      DARMCM1.DLL V1.12.0.0
Target DLL:      CMSIS_AGDI.dll V1.20.8.0
Dialog DLL:      TARMCM1.DLL V1.9.0.0
 
<h2>Project:</h2>
C:\Freescale\Freescale_TSS_3_1\examples\FRDMKLXX_DEMO\build\uv4\FRDMKL25Z_DEMO\FRDMKL25Z_DEMO.uvprojx
Project File Date:  01/20/2015

<h2>Output:</h2>
Build target 'FRDMKL25Z_DEMO'
compiling events.c...
linking...
Program Size: Code=19280 RO-data=512 RW-data=148 ZI-data=1236  
".\FRDMKL25Z48M_DEMO\TWRKL25Z48M_DEMO.axf" - 0 Error(s), 0 Warning(s).

<h2>Collection of Component include folders:</h2>
  C:\Freescale\Freescale_TSS_3_1\examples\FRDMKLXX_DEMO\build\uv4\FRDMKL25Z_DEMO\RTE
  C:\Keil_v5\ARM\PACK\Keil\Kinetis_KLxx_DFP\1.4.0\Device\Include

<h2>Collection of Component Files used:</h2>
</pre>
</body>
</html>
